 ConEmu

 Timestamp is 64bdb321 (Mon Jul 24 01:09:21 2023)

 Preferred load address is 10000000

 Start         Length     Name                   Class
 0001:00000000 00000010H .text$di                CODE
 0001:00000010 00028474H .text$mn                CODE
 0001:00028484 00000800H .text$x                 CODE
 0001:00028c84 0000000aH .text$yd                CODE
 0002:00000000 00000338H .idata$5                DATA
 0002:00000338 00000008H .00cfg                  DATA
 0002:00000340 00000004H .CRT$XCA                DATA
 0002:00000344 00000004H .CRT$XCU                DATA
 0002:00000348 00000004H .CRT$XCZ                DATA
 0002:0000034c 00000004H .CRT$XIA                DATA
 0002:00000350 00000010H .CRT$XIC                DATA
 0002:00000360 00000004H .CRT$XIZ                DATA
 0002:00000364 00000004H .CRT$XLA                DATA
 0002:00000368 00000004H .CRT$XLZ                DATA
 0002:0000036c 00000004H .CRT$XPA                DATA
 0002:00000370 00000008H .CRT$XPX                DATA
 0002:00000378 00000004H .CRT$XPXA               DATA
 0002:0000037c 00000004H .CRT$XPZ                DATA
 0002:00000380 00000004H .CRT$XTA                DATA
 0002:00000384 0000000cH .CRT$XTZ                DATA
 0002:00000388 00000000H .gfids$x                DATA
 0002:00000388 00000000H .gfids$y                DATA
 0002:00000390 000098f0H .rdata                  DATA
 0002:00009c80 00000000H .rdata$CastGuardVftablesA DATA
 0002:00009c80 00000000H .rdata$CastGuardVftablesC DATA
 0002:00009c80 00000018H .rdata$T                DATA
 0002:00009c98 000005b0H .rdata$r                DATA
 0002:0000a248 000000acH .rdata$sxdata           DATA
 0002:0000a2f4 00000068H .rdata$voltmd           DATA
 0002:0000a35c 000003dcH .rdata$zzzdbg           DATA
 0002:0000a738 00000004H .rtc$IAA                DATA
 0002:0000a73c 00000004H .rtc$IZZ                DATA
 0002:0000a740 00000004H .rtc$TAA                DATA
 0002:0000a744 00000004H .rtc$TZZ                DATA
 0002:0000a748 00000004H .tls                    DATA
 0002:0000a74c 00000004H .tls$                   DATA
 0002:0000a750 00000008H .tls$ZZZ                DATA
 0002:0000a758 00000d38H .xdata$x                DATA
 0002:0000b490 000002e0H .edata                  DATA
 0002:0000b770 00000064H .idata$2                DATA
 0002:0000b7d4 00000014H .idata$3                DATA
 0002:0000b7e8 00000338H .idata$4                DATA
 0002:0000bb20 00000e9eH .idata$6                DATA
 0003:00000000 00000990H .data                   DATA
 0003:00000990 00000148H .data$r                 DATA
 0003:00000ad8 00000238H .data$rs                DATA
 0003:00000d10 0000a250H .bss                    DATA
 0004:00000000 000000a0H .rsrc$01                DATA
 0004:000000a0 00000488H .rsrc$02                DATA

  Address         Publics by Value              Rva+Base       Lib:Object

 0000:00000000       ___guard_longjmp_table     00000000     <absolute>
 0000:00000000       ___arm64x_redirection_metadata 00000000     <absolute>
 0000:00000000       ___guard_iat_table         00000000     <absolute>
 0000:00000000       ___arm64x_native_entrypoint 00000000     <absolute>
 0000:00000000       ___guard_eh_cont_count     00000000     <absolute>
 0000:00000000       ___hybrid_code_map_count   00000000     <absolute>
 0000:00000000       ___x64_code_ranges_to_entry_points_count 00000000     <absolute>
 0000:00000000       ___x64_code_ranges_to_entry_points 00000000     <absolute>
 0000:00000000       ___guard_fids_count        00000000     <absolute>
 0000:00000000       ___arm64x_extra_rfe_table  00000000     <absolute>
 0000:00000000       __except_list              00000000     <absolute>
 0000:00000000       ___guard_longjmp_count     00000000     <absolute>
 0000:00000000       ___hybrid_code_map         00000000     <absolute>
 0000:00000000       ___arm64x_extra_rfe_table_size 00000000     <absolute>
 0000:00000000       ___guard_check_icall_a64n_fptr 00000000     <absolute>
 0000:00000000       ___arm64x_redirection_metadata_count 00000000     <absolute>
 0000:00000000       ___hybrid_auxiliary_iat    00000000     <absolute>
 0000:00000000       ___dynamic_value_reloc_table 00000000     <absolute>
 0000:00000000       ___guard_eh_cont_table     00000000     <absolute>
 0000:00000000       ___enclave_config          00000000     <absolute>
 0000:00000000       ___guard_fids_table        00000000     <absolute>
 0000:00000000       ___AbsoluteZero            00000000     <absolute>
 0000:00000000       ___guard_iat_count         00000000     <absolute>
 0000:00000000       ___hybrid_auxiliary_iat_copy 00000000     <absolute>
 0000:0000002b       ___safe_se_handler_count   0000002b     <absolute>
 0000:0000002c       __tls_array                0000002c     <absolute>
 0000:00000100       ___guard_flags             00000100     <absolute>
 0000:00000000       ___ImageBase               10000000     <linker-defined>
 0001:00000010       ??$swprintf_c@$0EA@@@YAHAAY0EA@_WPB_WZZ 10001010 f i ConEmuInjects.obj
 0001:00000026       ??$swprintf_c@$0IA@@@YAHAAY0IA@_WPB_WZZ 10001026 f i ConEmuInjects.obj
 0001:0000003f       ??$swprintf_c@$0PP@@@YAHAAY0PP@_WPB_WZZ 1000103f f i ConEmuInjects.obj
 0001:00000058       ?ShutdownHooks@@YAXXZ      10001058 f   ConEmuInjects.obj
 0001:00000189       ?StartupConsoleHooks@@YAXXZ 10001189 f   ConEmuInjects.obj
 0001:000001f2       ?StartupHooks@@YA_NPAUHINSTANCE__@@@Z 100011f2 f   ConEmuInjects.obj
 0001:000004e0       ?StringCchVPrintfW@@YGJPA_WIPB_WPAD@Z 100014e0 f i ConEmuInjects.obj
 0001:00000533       ___local_stdio_printf_options 10001533 f i ConEmuInjects.obj
 0001:00000539       __vsnwprintf_l             10001539 f i ConEmuInjects.obj
 0001:0000056b       ?ProcessSynchroEventW3@@YGHPAX@Z 1000156b f   ConEmuPlugin.obj
 0001:0000057b       ?ProcessEditorEventW3@@YGHPAX@Z 1000157b f   ConEmuPlugin.obj
 0001:0000058b       ?ProcessViewerEventW3@@YGHPAX@Z 1000158b f   ConEmuPlugin.obj
 0001:0000059b       ?ExitFARW3@@YGXPAX@Z       1000159b f   ConEmuPlugin.obj
 0001:000005dd       _ExitFARW@0                100015dd f   ConEmuPlugin.obj
 0001:0000061d       ?ProcessEditorEvent@@YGHHPAX@Z 1000161d f   ConEmuPlugin.obj
 0001:0000061d       _ProcessEditorEventW@8     1000161d f   ConEmuPlugin.obj
 0001:00000635       _ProcessSynchroEventW@8    10001635 f   ConEmuPlugin.obj
 0001:0000064e       ?ProcessViewerEvent@@YGHHPAX@Z 1000164e f   ConEmuPlugin.obj
 0001:0000064e       _ProcessViewerEventW@8     1000164e f   ConEmuPlugin.obj
 0001:00000666       ?ActivateConsole@@YGHXZ    10001666 f   ConEmuPlugin.obj
 0001:00000812       ?ExitFAR@@YGXXZ            10001812 f   ConEmuPlugin.obj
 0001:00000852       ?GetFarHWND2@@YGPAUHWND__@@H@Z 10001852 f   ConEmuPlugin.obj
 0001:000008b3       ?GetFarHWND@@YGPAUHWND__@@XZ 100018b3 f   ConEmuPlugin.obj
 0001:000008bb       ?GetFarVersion@@YGXPAUFarVersion@@@Z 100018bb f   ConEmuPlugin.obj
 0001:000008d5       ?GetMinFarVersion@@YGHXZ   100018d5 f   ConEmuPlugin.obj
 0001:000008f9       ?GetPluginInfo@@YGXPAX@Z   100018f9 f   ConEmuPlugin.obj
 0001:0000092d       ?GetPluginInfoW@@YGXPAX@Z  1000192d f   ConEmuPlugin.obj
 0001:0000093d       ?IsConsoleActive@@YGHXZ    1000193d f   ConEmuPlugin.obj
 0001:0000097c       ?IsTerminalMode@@YGHXZ     1000197c f   ConEmuPlugin.obj
 0001:00000982       ?OpenPlugin@@YGPAXHH@Z     10001982 f   ConEmuPlugin.obj
 0001:0000099d       ?OpenW@@YGPAXPBX@Z         1000199d f   ConEmuPlugin.obj
 0001:000009ad       ?ProcessEditorInput@@YGHPBU_INPUT_RECORD@@@Z 100019ad f   ConEmuPlugin.obj
 0001:000009c5       ?RegisterBackground@@YGHPAURegisterBackgroundArg@@@Z 100019c5 f   ConEmuPlugin.obj
 0001:00000a34       ?RegisterPanelView@@YGHPAUPanelViewInit@@@Z 10001a34 f   ConEmuPlugin.obj
 0001:00000b64       ?SetStartupInfo@@YGXPAX@Z  10001b64 f   ConEmuPlugin.obj
 0001:00000baa       ?SetupExportsFar3@@YAXXZ   10001baa f   ConEmuPlugin.obj
 0001:00000bbd       ?SyncExecute@@YGHPAUHINSTANCE__@@P6GXJ@ZJ@Z 10001bbd f   ConEmuPlugin.obj
 0001:00000bfb       _DllMain@12                10001bfb f   ConEmuPlugin.obj
 0001:00000c22       _GetMinFarVersionW@0       10001c22 f   ConEmuPlugin.obj
 0001:00000c28       _OpenPluginW@8             10001c28 f   ConEmuPlugin.obj
 0001:00000c55       _ProcessEditorInputW@4     10001c55 f   ConEmuPlugin.obj
 0001:00000c65       _SetStartupInfoW@4         10001c65 f   ConEmuPlugin.obj
 0001:00000c87       ??0CPluginW1900@@QAE@XZ    10001c87 f   ConEmuPlugin1900.obj
 0001:00000e10       ??_GCPluginW1900@@UAEPAXI@Z 10001e10 f i ConEmuPlugin1900.obj
 0001:00000e10       ??_ECPluginW1900@@UAEPAXI@Z 10001e10 f i ConEmuPlugin1900.obj
 0001:0000118d       ?CheckPanelExist@CPluginW1900@@UAE_NXZ 1000218d f   ConEmuPlugin1900.obj
 0001:000011b0       ?Color2BgIndex@Far3Color@@SAXKHAAGPBK@Z 100021b0 f i ConEmuPlugin1900.obj
 0001:00001288       ?Color2FgIndex@Far3Color@@SAXKAAGPBK@Z 10002288 f i ConEmuPlugin1900.obj
 0001:00001342       ?ExecuteSynchroApi@CPluginW1900@@UAE_NXZ 10002342 f   ConEmuPlugin1900.obj
 0001:00001365       ?ExitFar@CPluginW1900@@UAEXXZ 10002365 f   ConEmuPlugin1900.obj
 0001:000013cc       ?FarColor_3_2@@YAEABUFarColor@@_N@Z 100023cc f i ConEmuPlugin1900.obj
 0001:00001470       ?GetActiveWindowType@CPluginW1900@@UAEHXZ 10002470 f   ConEmuPlugin1900.obj
 0001:000014e9       ?GetEditorModifiedState@CPluginW1900@@UAEKXZ 100024e9 f   ConEmuPlugin1900.obj
 0001:00001525       ?GetFarRect@CPluginW1900@@UAE_NAAU_SMALL_RECT@@@Z 10002525 f   ConEmuPlugin1900.obj
 0001:000015b2       ?GetMacroArea@CPluginW1900@@UAEHXZ 100025b2 f   ConEmuPlugin1900.obj
 0001:000015c6       ?GetMsg@CPluginW1900@@UAEPB_WHPA_WI@Z 100025c6 f   ConEmuPlugin1900.obj
 0001:0000160f       ?GetPanelDir@CPluginW1900@@UAEPA_WKPA_WH@Z 1000260f f   ConEmuPlugin1900.obj
 0001:00001727       ?GetPanelInfo@CPluginW1900@@UAE_NKPAUCEPanelInfo@@@Z 10002727 f   ConEmuPlugin1900.obj
 0001:00001986       ?GetPanelItemInfo@CPluginW1900@@UAE_NABUCEPanelInfo@@_NHAAU_WIN32_FIND_DATAW@@PAPA_W@Z 10002986 f   ConEmuPlugin1900.obj
 0001:00001b00       ?GetPluginInfoPtr@CPluginW1900@@UAEXPAX@Z 10002b00 f   ConEmuPlugin1900.obj
 0001:00001b49       ?GetStdIndex@Far3Color@@SAHKPBK@Z 10002b49 f i ConEmuPlugin1900.obj
 0001:00001b6e       ?GetWindowCount@CPluginW1900@@UAEHXZ 10002b6e f   ConEmuPlugin1900.obj
 0001:00001b8f       ?GetWindowTypeName@CPluginW2800@@UAEPB_WH@Z 10002b8f f   ConEmuPlugin2800.obj
 0001:00001b8f       ?GetWindowTypeName@CPluginW1900@@UAEPB_WH@Z 10002b8f f   ConEmuPlugin1900.obj
 0001:00001b8f       ?GetWindowTypeName@CPluginW995@@UAEPB_WH@Z 10002b8f f   ConEmuPlugin995.obj
 0001:00001b8f       ?GetWindowTypeName@CPluginAnsi@@UAEPB_WH@Z 10002b8f f   ConEmuPluginA.obj
 0001:00001be6       ?GuiMacroDlg@CPluginW1900@@UAEXXZ 10002be6 f   ConEmuPlugin1900.obj
 0001:00001beb       ?InputBox@CPluginW1900@@UAE_NPB_W000AAPA_W@Z 10002beb f   ConEmuPlugin1900.obj
 0001:00001c83       ?IsMacroActive@CPluginW1900@@UAE_NXZ 10002c83 f   ConEmuPlugin1900.obj
 0001:00001cad       ?LoadFarColors@CPluginW1900@@UAEXAAY0BAA@E@Z 10002cad f   ConEmuPlugin1900.obj
 0001:00001e04       ?LoadFarSettings@CPluginW1900@@UAEXPAUCEFarInterfaceSettings@@PAUCEFarPanelSettings@@@Z 10002e04 f   ConEmuPlugin1900.obj
 0001:00001f12       ?Open@CPluginW1900@@UAEPAXPBX@Z 10002f12 f   ConEmuPlugin1900.obj
 0001:00001fe3       ?OpenEditor@CPluginW1900@@UAE_NPB_W_N11HH@Z 10002fe3 f   ConEmuPlugin1900.obj
 0001:00002084       ?PanelControlApi@CPluginW1900@@UAEHPAXHH0@Z 10003084 f   ConEmuPlugin1900.obj
 0001:000020a1       ?PostMacroApi@CPluginW1900@@UAEXPB_WPAU_INPUT_RECORD@@_N@Z 100030a1 f   ConEmuPlugin1900.obj
 0001:000025b6       ?ProcessEditorEventPtr@CPluginW1900@@UAEHPAX@Z 100035b6 f   ConEmuPlugin1900.obj
 0001:000025b6       ?ProcessEditorEventPtr@CPluginW2800@@UAEHPAX@Z 100035b6 f   ConEmuPlugin2800.obj
 0001:000025ca       ?ProcessEditorInputPtr@CPluginW1900@@UAEHPBX@Z 100035ca f   ConEmuPlugin1900.obj
 0001:000025e8       ?ProcessSynchroEventPtr@CPluginW1900@@UAEHPAX@Z 100035e8 f   ConEmuPlugin1900.obj
 0001:000025e8       ?ProcessSynchroEventPtr@CPluginW2800@@UAEHPAX@Z 100035e8 f   ConEmuPlugin2800.obj
 0001:00002604       ?ProcessViewerEventPtr@CPluginW1900@@UAEHPAX@Z 10003604 f   ConEmuPlugin1900.obj
 0001:00002604       ?ProcessViewerEventPtr@CPluginW2800@@UAEHPAX@Z 10003604 f   ConEmuPlugin2800.obj
 0001:00002618       ?RedrawAll@CPluginW1900@@UAEXXZ 10003618 f   ConEmuPlugin1900.obj
 0001:00002639       ?SetStartupInfoPtr@CPluginW1900@@UAEXPAX@Z 10003639 f   ConEmuPlugin1900.obj
 0001:0000273c       ?SetWindow@CPluginW1900@@UAEXH@Z 1000373c f   ConEmuPlugin1900.obj
 0001:00002777       ?ShowMessage@CPluginW1900@@UAEHPB_WH_N@Z 10003777 f   ConEmuPlugin1900.obj
 0001:000027dc       ?ShowPluginMenu@CPluginW1900@@UAEHPAUConEmuPluginMenuItem@@HH@Z 100037dc f   ConEmuPlugin1900.obj
 0001:0000291c       ?ShowUserScreen@CPluginW1900@@UAEX_N@Z 1000391c f   ConEmuPlugin1900.obj
 0001:00002941       ?PlugServerInit@@YAXXZ     10003941 f   PluginSrv.obj
 0001:00002941       ?StopWaitEndSynchro@CPluginW2800@@UAEXXZ 10003941 f   ConEmuPlugin2800.obj
 0001:00002941       ?StopWaitEndSynchro@CPluginAnsi@@UAEXXZ 10003941 f   ConEmuPluginA.obj
 0001:00002941       ?WaitEndSynchro@CPluginW2800@@UAEXXZ 10003941 f   ConEmuPlugin2800.obj
 0001:00002941       ?WaitEndSynchro@CPluginW1900@@UAEXXZ 10003941 f   ConEmuPlugin1900.obj
 0001:00002941       ?_Doraise@exception@stdext@@MBEXXZ 10003941 f   common-kernel32:CEStr.obj
 0001:00002941       ?StopWaitEndSynchro@CPluginW1900@@UAEXXZ 10003941 f   ConEmuPlugin1900.obj
 0001:00002941       ?ShutdownPluginStep@CPluginBase@@SAXPB_WHHHH@Z 10003941 f   ConEmuPluginBase.obj
 0001:00002941       @_guard_check_icall_nop@4  10003941 f   LIBCMT:guard_support.obj
 0001:00002941       ?WaitEndSynchro@CPluginAnsi@@UAEXXZ 10003941 f   ConEmuPluginA.obj
 0001:00002944       ?UpdateConEmuTabsApi@CPluginW1900@@UAE_NH@Z 10003944 f   ConEmuPlugin1900.obj
 0001:00002dba       ??$_Emplace_reallocate@ABUWindowInfo@@@?$vector@UWindowInfo@@V?$MArrayAllocator@UWindowInfo@@@@@std@@QAEPAUWindowInfo@@QAU2@ABU2@@Z 10003dba f i ConEmuPlugin2800.obj
 0001:00002e63       ??$_Uninitialized_fill_n@V?$MArrayAllocator@UWindowInfo@@@@@std@@YAPAUWindowInfo@@PAU1@IABU1@AAV?$MArrayAllocator@UWindowInfo@@@@@Z 10003e63 f i ConEmuPlugin2800.obj
 0001:00002e88       ??$_Uninitialized_move@PAUWindowInfo@@V?$MArrayAllocator@UWindowInfo@@@@@std@@YAPAUWindowInfo@@QAU1@0PAU1@AAV?$MArrayAllocator@UWindowInfo@@@@@Z 10003e88 f i ConEmuPlugin2800.obj
 0001:00002eb2       ??$emplace_back@ABUWindowInfo@@@?$vector@UWindowInfo@@V?$MArrayAllocator@UWindowInfo@@@@@std@@QAE?A_TABUWindowInfo@@@Z 10003eb2 f i ConEmuPlugin2800.obj
 0001:00002ee0       ??$fill@PAUWindowInfo@@U1@@std@@YAXQAUWindowInfo@@0ABU1@@Z 10003ee0 f i ConEmuPlugin2800.obj
 0001:00002f03       ??0CPluginW2800@@QAE@XZ    10003f03 f   ConEmuPlugin2800.obj
 0001:0000308c       ??0bad_alloc@std@@QAE@ABV01@@Z 1000408c f i ConEmuPlugin2800.obj
 0001:000030a7       ??0bad_alloc@std@@QAE@XZ   100040a7 f i ConEmuPlugin2800.obj
 0001:000030bf       ??0exception@std@@QAE@ABV01@@Z 100040bf f i ConEmuPlugin2800.obj
 0001:000030eb       ??1?$MArray@UWindowInfo@@@@QAE@XZ 100040eb f i ConEmuPlugin2800.obj
 0001:000030f0       ??1bad_function_call@std@@UAE@XZ 100040f0 f i libcpmt:xthrow.obj
 0001:000030f0       ??1length_error@std@@UAE@XZ 100040f0 f i libcpmt:xthrow.obj
 0001:000030f0       ??1bad_exception@std@@UAE@XZ 100040f0 f i libvcruntime:frame.obj
 0001:000030f0       ??1bad_alloc@std@@UAE@XZ   100040f0 f i ConEmuPlugin2800.obj
 0001:00003101       ??_GCPluginW2800@@UAEPAXI@Z 10004101 f i ConEmuPlugin2800.obj
 0001:00003101       ??_ECPluginW2800@@UAEPAXI@Z 10004101 f i ConEmuPlugin2800.obj
 0001:0000312c       ??_Ebad_exception@std@@UAEPAXI@Z 1000412c f i libvcruntime:frame.obj
 0001:0000312c       ??_Elogic_error@std@@UAEPAXI@Z 1000412c f i libcpmt:xthrow.obj
 0001:0000312c       ??_Ebad_function_call@std@@UAEPAXI@Z 1000412c f i libcpmt:xthrow.obj
 0001:0000312c       ??_Gbad_exception@std@@UAEPAXI@Z 1000412c f i libvcruntime:frame.obj
 0001:0000312c       ??_Elength_error@std@@UAEPAXI@Z 1000412c f i libcpmt:xthrow.obj
 0001:0000312c       ??_Glength_error@std@@UAEPAXI@Z 1000412c f i libcpmt:xthrow.obj
 0001:0000312c       ??_Gbad_alloc@std@@UAEPAXI@Z 1000412c f i ConEmuPlugin2800.obj
 0001:0000312c       ??_Eexception@std@@UAEPAXI@Z 1000412c f i ConEmuPlugin2800.obj
 0001:0000312c       ??_Gbad_function_call@std@@UAEPAXI@Z 1000412c f i libcpmt:xthrow.obj
 0001:0000312c       ??_Ebad_alloc@std@@UAEPAXI@Z 1000412c f i ConEmuPlugin2800.obj
 0001:0000312c       ??_Gexception@std@@UAEPAXI@Z 1000412c f i ConEmuPlugin2800.obj
 0001:0000312c       ??_Glogic_error@std@@UAEPAXI@Z 1000412c f i libcpmt:xthrow.obj
 0001:000034c2       ?CheckPanelExist@CPluginW2800@@UAE_NXZ 100044c2 f   ConEmuPlugin2800.obj
 0001:000034e5       ?ExecuteSynchroApi@CPluginW2800@@UAE_NXZ 100044e5 f   ConEmuPlugin2800.obj
 0001:00003508       ?ExitFar@CPluginW2800@@UAEXXZ 10004508 f   ConEmuPlugin2800.obj
 0001:00003582       ?GetActiveWindowType@CPluginW2800@@UAEHXZ 10004582 f   ConEmuPlugin2800.obj
 0001:00003601       ?GetEditorModifiedState@CPluginW2800@@UAEKXZ 10004601 f   ConEmuPlugin2800.obj
 0001:0000363d       ?GetFarRect@CPluginW2800@@UAE_NAAU_SMALL_RECT@@@Z 1000463d f   ConEmuPlugin2800.obj
 0001:000036cd       ?GetMacroArea@CPluginW2800@@UAEHXZ 100046cd f   ConEmuPlugin2800.obj
 0001:000036e1       ?GetMsg@CPluginW2800@@UAEPB_WHPA_WI@Z 100046e1 f   ConEmuPlugin2800.obj
 0001:0000372a       ?GetPanelDir@CPluginW2800@@UAEPA_WKPA_WH@Z 1000472a f   ConEmuPlugin2800.obj
 0001:00003842       ?GetPanelInfo@CPluginW2800@@UAE_NKPAUCEPanelInfo@@@Z 10004842 f   ConEmuPlugin2800.obj
 0001:00003aa1       ?GetPanelItemInfo@CPluginW2800@@UAE_NABUCEPanelInfo@@_NHAAU_WIN32_FIND_DATAW@@PAPA_W@Z 10004aa1 f   ConEmuPlugin2800.obj
 0001:00003c24       ?GetPluginInfoPtr@CPluginW2800@@UAEXPAX@Z 10004c24 f   ConEmuPlugin2800.obj
 0001:00003c6d       ?GetWindowCount@CPluginW2800@@UAEHXZ 10004c6d f   ConEmuPlugin2800.obj
 0001:00003c8e       ?GuiMacroDlg@CPluginW2800@@UAEXXZ 10004c8e f   ConEmuPlugin2800.obj
 0001:00003c93       ?InputBox@CPluginW2800@@UAE_NPB_W000AAPA_W@Z 10004c93 f   ConEmuPlugin2800.obj
 0001:00003d2b       ?IsMacroActive@CPluginW2800@@UAE_NXZ 10004d2b f   ConEmuPlugin2800.obj
 0001:00003d55       ?LoadFarColors@CPluginW2800@@UAEXAAY0BAA@E@Z 10004d55 f   ConEmuPlugin2800.obj
 0001:00003eac       ?LoadFarSettings@CPluginW2800@@UAEXPAUCEFarInterfaceSettings@@PAUCEFarPanelSettings@@@Z 10004eac f   ConEmuPlugin2800.obj
 0001:00003fb4       ?Open@CPluginW2800@@UAEPAXPBX@Z 10004fb4 f   ConEmuPlugin2800.obj
 0001:000040fb       ?OpenEditor@CPluginW2800@@UAE_NPB_W_N11HH@Z 100050fb f   ConEmuPlugin2800.obj
 0001:0000419c       ?PanelControlApi@CPluginW2800@@UAEHPAXHH0@Z 1000519c f   ConEmuPlugin2800.obj
 0001:000041b9       ?PostMacroApi@CPluginW2800@@UAEXPB_WPAU_INPUT_RECORD@@_N@Z 100051b9 f   ConEmuPlugin2800.obj
 0001:00004453       ?ProcessEditorInputPtr@CPluginW2800@@UAEHPBX@Z 10005453 f   ConEmuPlugin2800.obj
 0001:00004471       ?RedrawAll@CPluginW2800@@UAEXXZ 10005471 f   ConEmuPlugin2800.obj
 0001:00004492       ?SetStartupInfoPtr@CPluginW2800@@UAEXPAX@Z 10005492 f   ConEmuPlugin2800.obj
 0001:00004595       ?SetWindow@CPluginW2800@@UAEXH@Z 10005595 f   ConEmuPlugin2800.obj
 0001:00004686       ?ShowMessage@CPluginW2800@@UAEHPB_WH_N@Z 10005686 f   ConEmuPlugin2800.obj
 0001:000046eb       ?ShowPluginMenu@CPluginW2800@@UAEHPAUConEmuPluginMenuItem@@HH@Z 100056eb f   ConEmuPlugin2800.obj
 0001:0000482b       ?ShowUserScreen@CPluginW2800@@UAEX_N@Z 1000582b f   ConEmuPlugin2800.obj
 0001:00004850       ?UpdateConEmuTabsApi@CPluginW2800@@UAE_NH@Z 10005850 f   ConEmuPlugin2800.obj
 0001:00004efd       ?_Calculate_growth@?$vector@UWindowInfo@@V?$MArrayAllocator@UWindowInfo@@@@@std@@ABEII@Z 10005efd f i ConEmuPlugin2800.obj
 0001:00004f2e       ?_Change_array@?$vector@UWindowInfo@@V?$MArrayAllocator@UWindowInfo@@@@@std@@AAEXQAUWindowInfo@@II@Z 10005f2e f i ConEmuPlugin2800.obj
 0001:00004f5d       ?_Tidy@?$vector@UWindowInfo@@V?$MArrayAllocator@UWindowInfo@@@@@std@@AAEXXZ 10005f5d f i ConEmuPlugin2800.obj
 0001:00004fac       ?_Xlength@?$vector@UWindowInfo@@V?$MArrayAllocator@UWindowInfo@@@@@std@@CAXXZ 10005fac f i ConEmuPlugin2800.obj
 0001:00004fac       ?_Xlength@?$vector@UtagPROCESSENTRY32W@@V?$MArrayAllocator@UtagPROCESSENTRY32W@@@@@std@@CAXXZ 10005fac f i common-kernel32:MProcess.obj
 0001:00004fb7       ?allocate@?$MArrayAllocator@UWindowInfo@@@@QAEPAUWindowInfo@@I@Z 10005fb7 f i ConEmuPlugin2800.obj
 0001:00004fe7       ?erase@?$MArray@UWindowInfo@@@@QAEXHH@Z 10005fe7 f i ConEmuPlugin2800.obj
 0001:00005032       ?erase@?$vector@UWindowInfo@@V?$MArrayAllocator@UWindowInfo@@@@@std@@QAE?AV?$_Vector_iterator@V?$_Vector_val@U?$_Simple_types@UWindowInfo@@@std@@@std@@@2@V?$_Vector_const_iterator@V?$_Vector_val@U?$_Simple_types@UWindowInfo@@@std@@@std@@@2@0@Z 10006032 f i ConEmuPlugin2800.obj
 0001:00005067       ?insert@?$MArray@UWindowInfo@@@@QAEHHABUWindowInfo@@H@Z 10006067 f i ConEmuPlugin2800.obj
 0001:000050bf       ?insert@?$vector@UWindowInfo@@V?$MArrayAllocator@UWindowInfo@@@@@std@@QAE?AV?$_Vector_iterator@V?$_Vector_val@U?$_Simple_types@UWindowInfo@@@std@@@std@@@2@V?$_Vector_const_iterator@V?$_Vector_val@U?$_Simple_types@UWindowInfo@@@std@@@std@@@2@IABUWindowInfo@@@Z 100060bf f i ConEmuPlugin2800.obj
 0001:00005266       ?what@exception@std@@UBEPBDXZ 10006266 f i ConEmuPlugin2800.obj
 0001:00005274       _GetGlobalInfoW@4          10006274 f   ConEmuPlugin2800.obj
 0001:000052f2       ??0CPluginW995@@QAE@XZ     100062f2 f   ConEmuPlugin995.obj
 0001:00005476       ??_GCPluginW995@@UAEPAXI@Z 10006476 f i ConEmuPlugin995.obj
 0001:00005476       ??_ECPluginW995@@UAEPAXI@Z 10006476 f i ConEmuPlugin995.obj
 0001:000057cb       ?CheckPanelExist@CPluginW995@@UAE_NXZ 100067cb f   ConEmuPlugin995.obj
 0001:000057ee       ?ExecuteSynchroApi@CPluginW995@@UAE_NXZ 100067ee f   ConEmuPlugin995.obj
 0001:0000580d       ?ExitFar@CPluginW995@@UAEXXZ 1000680d f   ConEmuPlugin995.obj
 0001:00005874       ?GetActiveWindowType@CPluginW995@@UAEHXZ 10006874 f   ConEmuPlugin995.obj
 0001:00005914       ?GetEditorModifiedState@CPluginW995@@UAEKXZ 10006914 f   ConEmuPlugin995.obj
 0001:0000594c       ?GetFarRect@CPluginW995@@UAE_NAAU_SMALL_RECT@@@Z 1000694c f   ConEmuPlugin995.obj
 0001:0000598f       ?GetMacroArea@CPluginW995@@UAEHXZ 1000698f f   ConEmuPlugin995.obj
 0001:000059c7       ?GetMsg@CPluginW995@@UAEPB_WHPA_WI@Z 100069c7 f   ConEmuPlugin995.obj
 0001:00005a0e       ?GetPanelDir@CPluginW995@@UAEPA_WKPA_WH@Z 10006a0e f   ConEmuPlugin995.obj
 0001:00005ad6       ?GetPanelInfo@CPluginW995@@UAE_NKPAUCEPanelInfo@@@Z 10006ad6 f   ConEmuPlugin995.obj
 0001:00005ca5       ?GetPanelItemInfo@CPluginW995@@UAE_NABUCEPanelInfo@@_NHAAU_WIN32_FIND_DATAW@@PAPA_W@Z 10006ca5 f   ConEmuPlugin995.obj
 0001:00005e12       ?GetPluginInfoPtr@CPluginW995@@UAEXPAX@Z 10006e12 f   ConEmuPlugin995.obj
 0001:00005e6b       ?GetWindowCount@CPluginW995@@UAEHXZ 10006e6b f   ConEmuPlugin995.obj
 0001:00005e88       ?GuiMacroDlg@CPluginW995@@UAEXXZ 10006e88 f   ConEmuPlugin995.obj
 0001:00005e8d       ?InputBox@CPluginW995@@UAE_NPB_W000AAPA_W@Z 10006e8d f   ConEmuPlugin995.obj
 0001:00005f19       ?IsMacroActive@CPluginW995@@UAE_NXZ 10006f19 f   ConEmuPlugin995.obj
 0001:00005f68       ?LoadFarColors@CPluginW995@@UAEXAAY0BAA@E@Z 10006f68 f   ConEmuPlugin995.obj
 0001:0000601f       ?LoadFarSettings@CPluginW995@@UAEXPAUCEFarInterfaceSettings@@PAUCEFarPanelSettings@@@Z 1000701f f   ConEmuPlugin995.obj
 0001:00006056       ?Open@CPluginAnsi@@UAEPAXPBX@Z 10007056 f i ConEmuPluginA.obj
 0001:00006056       ?Open@CPluginW995@@UAEPAXPBX@Z 10007056 f i ConEmuPlugin995.obj
 0001:0000605f       ?OpenEditor@CPluginW995@@UAE_NPB_W_N11HH@Z 1000705f f   ConEmuPlugin995.obj
 0001:000060f8       ?PanelControlApi@CPluginW995@@UAEHPAXHH0@Z 100070f8 f   ConEmuPlugin995.obj
 0001:00006115       ?PostMacroApi@CPluginW995@@UAEXPB_WPAU_INPUT_RECORD@@_N@Z 10007115 f   ConEmuPlugin995.obj
 0001:000061c0       ?ProcessSynchroEventPtr@CPluginAnsi@@UAEHPAX@Z 100071c0 f i ConEmuPluginA.obj
 0001:000061c0       ?ProcessEditorInputPtr@CPluginAnsi@@UAEHPBX@Z 100071c0 f i ConEmuPluginA.obj
 0001:000061c0       ?ProcessEditorEventPtr@CPluginAnsi@@UAEHPAX@Z 100071c0 f i ConEmuPluginA.obj
 0001:000061c0       ?ProcessViewerEventPtr@CPluginW995@@UAEHPAX@Z 100071c0 f i ConEmuPlugin995.obj
 0001:000061c0       ?ProcessViewerEventPtr@CPluginAnsi@@UAEHPAX@Z 100071c0 f i ConEmuPluginA.obj
 0001:000061c0       ?ProcessSynchroEventPtr@CPluginW995@@UAEHPAX@Z 100071c0 f i ConEmuPlugin995.obj
 0001:000061c0       ?ProcessEditorEventPtr@CPluginW995@@UAEHPAX@Z 100071c0 f i ConEmuPlugin995.obj
 0001:000061c5       ?ProcessEditorInputPtr@CPluginW995@@UAEHPBX@Z 100071c5 f   ConEmuPlugin995.obj
 0001:000061df       ?RedrawAll@CPluginW995@@UAEXXZ 100071df f   ConEmuPlugin995.obj
 0001:000061fc       ?SetStartupInfoPtr@CPluginW995@@UAEXPAX@Z 100071fc f   ConEmuPlugin995.obj
 0001:00006309       ?SetWindow@CPluginW995@@UAEXH@Z 10007309 f   ConEmuPlugin995.obj
 0001:0000633d       ?ShowMessage@CPluginW995@@UAEHPB_WH_N@Z 1000733d f   ConEmuPlugin995.obj
 0001:00006386       ?ShowPluginMenu@CPluginW995@@UAEHPAUConEmuPluginMenuItem@@HH@Z 10007386 f   ConEmuPlugin995.obj
 0001:0000646b       ?ShowUserScreen@CPluginW995@@UAEX_N@Z 1000746b f   ConEmuPlugin995.obj
 0001:00006490       ?StopWaitEndSynchro@CPluginW995@@UAEXXZ 10007490 f   ConEmuPlugin995.obj
 0001:000064a9       ?UpdateConEmuTabsApi@CPluginW995@@UAE_NH@Z 100074a9 f   ConEmuPlugin995.obj
 0001:000066f0       ?WaitEndSynchro@CPluginW995@@UAEXXZ 100076f0 f   ConEmuPlugin995.obj
 0001:00006801       ??0CPluginAnsi@@QAE@XZ     10007801 f   ConEmuPluginA.obj
 0001:00006955       ??_GCPluginAnsi@@UAEPAXI@Z 10007955 f i ConEmuPluginA.obj
 0001:00006955       ??_ECPluginAnsi@@UAEPAXI@Z 10007955 f i ConEmuPluginA.obj
 0001:00006dc0       ?CheckPanelExist@CPluginAnsi@@UAE_NXZ 10007dc0 f   ConEmuPluginA.obj
 0001:00006de4       ?ExecuteSynchroApi@CPluginAnsi@@UAE_NXZ 10007de4 f i ConEmuPluginA.obj
 0001:00006de7       ?ExitFar@CPluginAnsi@@UAEXXZ 10007de7 f   ConEmuPluginA.obj
 0001:00006e1c       ?GetActiveWindowType@CPluginAnsi@@UAEHXZ 10007e1c f   ConEmuPluginA.obj
 0001:00006e8d       ?GetEditorModifiedState@CPluginAnsi@@UAEKXZ 10007e8d f   ConEmuPluginA.obj
 0001:00006ec8       ?GetFarRect@CPluginAnsi@@UAE_NAAU_SMALL_RECT@@@Z 10007ec8 f i ConEmuPluginA.obj
 0001:00006ecd       ?GetMacroArea@CPluginAnsi@@UAEHXZ 10007ecd f   ConEmuPluginA.obj
 0001:00006ecd       __get_startup_argv_mode    10007ecd f   LIBCMT:argv_mode.obj
 0001:00006ed1       ?GetMsg@CPluginAnsi@@UAEPB_WHPA_WI@Z 10007ed1 f   ConEmuPluginA.obj
 0001:00006f42       ?GetPanelDir@CPluginAnsi@@UAEPA_WKPA_WH@Z 10007f42 f   ConEmuPluginA.obj
 0001:00007004       ?GetPanelInfo@CPluginAnsi@@UAE_NKPAUCEPanelInfo@@@Z 10008004 f   ConEmuPluginA.obj
 0001:000071d8       ?GetPanelItemInfo@CPluginAnsi@@UAE_NABUCEPanelInfo@@_NHAAU_WIN32_FIND_DATAW@@PAPA_W@Z 100081d8 f   ConEmuPluginA.obj
 0001:000072eb       ?GetPluginInfoPtr@CPluginAnsi@@UAEXPAX@Z 100082eb f   ConEmuPluginA.obj
 0001:00007358       ?GetWindowCount@CPluginAnsi@@UAEHXZ 10008358 f   ConEmuPluginA.obj
 0001:0000737b       ?GuiMacroDlg@CPluginAnsi@@UAEXXZ 1000837b f   ConEmuPluginA.obj
 0001:00007380       ?InputBox@CPluginAnsi@@UAE_NPB_W000AAPA_W@Z 10008380 f   ConEmuPluginA.obj
 0001:000074ab       ?IsMacroActive@CPluginAnsi@@UAE_NXZ 100084ab f   ConEmuPluginA.obj
 0001:00007500       ?LoadFarColors@CPluginAnsi@@UAEXAAY0BAA@E@Z 10008500 f   ConEmuPluginA.obj
 0001:000075bd       ?LoadFarSettings@CPluginAnsi@@UAEXPAUCEFarInterfaceSettings@@PAUCEFarPanelSettings@@@Z 100085bd f   ConEmuPluginA.obj
 0001:00007600       ?OpenEditor@CPluginAnsi@@UAE_NPB_W_N11HH@Z 10008600 f   ConEmuPluginA.obj
 0001:000076de       ?PanelControlApi@CPluginAnsi@@UAEHPAXHH0@Z 100086de f   ConEmuPluginA.obj
 0001:00007708       ?PostMacroApi@CPluginAnsi@@UAEXPB_WPAU_INPUT_RECORD@@_N@Z 10008708 f   ConEmuPluginA.obj
 0001:000077a8       ?RedrawAll@CPluginAnsi@@UAEXXZ 100087a8 f   ConEmuPluginA.obj
 0001:000077cb       ?SetStartupInfoPtr@CPluginAnsi@@UAEXPAX@Z 100087cb f   ConEmuPluginA.obj
 0001:000078cc       ?SetWindow@CPluginAnsi@@UAEXH@Z 100088cc f   ConEmuPluginA.obj
 0001:0000790c       ?ShowMessage@CPluginAnsi@@UAEHPB_WH_N@Z 1000890c f   ConEmuPluginA.obj
 0001:00007996       ?ShowPluginMenu@CPluginAnsi@@UAEHPAUConEmuPluginMenuItem@@HH@Z 10008996 f   ConEmuPluginA.obj
 0001:00007abc       ?ShowUserScreen@CPluginAnsi@@UAEX_N@Z 10008abc f   ConEmuPluginA.obj
 0001:00007ae2       ?UpdateConEmuTabsApi@CPluginAnsi@@UAE_NH@Z 10008ae2 f   ConEmuPluginA.obj
 0001:00007d4d       ??$swprintf_c@$0BAE@@@YAHAAY0BAE@_WPB_WZZ 10008d4d f i ConEmuPluginBase.obj
 0001:00007d66       ??$swprintf_c@$0DAM@@@YAHAAY0DAM@_WPB_WZZ 10008d66 f i ConEmuPluginBase.obj
 0001:00007d7f       ??$swprintf_c@$0EAA@@@YAHAAY0EAA@_WPB_WZZ 10008d7f f i ConEmuPluginBase.obj
 0001:00007d98       ??$swprintf_c@$0MI@@@YAHAAY0MI@_WPB_WZZ 10008d98 f i ConEmuPluginBase.obj
 0001:00007db1       ??0?$MFileMapping@UCESERVER_CONSOLE_MAPPING_HDR@@@@QAE@XZ 10008db1 f i ConEmuPluginBase.obj
 0001:00007e0e       ??0CPluginBase@@QAE@XZ     10008e0e f   ConEmuPluginBase.obj
 0001:00007f1f       ??0MWow64Disable@@QAE@XZ   10008f1f f i ConEmuPluginBase.obj
 0001:00007f64       ??1?$MFileMapping@UCESERVER_CONSOLE_MAPPING_HDR@@@@QAE@XZ 10008f64 f i ConEmuPluginBase.obj
 0001:00007f64       ??1?$MFileMapping@UPanelViewSetMapping@@@@QAE@XZ 10008f64 f i PluginBackground.obj
 0001:00007f64       ??1?$MFileMapping@UConEmuGuiMapping@@@@QAE@XZ 10008f64 f i common-user32:ConEmuCheckEx.obj
 0001:00007f6e       ??1CPluginBase@@UAE@XZ     10008f6e f   ConEmuPluginBase.obj
 0001:00007f75       ??1MWow64Disable@@QAE@XZ   10008f75 f i ConEmuPluginBase.obj
 0001:00007fae       ??_G?$MFileMapping@UCESERVER_CONSOLE_MAPPING_HDR@@@@QAEPAXI@Z 10008fae f i ConEmuPluginBase.obj
 0001:00007fd8       ??_ECPluginBase@@UAEPAXI@Z 10008fd8 f i ConEmuPluginBase.obj
 0001:00007fd8       ??_GCPluginBase@@UAEPAXI@Z 10008fd8 f i ConEmuPluginBase.obj
 0001:00007ffe       ?ActivatePlugin@CPluginBase@@QAE_NKPAXK@Z 10008ffe f   ConEmuPluginBase.obj
 0001:0000818c       ?AddTab@CPluginBase@@QAE_NAAHH_N1HPB_W2HHHH@Z 1000918c f   ConEmuPluginBase.obj
 0001:00008450       ?AddTabFinish@CPluginBase@@QAEXH@Z 10009450 f   ConEmuPluginBase.obj
 0001:00008462       ?Attach2Gui@CPluginBase@@QAE_N_N@Z 10009462 f   ConEmuPluginBase.obj
 0001:000087f6       ?BackgroundMacroError@CPluginBase@@SGKPAX@Z 100097f6 f   ConEmuPluginBase.obj
 0001:0000881d       ?CheckBufferEnabled@CPluginBase@@QAE_NXZ 1000981d f   ConEmuPluginBase.obj
 0001:00008876       ?CheckConEmuDetached@CPluginBase@@SAXXZ 10009876 f   ConEmuPluginBase.obj
 0001:00008911       ?CheckResources@CPluginBase@@QAEX_N@Z 10009911 f   ConEmuPluginBase.obj
 0001:00008ab1       ?CloseMap@?$MFileMapping@UCESERVER_CONSOLE_MAPPING_HDR@@@@QAEXXZ 10009ab1 f i ConEmuPluginBase.obj
 0001:00008ab1       ?CloseMap@?$MFileMapping@UPanelViewSetMapping@@@@QAEXXZ 10009ab1 f i PluginBackground.obj
 0001:00008ab1       ?CloseMap@?$MFileMapping@UConEmuGuiMapping@@@@QAEXXZ 10009ab1 f i common-kernel32:ConEmuCheck.obj
 0001:00008b02       ?CloseMapHeader@CPluginBase@@SAXXZ 10009b02 f   ConEmuPluginBase.obj
 0001:00008b19       ?ClosePtr@?$MFileMapping@UConEmuGuiMapping@@@@QAEXXZ 10009b19 f i common-kernel32:ConEmuCheck.obj
 0001:00008b19       ?ClosePtr@?$MFileMapping@UPanelViewSetMapping@@@@QAEXXZ 10009b19 f i PluginBackground.obj
 0001:00008b19       ?ClosePtr@?$MFileMapping@UCESERVER_CONSOLE_MAPPING_HDR@@@@QAEXXZ 10009b19 f i ConEmuPluginBase.obj
 0001:00008b31       ?CloseTabs@CPluginBase@@SAXXZ 10009b31 f   ConEmuPluginBase.obj
 0001:00008bb9       ?CommonPluginStartup@CPluginBase@@QAEXXZ 10009bb9 f   ConEmuPluginBase.obj
 0001:00008ca5       ?CreateTabs@CPluginBase@@SA_NH@Z 10009ca5 f   ConEmuPluginBase.obj
 0001:00008d4f       ?Disable@MWow64Disable@@QAEXXZ 10009d4f f i ConEmuPluginBase.obj
 0001:00008d69       ?DllCheckUnique@CPluginBase@@KA_N_N@Z 10009d69 f   ConEmuPluginBase.obj
 0001:00008f15       ?DllMain_ProcessAttach@CPluginBase@@KAXPAUHINSTANCE__@@@Z 10009f15 f   ConEmuPluginBase.obj
 0001:00009009       ?DllMain_ProcessDetach@CPluginBase@@KAXXZ 1000a009 f   ConEmuPluginBase.obj
 0001:000090d9       ?EditViewConsoleOutput@CPluginBase@@QAEX_N@Z 1000a0d9 f   ConEmuPluginBase.obj
 0001:00009162       ?EmergencyShow@CPluginBase@@KAXXZ 1000a162 f   ConEmuPluginBase.obj
 0001:000091ad       ?ExecuteSynchro@CPluginBase@@QAEXXZ 1000a1ad f   ConEmuPluginBase.obj
 0001:00009220       ?ExitFarCommon@CPluginBase@@QAEX_N@Z 1000a220 f   ConEmuPluginBase.obj
 0001:00009243       ?FarSetConsoleSize@CPluginBase@@SA_NFF@Z 1000a243 f   ConEmuPluginBase.obj
 0001:00009327       ?FillLoadedParm@CPluginBase@@SAXPAUConEmuLoadedArg@@PAUHINSTANCE__@@H@Z 1000a327 f   ConEmuPluginBase.obj
 0001:000093b5       ?FillUpdateBackground@CPluginBase@@QAEXPAUPaintBackgroundArg@@@Z 1000a3b5 f   ConEmuPluginBase.obj
 0001:00009500       ?FindServerCmd@CPluginBase@@QAE_NKAAK_N@Z 1000a500 f   ConEmuPluginBase.obj
 0001:000095e6       ?GetMainThreadId@CPluginBase@@SAKXZ 1000a5e6 f   ConEmuPluginBase.obj
 0001:00009671       ?GetPanelInfo@CPluginBase@@QAE_NKPAUBkPanelInfo@@@Z 1000a671 f   ConEmuPluginBase.obj
 0001:000096f1       ?InitHWND@CPluginBase@@SAXXZ 1000a6f1 f   ConEmuPluginBase.obj
 0001:00009907       ?InitName@?$MFileMapping@UCESERVER_CONSOLE_MAPPING_HDR@@@@QAEPB_WPB_WKK@Z 1000a907 f i ConEmuPluginBase.obj
 0001:00009907       ?InitName@?$MFileMapping@UPanelViewSetMapping@@@@QAEPB_WPB_WKK@Z 1000a907 f i PluginBackground.obj
 0001:00009907       ?InitName@?$MFileMapping@UConEmuGuiMapping@@@@QAEPB_WPB_WKK@Z 1000a907 f i common-kernel32:ConEmuCheck.obj
 0001:00009938       ?InitResources@CPluginBase@@QAEXXZ 1000a938 f   ConEmuPluginBase.obj
 0001:00009af1       ?InitRootRegKey@CPluginBase@@IAEXXZ 1000aaf1 f   ConEmuPluginBase.obj
 0001:00009bd7       ?InternalOpenCreate@?$MFileMapping@UCESERVER_CONSOLE_MAPPING_HDR@@@@IAEPAUCESERVER_CONSOLE_MAPPING_HDR@@_N0H@Z 1000abd7 f i ConEmuPluginBase.obj
 0001:00009bd7       ?InternalOpenCreate@?$MFileMapping@UConEmuGuiMapping@@@@IAEPAUConEmuGuiMapping@@_N0H@Z 1000abd7 f i common-kernel32:ConEmuCheck.obj
 0001:00009bd7       ?InternalOpenCreate@?$MFileMapping@UPanelViewSetMapping@@@@IAEPAUPanelViewSetMapping@@_N0H@Z 1000abd7 f i PluginBackground.obj
 0001:00009db9       ?IsCurrentTabModal@CPluginBase@@QAE_NXZ 1000adb9 f   ConEmuPluginBase.obj
 0001:00009e42       ?IsFarLua@FarVersion@@QBE_NXZ 1000ae42 f i ConEmuPluginBase.obj
 0001:00009f80       ?LoadFarVersion@CPluginBase@@SA_NXZ 1000af80 f   ConEmuPluginBase.obj
 0001:0000a1cd       ?LoadPanelTabsFromRegistry@CPluginBase@@IAEXXZ 1000b1cd f   ConEmuPluginBase.obj
 0001:0000a2b6       ?MonitorThreadProcW@CPluginBase@@SGKPAX@Z 1000b2b6 f   ConEmuPluginBase.obj
 0001:0000a67c       ?NotifyConEmuUnloaded@CPluginBase@@SAXXZ 1000b67c f   ConEmuPluginBase.obj
 0001:0000a777       ?OnConsoleDetaching@CPluginBase@@SGHPAUHookCallbackArg@@@Z 1000b777 f   ConEmuPluginBase.obj
 0001:0000a88b       ?OnConsolePeekInput@CPluginBase@@SGHPAUHookCallbackArg@@@Z 1000b88b f   ConEmuPluginBase.obj
 0001:0000a8f1       ?OnConsolePeekInputPost@CPluginBase@@SGHPAUHookCallbackArg@@@Z 1000b8f1 f   ConEmuPluginBase.obj
 0001:0000a921       ?OnConsolePeekReadInput@CPluginBase@@SAX_N@Z 1000b921 f   ConEmuPluginBase.obj
 0001:0000aafd       ?OnConsoleReadInput@CPluginBase@@SGHPAUHookCallbackArg@@@Z 1000bafd f   ConEmuPluginBase.obj
 0001:0000ab0d       ?OnConsoleReadInputPost@CPluginBase@@SGHPAUHookCallbackArg@@@Z 1000bb0d f   ConEmuPluginBase.obj
 0001:0000ac8f       ?OnConsoleReadInputWork@CPluginBase@@SAHPAUHookCallbackArg@@@Z 1000bc8f f   ConEmuPluginBase.obj
 0001:0000ad00       ?OnConsoleWasAttached@CPluginBase@@SGHPAUHookCallbackArg@@@Z 1000bd00 f   ConEmuPluginBase.obj
 0001:0000ad56       ?OnCurDirChanged@CPluginBase@@SGXXZ 1000bd56 f   ConEmuPluginBase.obj
 0001:0000ada8       ?OnGetNumberOfConsoleInputEventsPost@CPluginBase@@SGHPAUHookCallbackArg@@@Z 1000bda8 f   ConEmuPluginBase.obj
 0001:0000addc       ?OnLibraryLoaded@CPluginBase@@SGXPAUHINSTANCE__@@@Z 1000bddc f   ConEmuPluginBase.obj
 0001:0000ae4a       ?OnMainThreadActivated@CPluginBase@@QAEXXZ 1000be4a f   ConEmuPluginBase.obj
 0001:0000afba       ?OnPanelViewCallbacks@CPluginBase@@SA_NPAUHookCallbackArg@@P6GHPAXPAU_INPUT_RECORD@@KPAKPAH@Z5@Z 1000bfba f   ConEmuPluginBase.obj
 0001:0000b05b       ?OnPostWriteConsoleOutput@CPluginBase@@SGHPAUHookCallbackArg@@@Z 1000c05b f   ConEmuPluginBase.obj
 0001:0000b066       ?OnShellExecuteExW_Except@CPluginBase@@SGHPAUHookCallbackArg@@@Z 1000c066 f   ConEmuPluginBase.obj
 0001:0000b09b       ?OnWaitForMultipleObjects@CPluginBase@@SGHPAUHookCallbackArg@@@Z 1000c09b f   ConEmuPluginBase.obj
 0001:0000b0e2       ?OnWaitForMultipleObjectsPost@CPluginBase@@SGHPAUHookCallbackArg@@@Z 1000c0e2 f   ConEmuPluginBase.obj
 0001:0000b11d       ?OnWriteConsoleOutput@CPluginBase@@SGHPAUHookCallbackArg@@@Z 1000c11d f   ConEmuPluginBase.obj
 0001:0000b1aa       ?OpenMapHeader@CPluginBase@@SAHXZ 1000c1aa f   ConEmuPluginBase.obj
 0001:0000b266       ?OpenPluginCommon@CPluginBase@@QAEPAXHH_N@Z 1000c266 f   ConEmuPluginBase.obj
 0001:0000b4ba       ?OutDataAlloc@CPluginBase@@SA_NK@Z 1000c4ba f   ConEmuPluginBase.obj
 0001:0000b509       ?OutDataRealloc@CPluginBase@@SA_NK@Z 1000c509 f   ConEmuPluginBase.obj
 0001:0000b5a0       ?OutDataWrite@CPluginBase@@SA_NPAXK@Z 1000c5a0 f   ConEmuPluginBase.obj
 0001:0000b61a       ?PanelControl@CPluginBase@@QAEHPAXHH0@Z 1000c61a f   ConEmuPluginBase.obj
 0001:0000b681       ?Plugin@@YAPAVCPluginBase@@XZ 1000c681 f   ConEmuPluginBase.obj
 0001:0000b750       ?PostMacro@CPluginBase@@QAEXPB_WPAU_INPUT_RECORD@@_N@Z 1000c750 f   ConEmuPluginBase.obj
 0001:0000b791       ?PrintText@CPluginBase@@QAE_NPB_W@Z 1000c791 f   ConEmuPluginBase.obj
 0001:0000b866       ?ProcessCommand@CPluginBase@@QAE_NKHPAXPAPAUCESERVER_REQ@@_N@Z 1000c866 f   ConEmuPluginBase.obj
 0001:0000bc52       ?ProcessCommandLine@CPluginBase@@QAE_NPA_W@Z 1000cc52 f   ConEmuPluginBase.obj
 0001:0000bc8b       ?ProcessDragFrom@CPluginBase@@QAEXXZ 1000cc8b f   ConEmuPluginBase.obj
 0001:0000c1e9       ?ProcessDragTo@CPluginBase@@QAEXXZ 1000d1e9 f   ConEmuPluginBase.obj
 0001:0000c508       ?ProcessEditorInputInternal@CPluginBase@@QAEXABU_INPUT_RECORD@@@Z 1000d508 f   ConEmuPluginBase.obj
 0001:0000c53a       ?ProcessEditorViewerEvent@CPluginBase@@QAEHHH@Z 1000d53a f   ConEmuPluginBase.obj
 0001:0000c5d7       ?ProcessSetWindowCommand@CPluginBase@@QAEXXZ 1000d5d7 f   ConEmuPluginBase.obj
 0001:0000c6a3       ?ProcessSynchroEvent@CPluginBase@@QAEHHPAX@Z 1000d6a3 f   ConEmuPluginBase.obj
 0001:0000c715       ?ReloadFarInfo@CPluginBase@@QAE_N_N@Z 1000d715 f   ConEmuPluginBase.obj
 0001:0000c940       ?ReloadFarInfoApi@CPluginBase@@IAE_NXZ 1000d940 f   ConEmuPluginBase.obj
 0001:0000cacd       ?Restore@MWow64Disable@@QAEXXZ 1000dacd f i ConEmuPluginBase.obj
 0001:0000cae4       ?RunExternalProgram@CPluginBase@@QAE_NPA_W@Z 1000dae4 f   ConEmuPluginBase.obj
 0001:0000cc14       ?RunExternalProgramW@CPluginBase@@SA_NPA_W0_N@Z 1000dc14 f   ConEmuPluginBase.obj
 0001:0000cde8       ?SendTabs@CPluginBase@@SAXH_N@Z 1000dde8 f   ConEmuPluginBase.obj
 0001:0000cf72       ?SetRootRegKey@CPluginBase@@IAEXPA_W@Z 1000df72 f   ConEmuPluginBase.obj
 0001:0000cff0       ?ShowConsoleInfo@CPluginBase@@QAEXXZ 1000dff0 f   ConEmuPluginBase.obj
 0001:0000d161       ?ShowMessage@CPluginBase@@QAEHHH@Z 1000e161 f   ConEmuPluginBase.obj
 0001:0000d1c5       ?ShowMessageBox@CPluginBase@@KAHPB_WI@Z 1000e1c5 f   ConEmuPluginBase.obj
 0001:0000d259       ?ShowMessageGui@CPluginBase@@QAEHHH@Z 1000e259 f   ConEmuPluginBase.obj
 0001:0000d2c1       ?ShowPanelsList@CPluginBase@@QAEXXZ 1000e2c1 f   ConEmuPluginBase.obj
 0001:0000d3c1       ?ShowPluginMenu@CPluginBase@@QAEXW4PluginCallCommands@@@Z 1000e3c1 f   ConEmuPluginBase.obj
 0001:0000d58d       ?ShowProtocolWarning@CPluginBase@@KAXXZ 1000e58d f   ConEmuPluginBase.obj
 0001:0000d6b8       ?ShowTabsList@CPluginBase@@QAEXXZ 1000e6b8 f   ConEmuPluginBase.obj
 0001:0000d8d2       ?StartDebugger@CPluginBase@@QAE_NXZ 1000e8d2 f   ConEmuPluginBase.obj
 0001:0000db40       ?StopThread@CPluginBase@@QAEX_N@Z 1000eb40 f   ConEmuPluginBase.obj
 0001:0000dd03       ?StorePanelDirs@CPluginBase@@QAE_NPB_W0@Z 1000ed03 f   ConEmuPluginBase.obj
 0001:0000de1f       ?StringCchCatW@@YGJPA_WIPB_W@Z 1000ee1f f i ConEmuPluginBase.obj
 0001:0000de6a       ?StringCchCopyW@@YGJPA_WIPB_W@Z 1000ee6a f i ConEmuPluginBase.obj
 0001:0000df45       ?SwitchTabCommand@CPluginBase@@QAEXW4PluginMenuCommands@@@Z 1000ef45 f   ConEmuPluginBase.obj
 0001:0000dfbd       ?ToOem@CPluginBase@@SAPADPB_W@Z 1000efbd f   ConEmuPluginBase.obj
 0001:0000dffb       ?ToOem@CPluginBase@@SAXPB_WPADH@Z 1000effb f   ConEmuPluginBase.obj
 0001:0000e022       ?ToUnicode@CPluginBase@@SAPA_WPBD@Z 1000f022 f   ConEmuPluginBase.obj
 0001:0000e08a       ?TouchReadPeekConsoleInputs@CPluginBase@@SAXH@Z 1000f08a f   ConEmuPluginBase.obj
 0001:0000e0c2       ?UngetDummyMouseEvent@CPluginBase@@SA_N_NPAUHookCallbackArg@@@Z 1000f0c2 f   ConEmuPluginBase.obj
 0001:0000e23b       ?UpdateConEmuTabs@CPluginBase@@QAE_N_N@Z 1000f23b f   ConEmuPluginBase.obj
 0001:0000e439       ?UpdatePanelDirs@CPluginBase@@QAEXXZ 1000f439 f   ConEmuPluginBase.obj
 0001:0000e5a7       ?WaitPluginActivation@CPluginBase@@SAKKPAPAXHK@Z 1000f5a7 f   ConEmuPluginBase.obj
 0001:0000e68e       ?cmd_CloseQSearch@CPluginBase@@QAEXXZ 1000f68e f   ConEmuPluginBase.obj
 0001:0000e6ba       ?cmd_ConSetFont@CPluginBase@@QAEXPAX@Z 1000f6ba f   ConEmuPluginBase.obj
 0001:0000e6ec       ?cmd_EMenu@CPluginBase@@QAEXPAX@Z 1000f6ec f   ConEmuPluginBase.obj
 0001:0000e787       ?cmd_ExternalCallback@CPluginBase@@QAE_NPAX@Z 1000f787 f   ConEmuPluginBase.obj
 0001:0000e7ca       ?cmd_GuiChanged@CPluginBase@@QAEXPAX@Z 1000f7ca f   ConEmuPluginBase.obj
 0001:0000e841       ?cmd_LeftClickSync@CPluginBase@@QAEXPAX@Z 1000f841 f   ConEmuPluginBase.obj
 0001:0000e909       ?cmd_OpenEditorLine@CPluginBase@@QAE_NPAUCESERVER_REQ_FAREDITOR@@@Z 1000f909 f   ConEmuPluginBase.obj
 0001:0000e99b       ?cmd_RedrawFarCall@CPluginBase@@QAE_NAAPAUCESERVER_REQ@@PAPAU2@@Z 1000f99b f   ConEmuPluginBase.obj
 0001:0000ea2f       ?cmd_SetWindow@CPluginBase@@QAE_NPAX_N@Z 1000fa2f f   ConEmuPluginBase.obj
 0001:0000ea9f       ?isEditorViewer@CPluginBase@@QAE_NXZ 1000fa9f f   ConEmuPluginBase.obj
 0001:0000eabd       ?isMacroActive@CPluginBase@@QAE_NAAH@Z 1000fabd f   ConEmuPluginBase.obj
 0001:0000eaf5       ?isModalEditorViewer@CPluginBase@@QAE_NXZ 1000faf5 f   ConEmuPluginBase.obj
 0001:0000eb1c       ?pcc_Disabled@CPluginBase@@SA_NW4PluginMenuCommands@@@Z 1000fb1c f   ConEmuPluginBase.obj
 0001:0000eb98       ?pcc_Selected@CPluginBase@@SA_NW4PluginMenuCommands@@@Z 1000fb98 f   ConEmuPluginBase.obj
 0001:0000ebeb       _wmemcmp                   1000fbeb f i ConEmuPluginBase.obj
 0001:0000ec28       ??0?$MFileMapping@UPanelViewSetMapping@@@@QAE@XZ 1000fc28 f i PluginBackground.obj
 0001:0000ec85       ??0CPluginBackground@@QAE@XZ 1000fc85 f   PluginBackground.obj
 0001:0000edf6       ??1CPluginBackground@@QAE@XZ 1000fdf6 f   PluginBackground.obj
 0001:0000ef69       ?CheckPanelFolders@CPluginBackground@@IAEXH@Z 1000ff69 f   PluginBackground.obj
 0001:0000f016       ?GetTo@?$MFileMapping@UPanelViewSetMapping@@@@QAE_NPAUPanelViewSetMapping@@H@Z 10010016 f i PluginBackground.obj
 0001:0000f116       ?IsParmChanged@CPluginBackground@@IAE_NPAUPaintBackgroundArg@@0@Z 10010116 f   PluginBackground.obj
 0001:0000f337       ?LoadThSet@CPluginBackground@@IAEHH@Z 10010337 f   PluginBackground.obj
 0001:0000f4ac       ?MonitorBackground@CPluginBackground@@QAEXXZ 100104ac f   PluginBackground.obj
 0001:0000f504       ?OnMainThreadActivated@CPluginBackground@@QAEXHH@Z 10010504 f   PluginBackground.obj
 0001:0000f5be       ?ReallocItems@CPluginBackground@@IAEXH@Z 100105be f   PluginBackground.obj
 0001:0000f607       ?RegisterSubplugin@CPluginBackground@@QAEHPAURegisterBackgroundArg@@@Z 10010607 f   PluginBackground.obj
 0001:0000f81b       ?SetDcPanelRect@CPluginBackground@@IAEXPAUtagRECT@@PAUBkPanelInfo@@PAUPaintBackgroundArg@@@Z 1001081b f   PluginBackground.obj
 0001:0000f8f6       ?SetForceThLoad@CPluginBackground@@QAEXXZ 100108f6 f   PluginBackground.obj
 0001:0000f909       ?SetForceUpdate@CPluginBackground@@QAEX_N@Z 10010909 f   PluginBackground.obj
 0001:0000f92b       ?UpdateBackground@CPluginBackground@@IAEXXZ 1001092b f   PluginBackground.obj
 0001:00010089       ?UpdateBackground_Exec@CPluginBackground@@KAXPAURegisterBackgroundArg@@PAUPaintBackgroundArg@@@Z 10011089 f   PluginBackground.obj
 0001:000100b3       ??$swprintf_c@$09@@YAHAAY09_WPB_WZZ 100110b3 f i PluginSrv.obj
 0001:000100c9       ??$wcscpy_c@$0BAE@@@YAHAAY0BAE@_WPB_W@Z 100110c9 f i PluginSrv.obj
 0001:000100de       ?AllocRequestBuf@PipeInst@?$PipeServer@UCESERVER_REQ@@@@QAEPAUCESERVER_REQ@@K@Z 100110de f i PluginSrv.obj
 0001:0001011a       ?DumpError@?$PipeServer@UCESERVER_REQ@@@@IAEXPAUPipeInst@1@PB_WH@Z 1001111a f i PluginSrv.obj
 0001:000101ed       ?PipeServerRead@?$PipeServer@UCESERVER_REQ@@@@IAEHPAUPipeInst@1@@Z 100111ed f i PluginSrv.obj
 0001:0001043c       ?PipeServerThread@?$PipeServer@UCESERVER_REQ@@@@IAEKPAUPipeInst@1@@Z 1001143c f i PluginSrv.obj
 0001:00010667       ?PipeServerWrite@?$PipeServer@UCESERVER_REQ@@@@IAEHPAUPipeInst@1@PBXKPAKH@Z 10011667 f i PluginSrv.obj
 0001:00010743       ?PlugServerCommand@@YGHPAXPAUCESERVER_REQ@@AAPAU1@AAK3J@Z 10011743 f   PluginSrv.obj
 0001:00010bbf       ?PlugServerFree@@YGXPAUCESERVER_REQ@@J@Z 10011bbf f   PluginSrv.obj
 0001:00010bd0       ?PlugServerStart@@YA_NXZ   10011bd0 f   PluginSrv.obj
 0001:00010c7f       ?PlugServerStop@@YAX_N@Z   10011c7f f   PluginSrv.obj
 0001:00010cb8       ?SetMaxCount@?$PipeServer@UCESERVER_REQ@@@@QAEXH@Z 10011cb8 f i PluginSrv.obj
 0001:00010cdf       ?StartPipeInstance@?$PipeServer@UCESERVER_REQ@@@@IAE_NPAUPipeInst@1@@Z 10011cdf f i PluginSrv.obj
 0001:00010e0e       ?StartPipeServer@?$PipeServer@UCESERVER_REQ@@@@QAE_N_NPB_WJPAU_SECURITY_ATTRIBUTES@@P6GHPAXPAUCESERVER_REQ@@AAPAU3@AAK6J@ZP6GX4J@ZP6GH3J@Z99@Z 10011e0e f i PluginSrv.obj
 0001:00010f40       ?StopPipeServer@?$PipeServer@UCESERVER_REQ@@@@QAEX_NAA_N@Z 10011f40 f i PluginSrv.obj
 0001:00011204       ?TerminatePipeThread@?$PipeServer@UCESERVER_REQ@@@@KAXAAPAXABUPipeInst@1@AA_N@Z 10012204 f i PluginSrv.obj
 0001:00011255       ?WaitForClient@?$PipeServer@UCESERVER_REQ@@@@IAE_NPAUPipeInst@1@AAH1@Z 10012255 f i PluginSrv.obj
 0001:00011522       ?WaitOverlapped@?$PipeServer@UCESERVER_REQ@@@@IAEHPAUPipeInst@1@PAK@Z 10012522 f i PluginSrv.obj
 0001:00011671       ?WriteDummyAnswer@?$PipeServer@UCESERVER_REQ@@@@IAEHPAUPipeInst@1@@Z 10012671 f i PluginSrv.obj
 0001:000116c9       ?_Disconnect@?$PipeServer@UCESERVER_REQ@@@@IAEXPAUPipeInst@1@_N11@Z 100126c9 f i PluginSrv.obj
 0001:0001171d       ?_PipeServerThread@?$PipeServer@UCESERVER_REQ@@@@KGKPAX@Z 1001271d f i PluginSrv.obj
 0001:00011764       ?cmd_FarSetChanged@@YAXPAUFAR_REQ_FARSETCHANGED@@@Z 10012764 f   PluginSrv.obj
 0001:000117b2       _GetFileVersionInfoSizeW@8 100127b2 f   version:VERSION.dll
 0001:000117b8       _GetFileVersionInfoW@16    100127b8 f   version:VERSION.dll
 0001:000117be       _VerQueryValueW@16         100127be f   version:VERSION.dll
 0001:000117c4       _CreateToolhelp32Snapshot@8 100127c4 f   kernel32:KERNEL32.dll
 0001:000117ca       _Thread32First@8           100127ca f   kernel32:KERNEL32.dll
 0001:000117d0       _Thread32Next@8            100127d0 f   kernel32:KERNEL32.dll
 0001:000117d6       _Module32FirstW@8          100127d6 f   kernel32:KERNEL32.dll
 0001:000117dc       _Module32NextW@8           100127dc f   kernel32:KERNEL32.dll
 0001:000117e2       ??2@YAPAXI@Z               100127e2 f   common-kernel32:Memory.obj
 0001:00011803       ??3@YAXPAX@Z               10012803 f   common-kernel32:Memory.obj
 0001:00011803       ??_V@YAXPAX@Z              10012803 f   common-kernel32:Memory.obj
 0001:00011808       ??_U@YAPAXI@Z              10012808 f   common-kernel32:Memory.obj
 0001:00011811       ?HeapDeinitialize@@YAXXZ   10012811 f   common-kernel32:Memory.obj
 0001:00011867       ?HeapInitialize@@YA_NXZ    10012867 f   common-kernel32:Memory.obj
 0001:00011890       ?xf_calloc@@YAPAXII@Z      10012890 f   common-kernel32:Memory.obj
 0001:000118b6       ?xf_free@@YAXPAX@Z         100128b6 f   common-kernel32:Memory.obj
 0001:000118f6       ?xf_malloc@@YAPAXI@Z       100128f6 f   common-kernel32:Memory.obj
 0001:00011917       ?xf_realloc@@YAPAXPAXI@Z   10012917 f   common-kernel32:Memory.obj
 0001:0001193e       ??0?$MFileMapping@UConEmuGuiMapping@@@@QAE@XZ 1001293e f i common-kernel32:ConEmuCheck.obj
 0001:0001199b       ?ExecuteCmd@@YAPAUCESERVER_REQ@@PB_WPAU1@KPAUHWND__@@HKH@Z 1001299b f   common-kernel32:ConEmuCheck.obj
 0001:00011b70       ?ExecuteFreeResult@@YAXAAPAUCESERVER_REQ@@@Z 10012b70 f   common-kernel32:ConEmuCheck.obj
 0001:00011b88       ?ExecuteGuiCmd@@YAPAUCESERVER_REQ@@PAUHWND__@@PAU1@0H@Z 10012b88 f   common-kernel32:ConEmuCheck.obj
 0001:00011c09       ?ExecuteNewCmd@@YAPAUCESERVER_REQ@@KI@Z 10012c09 f   common-kernel32:ConEmuCheck.obj
 0001:00011c47       ?ExecuteNewCmd@@YA_NAAPAUCESERVER_REQ@@AAKKI@Z 10012c47 f   common-kernel32:ConEmuCheck.obj
 0001:00011ca5       ?ExecuteOpenPipe@@YAPAXPB_WAAY0CAI@_W0KKHPAXH@Z 10012ca5 f   common-kernel32:ConEmuCheck.obj
 0001:00011ddf       ?ExecutePrepareCmd@@YAXPAUCESERVER_REQ@@KI@Z 10012ddf f   common-kernel32:ConEmuCheck.obj
 0001:00011e16       ?ExecutePrepareCmd@@YAXPAUCESERVER_REQ_HDR@@KI@Z 10012e16 f   common-kernel32:ConEmuCheck.obj
 0001:00011e7f       ?ExecuteSrvCmd@@YAPAUCESERVER_REQ@@KPAU1@PAUHWND__@@HKH@Z 10012e7f f   common-kernel32:ConEmuCheck.obj
 0001:00011f16       ?GetConEmuHWND@@YAPAUHWND__@@W4ConEmuWndType@@@Z 10012f16 f   common-kernel32:ConEmuCheck.obj
 0001:00011f99       ?GetConEmuWindows@@YA?AUConEmuWindows@@PAUHWND__@@@Z 10012f99 f   common-kernel32:ConEmuCheck.obj
 0001:00012073       ?GetConEmuWindowsFromEnv@@YA?AUConEmuWindows@@XZ 10013073 f   common-kernel32:ConEmuCheck.obj
 0001:000121a2       ?GuiMessageBox@@YAHPAUHWND__@@PB_W1H@Z 100131a2 f   common-kernel32:ConEmuCheck.obj
 0001:000122bf       ?IsConsoleClass@@YA_NPB_W@Z 100132bf f   common-kernel32:ConEmuCheck.obj
 0001:000122fd       ?IsConsoleWindow@@YA_NPAUHWND__@@@Z 100132fd f   common-kernel32:ConEmuCheck.obj
 0001:000123c8       ?IsPseudoConsoleWindow@@YA_NPAUHWND__@@@Z 100133c8 f   common-kernel32:ConEmuCheck.obj
 0001:00012436       ?LoadGuiMapping@@YAHKAAUConEmuGuiMapping@@@Z 10013436 f   common-kernel32:ConEmuCheck.obj
 0001:000124ea       ?LoadSrvMapping@@YAHPAUHWND__@@AAUCESERVER_CONSOLE_MAPPING_HDR@@@Z 100134ea f   common-kernel32:ConEmuCheck.obj
 0001:0001259e       ?ModuleName@@YAPB_WPB_W@Z  1001359e f   common-kernel32:ConEmuCheck.obj
 0001:0001263b       ?StringCchCopyNW@@YGJPA_WIPB_WI@Z 1001363b f i common-kernel32:ConEmuCheck.obj
 0001:0001267d       ?myGetConsoleWindow@@YAPAUHWND__@@XZ 1001367d f   common-kernel32:ConEmuCheck.obj
 0001:0001272e       ?StringCchVPrintfA@@YGJPADIPBD0@Z 1001372e f i common-kernel32:MStrSafe.obj
 0001:00012781       ?lstrcmpni@@YAHPB_W0H@Z    10013781 f   common-kernel32:MStrSafe.obj
 0001:00012877       ?msprintf@@YAPB_WPA_WIPB_WZZ 10013877 f   common-kernel32:MStrSafe.obj
 0001:00012891       ?mvsprintf@@YAPB_WPA_WIPB_WPAD@Z 10013891 f   common-kernel32:MStrSafe.obj
 0001:00012cfb       ?sprintf_c@@YAHPADHPBDZZ   10013cfb f   common-kernel32:MStrSafe.obj
 0001:00012d1e       ?swprintf_c@@YAHPA_WHPB_WZZ 10013d1e f   common-kernel32:MStrSafe.obj
 0001:00012d41       __vsnprintf_l              10013d41 f i common-kernel32:MStrSafe.obj
 0001:00012d73       ??0CEStr@@QAE@$$QAU0@@Z    10013d73 f   common-kernel32:CEStr.obj
 0001:00012d9c       ??0CEStr@@QAE@PB_W00000000@Z 10013d9c f   common-kernel32:CEStr.obj
 0001:00012e9d       ??0CEStr@@QAE@XZ           10013e9d f   common-kernel32:CEStr.obj
 0001:00012ea7       ??0bad_alloc@stdext@@QAE@ABV01@@Z 10013ea7 f i common-kernel32:CEStr.obj
 0001:00012ec5       ??0bad_alloc@stdext@@QAE@XZ 10013ec5 f i common-kernel32:CEStr.obj
 0001:00012ed5       ??0exception@stdext@@QAE@ABV01@@Z 10013ed5 f i common-kernel32:CEStr.obj
 0001:00012eed       ??1CEStr@@QAE@XZ           10013eed f   common-kernel32:CEStr.obj
 0001:00012ef2       ??1bad_alloc@stdext@@UAE@XZ 10013ef2 f i common-kernel32:CEStr.obj
 0001:00012ef9       ??4CEStr@@QAEAAU0@$$QAU0@@Z 10013ef9 f   common-kernel32:CEStr.obj
 0001:00012f2e       ??4CEStr@@QAEAAU0@PB_W@Z   10013f2e f   common-kernel32:CEStr.obj
 0001:00012f4a       ??BCEStr@@QBEPB_WXZ        10013f4a f   common-kernel32:CEStr.obj
 0001:00012f4a       ?data@CEStr@@QBEPA_WXZ     10013f4a f   common-kernel32:CEStr.obj
 0001:00012f4d       ??BCEStr@@QBE_NXZ          10013f4d f   common-kernel32:CEStr.obj
 0001:00012f55       ??_Gbad_alloc@stdext@@UAEPAXI@Z 10013f55 f i common-kernel32:CEStr.obj
 0001:00012f55       ??_Ebad_alloc@stdext@@UAEPAXI@Z 10013f55 f i common-kernel32:CEStr.obj
 0001:00012f55       ??_Gexception@stdext@@UAEPAXI@Z 10013f55 f i common-kernel32:CEStr.obj
 0001:00012f55       ??_Eexception@stdext@@UAEPAXI@Z 10013f55 f i common-kernel32:CEStr.obj
 0001:00012f78       ?Append@CEStr@@QAEPB_WPB_W0000000@Z 10013f78 f   common-kernel32:CEStr.obj
 0001:00012fca       ?Clear@CEStr@@QAEXXZ       10013fca f   common-kernel32:CEStr.obj
 0001:00012fd8       ?Compare@CEStr@@QBEHPB_W_N@Z 10013fd8 f   common-kernel32:CEStr.obj
 0001:0001300b       ?Detach@CEStr@@QAEPA_WXZ   1001400b f   common-kernel32:CEStr.obj
 0001:00013015       ?GetBuffer@CEStr@@QAEPA_WH@Z 10014015 f   common-kernel32:CEStr.obj
 0001:000130a9       ?GetLen@CEStr@@QBEHXZ      100140a9 f   common-kernel32:CEStr.obj
 0001:000130d3       ?GetMaxCount@CEStr@@QAEHXZ 100140d3 f   common-kernel32:CEStr.obj
 0001:000130ef       ?IsEmpty@CEStr@@QBE_NXZ    100140ef f   common-kernel32:CEStr.obj
 0001:000130ff       ?Release@CEStr@@QAEXXZ     100140ff f   common-kernel32:CEStr.obj
 0001:00013114       ?Set@CEStr@@QAEPB_WPB_WH@Z 10014114 f   common-kernel32:CEStr.obj
 0001:000131c4       ?SetAt@CEStr@@QAE_WH_W@Z   100141c4 f   common-kernel32:CEStr.obj
 0001:000131fa       ?_Doraise@bad_alloc@stdext@@MBEXXZ 100141fa f i common-kernel32:CEStr.obj
 0001:00013207       ?c_str@CEStr@@QBEPB_WPB_W@Z 10014207 f   common-kernel32:CEStr.obj
 0001:00013217       ?what@exception@stdext@@UBEPBDXZ 10014217 f i common-kernel32:CEStr.obj
 0001:00013225       ?IsFilePath@@YA_NPB_W_N@Z  10014225 f   common-kernel32:CmdLine.obj
 0001:000133af       ?PointToExt@@YAPB_WPB_W@Z  100143af f   common-kernel32:CmdLine.obj
 0001:000133cd       ?PointToName@@YAPB_WPB_W@Z 100143cd f   common-kernel32:CmdLine.obj
 0001:0001340f       ?Unquote@@YAPB_WPA_W_N@Z   1001440f f   common-kernel32:CmdLine.obj
 0001:0001345a       ??$sprintf_c@$0CI@@@YAHAAY0CI@DPBDZZ 1001445a f i common-kernel32:WThreads.obj
 0001:00013470       ?SetThreadName@@YAXKPAD@Z  10014470 f   common-kernel32:WThreads.obj
 0001:000134c9       ?apiCreateThread@@YAPAXP6GKPAX@Z0PAKPBDH@Z 100144c9 f   common-kernel32:WThreads.obj
 0001:000135ba       ?apiTerminateThreadEx@@YAHPAXKPBDH@Z 100145ba f   common-kernel32:WThreads.obj
 0001:0001368e       ?apiThreadHelper@@YGKPAX@Z 1001468e f   common-kernel32:WThreads.obj
 0001:0001381a       ?lstrdup@@YA?AUCEStr@@PB_WI@Z 1001481a f   common-kernel32:MStrDup.obj
 0001:0001386c       ?lstrdupW@@YA?AUCEStr@@PBDI@Z 1001486c f   common-kernel32:MStrDup.obj
 0001:00013ad9       ??0CEnvStrings@@QAE@PA_W@Z 10014ad9 f   common-kernel32:EnvVar.obj
 0001:00013b37       ??1CEnvStrings@@QAE@XZ     10014b37 f   common-kernel32:EnvVar.obj
 0001:00013b4c       ?Clear@CEnvRestorer@@QAEXXZ 10014b4c f   common-kernel32:EnvVar.obj
 0001:00013b63       ?ExpandEnvStr@@YA?AUCEStr@@PB_W@Z 10014b63 f   common-kernel32:EnvVar.obj
 0001:00013b84       ?GetEnvVar@@YA?AUCEStr@@PB_W@Z 10014b84 f   common-kernel32:EnvVar.obj
 0001:00013ba0       ?SavePathVar@CEnvRestorer@@QAEXPB_W@Z 10014ba0 f   common-kernel32:EnvVar.obj
 0001:00013bcc       ?CommonShutdown@@YAXXZ     10014bcc f   common-kernel32:Common.obj
 0001:00013bdb       ?GetCommand@CESERVER_REQ_NEWCMD@@QAEPA_WXZ 10014bdb f   common-kernel32:Common.obj
 0001:00013bf4       ?GetEnvStrings@CESERVER_REQ_NEWCMD@@QAEPA_WXZ 10014bf4 f   common-kernel32:Common.obj
 0001:00013c11       ?IsEnvBlockVariableValid@@YA_NPB_W@Z 10014c11 f   common-kernel32:Common.obj
 0001:00013c3d       ?IsEnvBlockVariableValid@@YA_NPB_WAAPB_W@Z 10014c3d f   common-kernel32:Common.obj
 0001:00013c73       ?SetCommand@CESERVER_REQ_NEWCMD@@QAEXPB_W@Z 10014c73 f   common-kernel32:Common.obj
 0001:00013cbb       ?SetEnvStrings@CESERVER_REQ_NEWCMD@@QAEXPB_WK@Z 10014cbb f   common-kernel32:Common.obj
 0001:00013d86       ??0MNullDesc@@QAE@XZ       10014d86 f i common-kernel32:MSecurity.obj
 0001:00013da8       ??1MNullDesc@@QAE@XZ       10014da8 f i common-kernel32:MSecurity.obj
 0001:00013de0       ?LoadAdvApi@MNullDesc@@IAEHXZ 10014de0 f i common-kernel32:MSecurity.obj
 0001:00013ead       ?LocalSecurity@@YAPAU_SECURITY_ATTRIBUTES@@XZ 10014ead f   common-kernel32:MSecurity.obj
 0001:00013ed9       ?LocalSecurity@MNullDesc@@QAEPAU_SECURITY_ATTRIBUTES@@XZ 10014ed9 f i common-kernel32:MSecurity.obj
 0001:00013ff6       ?ShutdownSecurity@@YAXXZ   10014ff6 f   common-kernel32:MSecurity.obj
 0001:0001401b       ?UnloadAdvApi@MNullDesc@@IAEXXZ 1001501b f i common-kernel32:MSecurity.obj
 0001:00014033       ??$GetProcAddress@$$A6GHPAU_OSVERSIONINFOEXW@@K_K@Z@MModule@@QBE_NQBDAAP6GHPAU_OSVERSIONINFOEXW@@K_K@Z@Z 10015033 f i common-kernel32:WObjects.obj
 0001:0001406f       ??0?$MHandleBase@PAX@@QAE@PAXV?$function@$$A6AXPAX@Z@std@@@Z 1001506f f i common-kernel32:WObjects.obj
 0001:00014099       ??0MHandle@@QAE@PAXV?$function@$$A6AXPAX@Z@std@@@Z 10015099 f i common-kernel32:WObjects.obj
 0001:000140ca       ??R?$_Func_class@XPAX@std@@QBEXPAX@Z 100150ca f i common-kernel32:WObjects.obj
 0001:000140e7       ?Close@?$MHandleBase@PAX@@QAEXXZ 100150e7 f i common-kernel32:WObjects.obj
 0001:00014114       ?FileExists@@YA_NPB_WPA_K@Z 10015114 f   common-kernel32:WObjects.obj
 0001:00014354       ?GetTicks@@YAKXZ           10015354 f   common-kernel32:WObjects.obj
 0001:0001435a       ?IsWin6@@YA_NXZ            1001535a f   common-kernel32:WObjects.obj
 0001:00014388       ?IsWin7@@YA_NXZ            10015388 f   common-kernel32:WObjects.obj
 0001:000143b6       ?IsWinVerOrHigher@@YA_NG@Z 100153b6 f   common-kernel32:WObjects.obj
 0001:00014433       ?IsWindows64@@YA_NXZ       10015433 f   common-kernel32:WObjects.obj
 0001:000144a3       ?MakeOsVersionEx@@YA?AU_OSVERSIONINFOEXW@@KK@Z 100154a3 f   common-kernel32:WObjects.obj
 0001:000144d4       ?SetHandle@?$MHandleBase@PAX@@QAE_NPAXV?$function@$$A6AXPAX@Z@std@@@Z 100154d4 f i common-kernel32:WObjects.obj
 0001:00014527       ?_Move@?$_Func_impl_no_alloc@P6GHPAX@ZXPAX@std@@EAEPAV?$_Func_base@XPAX@2@PAX@Z 10015527 f i common-kernel32:WObjects.obj
 0001:00014527       ?_Copy@?$_Func_impl_no_alloc@P6GHPAX@ZXPAX@std@@EBEPAV?$_Func_base@XPAX@2@PAX@Z 10015527 f i common-kernel32:WObjects.obj
 0001:0001453d       ?_Delete_this@?$_Func_impl_no_alloc@P6GHPAX@ZXPAX@std@@EAEX_N@Z 1001553d f i common-kernel32:WObjects.obj
 0001:0001453d       ?_Delete_this@?$_Func_impl_no_alloc@V<lambda_9e7323793ed24b1a5fadb4d27ba29021>@@_NABUtagPROCESSENTRY32W@@@std@@EAEX_N@Z 1001553d f i common-kernel32:MProcess.obj
 0001:00014554       ?_Do_call@?$_Func_impl_no_alloc@P6GHPAX@ZXPAX@std@@EAEX$$QAPAX@Z 10015554 f i common-kernel32:WObjects.obj
 0001:00014563       ?_Get@?$_Func_impl_no_alloc@P6GHPAX@ZXPAX@std@@EBEPBXXZ 10015563 f i common-kernel32:WObjects.obj
 0001:00014563       ?_Get@?$_Func_impl_no_alloc@V<lambda_9e7323793ed24b1a5fadb4d27ba29021>@@_NABUtagPROCESSENTRY32W@@@std@@EBEPBXXZ 10015563 f i common-kernel32:MProcess.obj
 0001:00014567       ?_Reset_move@?$_Func_class@XPAX@std@@IAEX$$QAV12@@Z 10015567 f i common-kernel32:WObjects.obj
 0001:0001459b       ?_Target_type@?$_Func_impl_no_alloc@P6GHPAX@ZXPAX@std@@EBEABVtype_info@@XZ 1001559b f i common-kernel32:WObjects.obj
 0001:000145a1       ?_Tidy@?$_Func_class@XPAX@std@@IAEXXZ 100155a1 f i common-kernel32:WObjects.obj
 0001:000145a1       ?_Tidy@?$_Func_class@_NABUtagPROCESSENTRY32W@@@std@@IAEXXZ 100155a1 f i common-kernel32:MProcess.obj
 0001:000145bf       ?_VerifyVersionInfo@@YA_NPAU_OSVERSIONINFOEXW@@K_K@Z 100155bf f   common-kernel32:WObjects.obj
 0001:00014639       ?Init@HkFunc@@QAE_NPB_WPAUHINSTANCE__@@@Z 10015639 f   common-kernel32:HkFunc.obj
 0001:00014697       ?isConEmuHk@HkFunc@@QAE_NXZ 10015697 f   common-kernel32:HkFunc.obj
 0001:0001469e       ??$_Emplace_reallocate@ABUtagPROCESSENTRY32W@@@?$vector@UtagPROCESSENTRY32W@@V?$MArrayAllocator@UtagPROCESSENTRY32W@@@@@std@@QAEPAUtagPROCESSENTRY32W@@QAU2@ABU2@@Z 1001569e f i common-kernel32:MProcess.obj
 0001:00014755       ??$_Uninitialized_move@PAUtagPROCESSENTRY32W@@V?$MArrayAllocator@UtagPROCESSENTRY32W@@@@@std@@YAPAUtagPROCESSENTRY32W@@QAU1@0PAU1@AAV?$MArrayAllocator@UtagPROCESSENTRY32W@@@@@Z 10015755 f i common-kernel32:MProcess.obj
 0001:00014784       ??$emplace_back@ABUtagPROCESSENTRY32W@@@?$vector@UtagPROCESSENTRY32W@@V?$MArrayAllocator@UtagPROCESSENTRY32W@@@@@std@@QAE?A_TABUtagPROCESSENTRY32W@@@Z 10015784 f i common-kernel32:MProcess.obj
 0001:000147b7       ??0?$MToolHelp@UtagPROCESSENTRY32W@@$1?Process32FirstW@@YGHPAXPAU1@@Z$1?Process32NextW@@YGH01@Z@@QAE@KK@Z 100157b7 f i common-kernel32:MProcess.obj
 0001:00014825       ??1?$MToolHelp@UtagPROCESSENTRY32W@@$1?Process32FirstW@@YGHPAXPAU1@@Z$1?Process32NextW@@YGH01@Z@@UAE@XZ 10015825 f i common-kernel32:MProcess.obj
 0001:0001483f       ??_GMToolHelpProcess@@UAEPAXI@Z 1001583f f i common-kernel32:MProcess.obj
 0001:0001483f       ??_EMToolHelpProcess@@UAEPAXI@Z 1001583f f i common-kernel32:MProcess.obj
 0001:0001483f       ??_E?$MToolHelp@UtagPROCESSENTRY32W@@$1?Process32FirstW@@YGHPAXPAU1@@Z$1?Process32NextW@@YGH01@Z@@UAEPAXI@Z 1001583f f i common-kernel32:MProcess.obj
 0001:0001483f       ??_G?$MToolHelp@UtagPROCESSENTRY32W@@$1?Process32FirstW@@YGHPAXPAU1@@Z$1?Process32NextW@@YGH01@Z@@UAEPAXI@Z 1001583f f i common-kernel32:MProcess.obj
 0001:00014864       ?Close@?$MToolHelp@UtagPROCESSENTRY32W@@$1?Process32FirstW@@YGHPAXPAU1@@Z$1?Process32NextW@@YGH01@Z@@QAEXXZ 10015864 f i common-kernel32:MProcess.obj
 0001:000148dd       ?Filter@?$MToolHelp@UtagPROCESSENTRY32W@@$1?Process32FirstW@@YGHPAXPAU1@@Z$1?Process32NextW@@YGH01@Z@@MAE_NABUtagPROCESSENTRY32W@@@Z 100158dd f i common-kernel32:MProcess.obj
 0001:000148e2       ?Find@?$MToolHelp@UtagPROCESSENTRY32W@@$1?Process32FirstW@@YGHPAXPAU1@@Z$1?Process32NextW@@YGH01@Z@@QAE_NABV?$function@$$A6A_NABUtagPROCESSENTRY32W@@@Z@std@@AAUtagPROCESSENTRY32W@@@Z 100158e2 f i common-kernel32:MProcess.obj
 0001:0001497c       ?Find@MToolHelpProcess@@QAE_NKAAUtagPROCESSENTRY32W@@@Z 1001597c f i common-kernel32:MProcess.obj
 0001:000149c5       ?Next@?$MToolHelp@UtagPROCESSENTRY32W@@$1?Process32FirstW@@YGHPAXPAU1@@Z$1?Process32NextW@@YGH01@Z@@QAE_NAAUtagPROCESSENTRY32W@@@Z 100159c5 f i common-kernel32:MProcess.obj
 0001:00014a1d       ?Open@?$MToolHelp@UtagPROCESSENTRY32W@@$1?Process32FirstW@@YGHPAXPAU1@@Z$1?Process32NextW@@YGH01@Z@@QAE_NXZ 10015a1d f i common-kernel32:MProcess.obj
 0001:00014a79       ?_Calculate_growth@?$vector@UtagPROCESSENTRY32W@@V?$MArrayAllocator@UtagPROCESSENTRY32W@@@@@std@@ABEII@Z 10015a79 f i common-kernel32:MProcess.obj
 0001:00014aac       ?_Change_array@?$vector@UtagPROCESSENTRY32W@@V?$MArrayAllocator@UtagPROCESSENTRY32W@@@@@std@@AAEXQAUtagPROCESSENTRY32W@@II@Z 10015aac f i common-kernel32:MProcess.obj
 0001:00014ae1       ?_Copy@?$_Func_impl_no_alloc@V<lambda_9e7323793ed24b1a5fadb4d27ba29021>@@_NABUtagPROCESSENTRY32W@@@std@@EBEPAV?$_Func_base@_NABUtagPROCESSENTRY32W@@@2@PAX@Z 10015ae1 f i common-kernel32:MProcess.obj
 0001:00014ae1       ?_Move@?$_Func_impl_no_alloc@V<lambda_9e7323793ed24b1a5fadb4d27ba29021>@@_NABUtagPROCESSENTRY32W@@@std@@EAEPAV?$_Func_base@_NABUtagPROCESSENTRY32W@@@2@PAX@Z 10015ae1 f i common-kernel32:MProcess.obj
 0001:00014af7       ?_Do_call@?$_Func_impl_no_alloc@V<lambda_9e7323793ed24b1a5fadb4d27ba29021>@@_NABUtagPROCESSENTRY32W@@@std@@EAE_NABUtagPROCESSENTRY32W@@@Z 10015af7 f i common-kernel32:MProcess.obj
 0001:00014b0a       ?_Swap_val@?$_Vector_val@U?$_Simple_types@UtagPROCESSENTRY32W@@@std@@@std@@QAEXAAV12@@Z 10015b0a f i common-kernel32:MProcess.obj
 0001:00014b3a       ?_Target_type@?$_Func_impl_no_alloc@V<lambda_9e7323793ed24b1a5fadb4d27ba29021>@@_NABUtagPROCESSENTRY32W@@@std@@EBEABVtype_info@@XZ 10015b3a f i common-kernel32:MProcess.obj
 0001:00014b40       ?_Tidy@?$vector@UtagPROCESSENTRY32W@@V?$MArrayAllocator@UtagPROCESSENTRY32W@@@@@std@@AAEXXZ 10015b40 f i common-kernel32:MProcess.obj
 0001:00014b5c       ?allocate@?$MArrayAllocator@UtagPROCESSENTRY32W@@@@QAEPAUtagPROCESSENTRY32W@@I@Z 10015b5c f i common-kernel32:MProcess.obj
 0001:00014b8e       ?getNext@?$MToolHelp@UtagPROCESSENTRY32W@@$1?Process32FirstW@@YGHPAXPAU1@@Z$1?Process32NextW@@YGH01@Z@@IAE_NXZ 10015b8e f i common-kernel32:MProcess.obj
 0001:00014c0f       ?isTerminalMode@@YA_NXZ    10015c0f f   common-kernel32:MProcess.obj
 0001:00014d02       ?push_back@?$MArray@UtagPROCESSENTRY32W@@@@QAEHABUtagPROCESSENTRY32W@@@Z 10015d02 f i common-kernel32:MProcess.obj
 0001:00014d24       ??0MSection@@QAE@XZ        10015d24 f   common-kernel32:MSection.obj
 0001:00014d83       ??0MSectionLock@@QAE@XZ    10015d83 f   common-kernel32:MSection.obj
 0001:00014d90       ??0MSectionThread@@QAE@PAVMSection@@@Z 10015d90 f   common-kernel32:MSection.obj
 0001:00014dab       ??1MSection@@QAE@XZ        10015dab f   common-kernel32:MSection.obj
 0001:00014dfb       ??1MSectionLock@@QAE@XZ    10015dfb f   common-kernel32:MSection.obj
 0001:00014e14       ??1MSectionThread@@QAE@XZ  10015e14 f   common-kernel32:MSection.obj
 0001:00014e2a       ?AddRef@MSection@@IAEXK@Z  10015e2a f   common-kernel32:MSection.obj
 0001:00014e93       ?Lock@MSection@@IAEHHK@Z   10015e93 f   common-kernel32:MSection.obj
 0001:00014f59       ?Lock@MSectionLock@@QAEHPAVMSection@@HK@Z 10015f59 f   common-kernel32:MSection.obj
 0001:00014fa4       ?MyEnterCriticalSection@MSection@@IAE_NK@Z 10015fa4 f   common-kernel32:MSection.obj
 0001:00015087       ?ReleaseRef@MSection@@IAEHK@Z 10016087 f   common-kernel32:MSection.obj
 0001:000150f4       ?ThreadTerminated@MSection@@QAEXK@Z 100160f4 f   common-kernel32:MSection.obj
 0001:0001511a       ?Unlock@MSection@@IAEXH@Z  1001611a f   common-kernel32:MSection.obj
 0001:00015158       ?Unlock@MSectionLock@@QAEXXZ 10016158 f   common-kernel32:MSection.obj
 0001:00015175       ?WaitUnlocked@MSection@@IAEXKK@Z 10016175 f   common-kernel32:MSection.obj
 0001:000151d0       ?CheckCallbackPtr@@YA_NPAUHINSTANCE__@@IPAP6GHXZHHH@Z 100161d0 f   common-kernel32:WModuleCheck.obj
 0001:00015296       ?IsModuleValid@@YA_NPAUHINSTANCE__@@H@Z 10016296 f   common-kernel32:WModuleCheck.obj
 0001:0001536e       ??0MModule@@QAE@PAUHINSTANCE__@@@Z 1001636e f   common-kernel32:MModule.obj
 0001:00015384       ??1MModule@@QAE@XZ         10016384 f   common-kernel32:MModule.obj
 0001:00015389       ?Free@MModule@@QAEXXZ      10016389 f   common-kernel32:MModule.obj
 0001:000153b4       ??0MSectionSimple@@QAE@_N@Z 100163b4 f   common-kernel32:MSectionSimple.obj
 0001:000153de       ??1MSectionSimple@@QAE@XZ  100163de f   common-kernel32:MSectionSimple.obj
 0001:000153e3       ?Close@MSectionSimple@@QAEXXZ 100163e3 f   common-kernel32:MSectionSimple.obj
 0001:000153f9       ?Enter@MSectionSimple@@QAEXXZ 100163f9 f   common-kernel32:MSectionSimple.obj
 0001:00015401       ?Init@MSectionSimple@@QAEXXZ 10016401 f   common-kernel32:MSectionSimple.obj
 0001:00015417       ?Leave@MSectionSimple@@QAEXXZ 10016417 f   common-kernel32:MSectionSimple.obj
 0001:0001541f       ?RecreateAndLock@MSectionSimple@@QAE_NXZ 1001641f f   common-kernel32:MSectionSimple.obj
 0001:00015466       ?TryEnter@MSectionSimple@@QAE_NXZ 10016466 f   common-kernel32:MSectionSimple.obj
 0001:00015485       ?SetConEmuEnvHWND@@YAXPB_WPAUHWND__@@@Z 10016485 f   common-user32:SetEnvVar.obj
 0001:000154d0       ?SetConEmuEnvVar@@YAXPAUHWND__@@@Z 100164d0 f   common-user32:SetEnvVar.obj
 0001:0001553a       ?SetConEmuEnvVarChild@@YAXPAUHWND__@@0@Z 1001653a f   common-user32:SetEnvVar.obj
 0001:0001555c       ??$wcscpy_add@$0BAF@@@YAHPA_WAAY0BAF@_WPB_W@Z 1001655c f i common-user32:ConEmuCheckEx.obj
 0001:00015589       ??$wcscpy_c@$0BAF@@@YAHAAY0BAF@_WPB_W@Z 10016589 f i common-user32:ConEmuCheckEx.obj
 0001:0001559e       ?FindConEmuBaseDir@@YAHAAY0BAF@_W0PAUHINSTANCE__@@@Z 1001659e f   common-user32:ConEmuCheckEx.obj
 0001:00015a59       ?IsConEmuExeExist@@YAHPB_WAAY0BAF@_W@Z 10016a59 f   common-user32:ConEmuCheckEx.obj
 0001:00015ad0       ??$swprintf_c@$0FA@@@YAHAAY0FA@_WPB_WZZ 10016ad0 f i common-user32:EmergencyShow.obj
 0001:00015ae6       ?CorrectConsolePos@@YAXPAUHWND__@@@Z 10016ae6 f   common-user32:EmergencyShow.obj
 0001:00015bb3       ?EmergencyShow@@YAXPAUHWND__@@HH@Z 10016bb3 f   common-user32:EmergencyShow.obj
 0001:00015ca4       ?EvaluateDefaultFontWidth@@YAHHPB_W@Z 10016ca4 f   common-user32:EmergencyShow.obj
 0001:00015d94       ?SetUserFriendlyFont@@YAXPAUHWND__@@HH@Z 10016d94 f   common-user32:EmergencyShow.obj
 0001:000160c9       ??0MSetter@@QAE@PAJ@Z      100170c9 f   common-user32:MSetter.obj
 0001:000160ed       ??1MSetter@@QAE@XZ         100170ed f   common-user32:MSetter.obj
 0001:000160f2       ?Unlock@MSetter@@QAEXXZ    100170f2 f   common-user32:MSetter.obj
 0001:0001614d       ?IsDotsName@@YA_NPB_W@Z    1001714d f   common-user32:WFiles.obj
 0001:0001617d       ?SearchAppPaths@@YA_NPB_WAAUCEStr@@_NPAVCEnvRestorer@@@Z 1001717d f   common-user32:WFiles.obj
 0001:00016577       ??1ConsoleSectionHelper@@QAE@XZ 10017577 f i common-user32:WConsoleEx.obj
 0001:0001659f       ?CreateConsoleData@ConsoleSectionHelper@@QAEPAUCONSOLE_INFO@@XZ 1001759f f i common-user32:WConsoleEx.obj
 0001:000165c3       ?CreateConsoleSection@ConsoleSectionHelper@@QAEPAXXZ 100175c3 f i common-user32:WConsoleEx.obj
 0001:000165e7       ?GetConsoleSizeInfo@@YAXPAUCONSOLE_INFO@@@Z 100175e7 f   common-user32:WConsoleEx.obj
 0001:00016659       ?SetConsoleFontSizeTo@@YAXPAUHWND__@@HHPB_WGG@Z 10017659 f   common-user32:WConsoleEx.obj
 0001:0001697d       ?SetConsoleInfo@@YAHPAUHWND__@@PAUCONSOLE_INFO@@@Z 1001797d f   common-user32:WConsoleEx.obj
 0001:00016b55       ?SetEnvVarExpanded@@YAXPB_W0@Z 10017b55 f   common-user32:WUser.obj
 0001:00016c01       ?UpdateComspec@@YAXPAUConEmuComspec@@_N@Z 10017c01 f   common-user32:WUser.obj
 0001:00016e94       ?apiShowWindow@@YA_NPAUHWND__@@H@Z 10017e94 f   common-user32:WUser.obj
 0001:00016eaa       ?apiShowWindowAsync@@YA_NPAUHWND__@@H@Z 10017eaa f   common-user32:WUser.obj
 0001:00016ec0       ?RegGetStringValue@@YAHPAUHKEY__@@PB_W1AAUCEStr@@K@Z 10017ec0 f   common-user32:WRegistry.obj
 0001:0001701a       ?FindMonitorsWorkspace@@YGHPAUHMONITOR__@@PAUHDC__@@PAUtagRECT@@J@Z 1001801a f   common-user32:Monitors.obj
 0001:00017053       ?GetAllMonitorsWorkspace@@YA?AUtagRECT@@XZ 10018053 f   common-user32:Monitors.obj
 0001:000170a3       ??0bad_function_call@std@@QAE@ABV01@@Z 100180a3 f i libcpmt:xthrow.obj
 0001:000170be       ??0bad_function_call@std@@QAE@XZ 100180be f i libcpmt:xthrow.obj
 0001:000170cf       ??0exception@std@@QAE@QBD@Z 100180cf f i libcpmt:xthrow.obj
 0001:00017104       ??0length_error@std@@QAE@ABV01@@Z 10018104 f i libcpmt:xthrow.obj
 0001:0001711f       ??0length_error@std@@QAE@PBD@Z 1001811f f i libcpmt:xthrow.obj
 0001:0001713e       ??0logic_error@std@@QAE@ABV01@@Z 1001813e f i libcpmt:xthrow.obj
 0001:00017159       ?_Xbad_function_call@std@@YAXXZ 10018159 f   libcpmt:xthrow.obj
 0001:00017176       ?_Xlength_error@std@@YAXPBD@Z 10018176 f   libcpmt:xthrow.obj
 0001:00017196       ?what@bad_function_call@std@@UBEPBDXZ 10018196 f i libcpmt:xthrow.obj
 0001:0001719c       @__security_check_cookie@4 1001819c f   LIBCMT:secchk.obj
 0001:000171aa       ??3@YAXPAXI@Z              100181aa f   LIBCMT:delete_scalar_size.obj
 0001:000171b8       __EH_epilog3               100181b8 f   LIBCMT:ehprolg3.obj
 0001:000171cc       __EH_epilog3_GS            100181cc f   LIBCMT:ehprolg3.obj
 0001:000171db       __EH_prolog3               100181db f   LIBCMT:ehprolg3.obj
 0001:0001720e       __EH_prolog3_GS            1001820e f   LIBCMT:ehprolg3.obj
 0001:00017244       __EH_prolog3_catch         10018244 f   LIBCMT:ehprolg3.obj
 0001:00017280       __chkstk                   10018280 f   LIBCMT:chkstk.obj
 0001:00017280       __alloca_probe             10018280 f   LIBCMT:chkstk.obj
 0001:000172b0       __aullshr                  100182b0 f   LIBCMT:ullshr.obj
 0001:000172cf       ??_Gtype_info@@UAEPAXI@Z   100182cf f i LIBCMT:std_type_info_static.obj
 0001:000172cf       ??_Etype_info@@UAEPAXI@Z   100182cf f i LIBCMT:std_type_info_static.obj
 0001:000173b7       __Init_thread_footer       100183b7 f   LIBCMT:thread_safe_statics.obj
 0001:00017401       __Init_thread_header       10018401 f   LIBCMT:thread_safe_statics.obj
 0001:00017453       __Init_thread_notify       10018453 f   LIBCMT:thread_safe_statics.obj
 0001:00017489       __Init_thread_wait         10018489 f   LIBCMT:thread_safe_statics.obj
 0001:000174e0       __SEH_prolog4              100184e0 f   LIBCMT:sehprolg4.obj
 0001:00017530       __SEH_epilog4              10018530 f   LIBCMT:sehprolg4.obj
 0001:00017884       __DllMainCRTStartup@12     10018884 f   LIBCMT:dll_dllmain.obj
 0001:000178eb       ___scrt_acquire_startup_lock 100188eb f   LIBCMT:utility.obj
 0001:0001791d       ___scrt_dllmain_after_initialize_c 1001891d f   LIBCMT:utility.obj
 0001:00017948       ___scrt_dllmain_before_initialize_c 10018948 f   LIBCMT:utility.obj
 0001:00017956       ___scrt_dllmain_crt_thread_attach 10018956 f   LIBCMT:utility.obj
 0001:00017975       ___scrt_dllmain_crt_thread_detach 10018975 f   LIBCMT:utility.obj
 0001:00017982       ___scrt_dllmain_exception_filter 10018982 f   LIBCMT:utility.obj
 0001:000179b6       ___scrt_dllmain_uninitialize_c 100189b6 f   LIBCMT:utility.obj
 0001:000179d9       ___scrt_dllmain_uninitialize_critical 100189d9 f   LIBCMT:utility.obj
 0001:000179e6       ___scrt_initialize_crt     100189e6 f   LIBCMT:utility.obj
 0001:00017a1f       ___scrt_initialize_onexit_tables 10018a1f f   LIBCMT:utility.obj
 0001:00017aa6       ___scrt_is_nonwritable_in_current_image 10018aa6 f   LIBCMT:utility.obj
 0001:00017b3a       ___scrt_release_startup_lock 10018b3a f   LIBCMT:utility.obj
 0001:00017b57       ___scrt_uninitialize_crt   10018b57 f   LIBCMT:utility.obj
 0001:00017b7f       __onexit                   10018b7f f   LIBCMT:utility.obj
 0001:00017bac       _atexit                    10018bac f   LIBCMT:utility.obj
 0001:00017bc1       ___raise_securityfailure   10018bc1 f   LIBCMT:gs_report.obj
 0001:00017be9       ___report_gsfailure        10018be9 f   LIBCMT:gs_report.obj
 0001:00017ce3       ___scrt_fastfail           10018ce3 f   LIBCMT:utility_desktop.obj
 0001:00017dfe       __crt_debugger_hook        10018dfe f   LIBCMT:utility_desktop.obj
 0001:00017e53       ___security_init_cookie    10018e53 f   LIBCMT:gs_support.obj
 0001:00017e9e       ?__scrt_initialize_type_info@@YAXXZ 10018e9e f   LIBCMT:tncleanup.obj
 0001:00017eaa       ?__scrt_uninitialize_type_info@@YAXXZ 10018eaa f   LIBCMT:tncleanup.obj
 0001:00017eb6       ___local_stdio_scanf_options 10018eb6 f i LIBCMT:default_local_stdio_options.obj
 0001:00017ebc       ___scrt_initialize_default_local_stdio_options 10018ebc f   LIBCMT:default_local_stdio_options.obj
 0001:00017ed9       ___scrt_get_dyn_tls_init_callback 10018ed9 f   LIBCMT:dyn_tls_init.obj
 0001:00017edf       __RTC_Initialize           10018edf f   LIBCMT:initsect.obj
 0001:00017f0b       __RTC_Terminate            10018f0b f   LIBCMT:initsect.obj
 0001:00017f37       ___isa_available_init      10018f37 f   LIBCMT:cpu_disp.obj
 0001:0001810b       ___scrt_is_ucrt_dll_in_use 1001910b f   LIBCMT:ucrt_detection.obj
 0001:00018117       ?GetRangeOfTrysToCheck@__FrameHandler3@@SA?AU?$pair@Viterator@TryBlockMap@__FrameHandler3@@V123@@std@@AAVTryBlockMap@1@HPAXPBU_s_FuncInfo@@H@Z 10019117 f   libvcruntime:trnsctrl.obj
 0001:00018187       ?_CallCatchBlock2@@YAPAXPAUEHRegistrationNode@@PBU_s_FuncInfo@@PAXHK@Z 10019187 f   libvcruntime:trnsctrl.obj
 0001:000181e4       ?_CallSETranslator@@YAHPAUEHExceptionRecord@@PAUEHRegistrationNode@@PAX2PBU_s_FuncInfo@@H1@Z 100191e4 f   libvcruntime:trnsctrl.obj
 0001:000182da       ?_JumpToContinuation@@YGXPAXPAUEHRegistrationNode@@@Z 100192da f   libvcruntime:trnsctrl.obj
 0001:0001830a       ?_UnwindNestedFrames@@YGXPAUEHRegistrationNode@@PAUEHExceptionRecord@@@Z 1001930a f   libvcruntime:trnsctrl.obj
 0001:0001835d       __CatchGuardHandler        1001935d f   libvcruntime:trnsctrl.obj
 0001:0001838e       __CreateFrameInfo          1001938e f   libvcruntime:trnsctrl.obj
 0001:000183b2       __FindAndUnlinkFrame       100193b2 f   libvcruntime:trnsctrl.obj
 0001:000183fa       __TranslatorGuardHandler   100193fa f   libvcruntime:trnsctrl.obj
 0001:00018497       ___CxxFrameHandler3        10019497 f   libvcruntime:trnsctrl.obj
 0001:000184cd       _wcschr                    100194cd f   libvcruntime:wcschr.obj
 0001:00018594       _wcsstr                    10019594 f   libvcruntime:wcsstr.obj
 0001:00018810       _memmove                   10019810 f   libvcruntime:memmove.obj
 0001:00018810       _memcpy                    10019810 f   libvcruntime:memcpy.obj
 0001:00018d90       _memset                    10019d90 f   libvcruntime:memset.obj
 0001:00018eea       ___DestructExceptionObject 10019eea f   libvcruntime:ehhelpers.obj
 0001:00018f8b       ?_CallMemberFunction0@@YGXQAX0@Z 10019f8b f i libvcruntime:ehhelpers.obj
 0001:00018ff0       __IsExceptionObjectToBeDestroyed 10019ff0 f   libvcruntime:ehhelpers.obj
 0001:00019016       ___AdjustPointer           1001a016 f   libvcruntime:ehhelpers.obj
 0001:0001903b       ___FrameUnwindFilter       1001a03b f   libvcruntime:ehhelpers.obj
 0001:00019091       ___std_terminate           1001a091 f   libvcruntime:ehhelpers.obj
 0001:00019096       ___std_exception_copy      1001a096 f   libvcruntime:std_exception.obj
 0001:000190f9       ___std_exception_destroy   1001a0f9 f   libvcruntime:std_exception.obj
 0001:00019118       __CxxThrowException@8      1001a118 f   libvcruntime:throw.obj
 0001:00019184       __get_purecall_handler     1001a184 f   libvcruntime:purevirt.obj
 0001:0001918b       __purecall                 1001a18b f   libvcruntime:purevirt.obj
 0001:000191a7       _wcsrchr                   1001a1a7 f   libvcruntime:wcsrchr.obj
 0001:00019290       __except_handler4          1001a290 f   libvcruntime:chandler4.obj
 0001:000193f0       _strrchr                   1001a3f0 f   libvcruntime:strrchr.obj
 0001:00019530       _strchr                    1001a530 f   libvcruntime:strchr.obj
 0001:0001959e       ___from_strstr_to_strchr   1001a59e     libvcruntime:strchr.obj
 0001:0001965b       ___vcrt_initialize         1001a65b f   libvcruntime:initialization.obj
 0001:0001967a       ___vcrt_thread_attach      1001a67a f   libvcruntime:initialization.obj
 0001:00019685       ___vcrt_thread_detach      1001a685 f   libvcruntime:initialization.obj
 0001:00019690       ___vcrt_uninitialize       1001a690 f   libvcruntime:initialization.obj
 0001:000196a7       ___vcrt_uninitialize_critical 1001a6a7 f   libvcruntime:initialization.obj
 0001:000196af       ___std_type_info_compare   1001a6af f   libvcruntime:std_type_info.obj
 0001:000196eb       ___std_type_info_destroy_list 1001a6eb f   libvcruntime:std_type_info.obj
[...]
 0002:0000ae90       __ehfuncinfo$?SearchAppPaths@@YA_NPB_WAAUCEStr@@_NPAVCEnvRestorer@@@Z 10034e90     common-user32:WFiles.obj
 0002:0000aeb4       __unwindtable$?SearchAppPaths@@YA_NPB_WAAUCEStr@@_NPAVCEnvRestorer@@@Z 10034eb4     common-user32:WFiles.obj
 0002:0000aedc       __unwindtable$?UpdateComspec@@YAXPAUConEmuComspec@@_N@Z 10034edc     common-user32:WUser.obj
 0002:0000aefc       __ehfuncinfo$?UpdateComspec@@YAXPAUConEmuComspec@@_N@Z 10034efc     common-user32:WUser.obj
 0002:0000afb0       __sehtable$?dllmain_crt_process_attach@@YAHQAUHINSTANCE__@@QAX@Z 10034fb0     LIBCMT:dll_dllmain.obj
 0002:0000afd0       __sehtable$?dllmain_crt_process_detach@@YAH_N@Z 10034fd0     LIBCMT:dll_dllmain.obj
 0002:0000aff8       __sehtable$?dllmain_dispatch@@YAHQAUHINSTANCE__@@KQAX@Z 10034ff8     LIBCMT:dll_dllmain.obj
 0002:0000b018       __sehtable$___scrt_is_nonwritable_in_current_image 10035018     LIBCMT:utility.obj
 0002:0000b038       __sehtable$___DestructExceptionObject 10035038     libvcruntime:ehhelpers.obj
 0002:0000b058       __sehtable$?FrameUnwindToState@__FrameHandler3@@SAXPAUEHRegistrationNode@@PAXPBU_s_FuncInfo@@H@Z 10035058     libvcruntime:frame.obj
 0002:0000b080       __sehtable$?CallCatchBlock@@YAPAXPAUEHExceptionRecord@@PAUEHRegistrationNode@@PAU_CONTEXT@@PBU_s_FuncInfo@@PAXHK@Z 10035080     libvcruntime:frame.obj
 0002:0000b0a8       __catchsym$?CallUnexpected@@YAXPBU_s_ESTypeList@@@Z$2 100350a8     libvcruntime:frame.obj
 0002:0000b0b8       __unwindtable$?CallUnexpected@@YAXPBU_s_ESTypeList@@@Z 100350b8     libvcruntime:frame.obj
 0002:0000b0c8       __tryblocktable$?CallUnexpected@@YAXPBU_s_ESTypeList@@@Z 100350c8     libvcruntime:frame.obj
 0002:0000b0dc       __ehfuncinfo$?CallUnexpected@@YAXPBU_s_ESTypeList@@@Z 100350dc     libvcruntime:frame.obj
 0002:0000b100       __sehtable$??$BuildCatchObjectHelperInternal@V__FrameHandler3@@@@YAHPAUEHExceptionRecord@@PAXPBU_s_HandlerType@@PBU_s_CatchableType@@@Z 10035100     libvcruntime:frame.obj
 0002:0000b120       __sehtable$??$BuildCatchObjectInternal@V__FrameHandler3@@@@YAXPAUEHExceptionRecord@@PAXPBU_s_HandlerType@@PBU_s_CatchableType@@@Z 10035120     libvcruntime:frame.obj
 0002:0000b178       __sehtable$?common_exit@@YAXHW4_crt_exit_cleanup_mode@@W4_crt_exit_return_mode@@@Z 10035178     libucrt:exit.obj
 0002:0000b1a0       __sehtable$??$?RV<lambda_800076c951b434888f4765a74a194fcc>@@AAV<lambda_4e60a939b0d047cfe11ddc22648dfba9>@@V<lambda_6dbb1268764f43b569ce7b67e331d33a>@@@?$__crt_seh_guarded_call@H@@QAEH$$QAV<lambda_800076c951b434888f4765a74a194fcc>@@AAV<lambda_4e60a939b0d047cfe11ddc22648dfba9>@@$$QAV<lambda_6dbb1268764f43b569ce7b67e331d33a>@@@Z 100351a0     libucrt:onexit.obj
 0002:0000b1c0       __sehtable$??$?RV<lambda_995298e7d72eb4c2aab26c0585b3abe5>@@AAV<lambda_275893d493268fdec8709772e3fcec0e>@@V<lambda_293819299cbf9a7022e18b56a874bb5c>@@@?$__crt_seh_guarded_call@H@@QAEH$$QAV<lambda_995298e7d72eb4c2aab26c0585b3abe5>@@AAV<lambda_275893d493268fdec8709772e3fcec0e>@@$$QAV<lambda_293819299cbf9a7022e18b56a874bb5c>@@@Z 100351c0     libucrt:onexit.obj
 0002:0000b1e0       __sehtable$_terminate      100351e0     libucrt:terminate.obj
 0002:0000b200       __sehtable$??$?RV<lambda_9df27f884b057bc3edfc946cb5b7cf47>@@AAV<lambda_e69574bed617af4e071282c136b37893>@@V<lambda_cc0d902bcbbeb830f749456577db4721>@@@?$__crt_seh_guarded_call@X@@QAEX$$QAV<lambda_9df27f884b057bc3edfc946cb5b7cf47>@@AAV<lambda_e69574bed617af4e071282c136b37893>@@$$QAV<lambda_cc0d902bcbbeb830f749456577db4721>@@@Z 10035200     libucrt:per_thread_data.obj
 0002:0000b220       __sehtable$??$?RV<lambda_3518db117f0e7cdb002338c5d3c47b6c>@@AAV<lambda_b2ea41f6bbb362cd97d94c6828d90b61>@@V<lambda_abdedf541bb04549bc734292b4a045d4>@@@?$__crt_seh_guarded_call@X@@QAEX$$QAV<lambda_3518db117f0e7cdb002338c5d3c47b6c>@@AAV<lambda_b2ea41f6bbb362cd97d94c6828d90b61>@@$$QAV<lambda_abdedf541bb04549bc734292b4a045d4>@@@Z 10035220     libucrt:per_thread_data.obj
 0002:0000b240       __sehtable$??$?RV<lambda_51b6e8b1eb166f2a3faf91f424b38130>@@AAV<lambda_6250bd4b2a391816dd638c3bf72b0bcb>@@V<lambda_0b5a4a3e68152e1d9b943535f5f47bed>@@@?$__crt_seh_guarded_call@X@@QAEX$$QAV<lambda_51b6e8b1eb166f2a3faf91f424b38130>@@AAV<lambda_6250bd4b2a391816dd638c3bf72b0bcb>@@$$QAV<lambda_0b5a4a3e68152e1d9b943535f5f47bed>@@@Z 10035240     libucrt:per_thread_data.obj
 0002:0000b260       __sehtable$??$?RV<lambda_5b71d36f03204c0beab531769a5b5694>@@AAV<lambda_be2b3da3f62db62e9dad5dc70221a656>@@V<lambda_8f9ce462984622f9bf76b59e2aaaf805>@@@?$__crt_seh_guarded_call@X@@QAEX$$QAV<lambda_5b71d36f03204c0beab531769a5b5694>@@AAV<lambda_be2b3da3f62db62e9dad5dc70221a656>@@$$QAV<lambda_8f9ce462984622f9bf76b59e2aaaf805>@@@Z 10035260     libucrt:per_thread_data.obj
 0002:0000b280       __sehtable$___acrt_uninitialize_locale 10035280     libucrt:wsetlocale.obj
 0002:0000b2a0       __sehtable$___acrt_initialize_lowio 100352a0     libucrt:ioinit.obj
 0002:0000b2c0       __sehtable$___acrt_update_thread_multibyte_data 100352c0     libucrt:mbctype.obj
 0002:0000b2e0       __sehtable$??$?RV<lambda_978dc153c237d78434369da87b74ff60>@@AAV<lambda_ad1ced32f4ac17aa236e5ef05d6b3b7c>@@V<lambda_4a8533e2866a575feecb8298ce776b0d>@@@?$__crt_seh_guarded_call@X@@QAEX$$QAV<lambda_978dc153c237d78434369da87b74ff60>@@AAV<lambda_ad1ced32f4ac17aa236e5ef05d6b3b7c>@@$$QAV<lambda_4a8533e2866a575feecb8298ce776b0d>@@@Z 100352e0     libucrt:mbctype.obj
 0002:0000b300       __sehtable$__query_new_handler 10035300     libucrt:new_handler.obj
 0002:0000b320       __sehtable$_raise          10035320     libucrt:signal.obj
 0002:0000b340       __sehtable$??$?RV<lambda_a048d3beccc847880fc8490e18b82769>@@AAV<lambda_ec61778202f4f5fc7e7711acc23c3bca>@@V<lambda_f7496a158712204296dd6628a163878e>@@@?$__crt_seh_guarded_call@P6AXH@Z@@QAEP6AXH@Z$$QAV<lambda_a048d3beccc847880fc8490e18b82769>@@AAV<lambda_ec61778202f4f5fc7e7711acc23c3bca>@@$$QAV<lambda_f7496a158712204296dd6628a163878e>@@@Z 10035340     libucrt:signal.obj
 0002:0000b360       __sehtable$___acrt_update_thread_locale_data 10035360     libucrt:locale_refcounting.obj
 0002:0000b380       __sehtable$__fcloseall     10035380     libucrt:closeall.obj
 0002:0000b3a0       __sehtable$_common_flush_all 100353a0     libucrt:fflush.obj
 0002:0000b3c8       __sehtable$___acrt_lowio_ensure_fh_exists 100353c8     libucrt:osfinfo.obj
 0002:0000b3e8       __sehtable$__write         100353e8     libucrt:write.obj
 0002:0000b408       __sehtable$_fclose         10035408     libucrt:fclose.obj
 0002:0000b428       __sehtable$??$?RV<lambda_61cee617f5178ae960314fd4d05640a0>@@AAV<lambda_6978c1fb23f02e42e1d9e99668cc68aa>@@V<lambda_9cd88cf8ad10232537feb2133f08c833>@@@?$__crt_seh_guarded_call@H@@QAEH$$QAV<lambda_61cee617f5178ae960314fd4d05640a0>@@AAV<lambda_6978c1fb23f02e42e1d9e99668cc68aa>@@$$QAV<lambda_9cd88cf8ad10232537feb2133f08c833>@@@Z 10035428     libucrt:commit.obj
 0002:0000b448       __sehtable$??$?RV<lambda_123407a5e2ac06da108355a851863b7a>@@AAV<lambda_2fe9b910cf3cbf4a0ab98a02ba45b3ec>@@V<lambda_ae55bdf541ad94d75914d381c370e64d>@@@?$__crt_seh_guarded_call@H@@QAEH$$QAV<lambda_123407a5e2ac06da108355a851863b7a>@@AAV<lambda_2fe9b910cf3cbf4a0ab98a02ba45b3ec>@@$$QAV<lambda_ae55bdf541ad94d75914d381c370e64d>@@@Z 10035448     libucrt:close.obj
 0002:0000b468       __sehtable$__IsNonwritableInCurrentImage 10035468     LIBCMT:pesect.obj
 0002:0000b490       .edata                     10035490     ConEmu.exp
 0002:0000b4b8       rgpv                       100354b8     ConEmu.exp
 0002:0000b524       rgszName                   10035524     ConEmu.exp
 0002:0000b590       rgwOrd                     10035590     ConEmu.exp
 0002:0000b5c6       szName                     100355c6     ConEmu.exp
 0002:0000b5d1       $N00001                    100355d1     ConEmu.exp
 0002:0000b5e1       $N00002                    100355e1     ConEmu.exp
 0002:0000b5e9       $N00003                    100355e9     ConEmu.exp
 0002:0000b5f5       $N00004                    100355f5     ConEmu.exp
 0002:0000b600       $N00005                    10035600     ConEmu.exp
 0002:0000b60e       $N00006                    1003560e     ConEmu.exp
 0002:0000b61f       $N00007                    1003561f     ConEmu.exp
 0002:0000b62d       $N00008                    1003562d     ConEmu.exp
 0002:0000b63c       $N00009                    1003563c     ConEmu.exp
 0002:0000b64c       $N00010                    1003564c     ConEmu.exp
 0002:0000b657       $N00011                    10035657     ConEmu.exp
 0002:0000b65d       $N00012                    1003565d     ConEmu.exp
 0002:0000b670       $N00013                    10035670     ConEmu.exp
 0002:0000b683       $N00014                    10035683     ConEmu.exp
 0002:0000b696       $N00015                    10035696     ConEmu.exp
 0002:0000b6a9       $N00016                    100356a9     ConEmu.exp
 0002:0000b6bb       $N00017                    100356bb     ConEmu.exp
 0002:0000b6ca       $N00018                    100356ca     ConEmu.exp
 0002:0000b6d6       $N00019                    100356d6     ConEmu.exp
 0002:0000b6df       $N00020                    100356df     ConEmu.exp
 0002:0000b6ee       $N00021                    100356ee     ConEmu.exp
 0002:0000b700       $N00022                    10035700     ConEmu.exp
 0002:0000b70c       $N00023                    1003570c     ConEmu.exp
 0002:0000b720       $N00024                    10035720     ConEmu.exp
 0002:0000b734       $N00025                    10035734     ConEmu.exp
 0002:0000b749       $N00026                    10035749     ConEmu.exp
 0002:0000b75d       $N00027                    1003575d     ConEmu.exp
 0002:0000bb62       .idata$6                   10035b62     version:VERSION.dll
 0002:0000c0cc       .idata$6                   100360cc     kernel32:KERNEL32.dll
 0002:0000c1d8       .idata$6                   100361d8     user32:USER32.dll
 0002:0000c278       .idata$6                   10036278     gdi32:GDI32.dll
 0002:0000c2b4       .idata$6                   100362b4     advapi32:ADVAPI32.dll
 0003:00000100       ?val@?CE@??Open@CPluginW2800@@UAEPAXPBX@Z@4UFarMacroValue@@A 10037100     ConEmuPlugin2800.obj
 0003:00000240       ?__vcrt_flsindex@@3KA      10037240     libvcruntime:per_thread_data.obj
 0003:00000260       _errno_no_memory           10037260     libucrt:errno.obj
 0003:00000264       _doserrno_no_memory        10037264     libucrt:errno.obj
 0003:00000270       ___acrt_flsindex           10037270     libucrt:per_thread_data.obj
 0003:000003e8       ___rgctypeflag             100373e8     libucrt:mbctype.obj
 0003:000003f0       ___rgcode_page_info        100373f0     libucrt:mbctype.obj
 0003:00000d50       ?store@?M@??GetPanelInfo@CPluginW1900@@UAE_NKPAUCEPanelInfo@@@Z@4UPanelInfo@@A 10037d50     ConEmuPlugin1900.obj
 0003:00000da0       ?szMenu@?1??GetPluginInfoPtr@CPluginW1900@@UAEXPAX@Z@4PAPA_WA 10037da0     ConEmuPlugin1900.obj
 0003:00000da8       ?szMenu1@?1??GetPluginInfoPtr@CPluginW1900@@UAEXPAX@Z@4PA_WA 10037da8     ConEmuPlugin1900.obj
 0003:00000fa8       ?WLastActive@?1??UpdateConEmuTabsApi@CPluginW1900@@UAE_NH@Z@4UWindowInfo@@A 10037fa8     ConEmuPlugin1900.obj
 0003:00000fd8       ?pwList@@3PAV?$MArray@UWindowInfo@@@@A 10037fd8     ConEmuPlugin2800.obj
 0003:00000fe0       ?store@?M@??GetPanelInfo@CPluginW2800@@UAE_NKPAUCEPanelInfo@@@Z@4UPanelInfo@@A 10037fe0     ConEmuPlugin2800.obj
 0003:00001030       ?szMenu@?1??GetPluginInfoPtr@CPluginW2800@@UAEXPAX@Z@4PAPA_WA 10038030     ConEmuPlugin2800.obj
 0003:00001038       ?szMenu1@?1??GetPluginInfoPtr@CPluginW2800@@UAEXPAX@Z@4PA_WA 10038038     ConEmuPlugin2800.obj
 0003:00001238       ?WLastActive@?1??UpdateConEmuTabsApi@CPluginW2800@@UAE_NH@Z@4UWindowInfo@@A 10038238     ConEmuPlugin2800.obj
 0003:00001260       ?rc@?CE@??Open@CPluginW2800@@UAEPAXPBX@Z@4UFarMacroCall@@A 10038260     ConEmuPlugin2800.obj
 0003:0000127c       ?ghSyncDlg@@3PAXA          1003827c     ConEmuPlugin995.obj
 0003:00001280       ?store@?M@??GetPanelInfo@CPluginW995@@UAE_NKPAUCEPanelInfo@@@Z@4UPanelInfo@@A 10038280     ConEmuPlugin995.obj
 0003:000012c4       ?szMenu@?1??GetPluginInfoPtr@CPluginW995@@UAEXPAX@Z@4PAPA_WA 100382c4     ConEmuPlugin995.obj
 0003:000012c8       ?szMenu1@?1??GetPluginInfoPtr@CPluginW995@@UAEXPAX@Z@4PA_WA 100382c8     ConEmuPlugin995.obj
 0003:000014d0       ?store@?M@??GetPanelInfo@CPluginAnsi@@UAE_NKPAUCEPanelInfo@@@Z@4UPanelInfo@@A 100384d0     ConEmuPluginA.obj
 0003:000016c0       ?szMenu@?1??GetPluginInfoPtr@CPluginAnsi@@UAEXPAX@Z@4PAPADA 100386c0     ConEmuPluginA.obj
 0003:000016c8       ?szMenu1@?1??GetPluginInfoPtr@CPluginAnsi@@UAEXPAX@Z@4PADA 100386c8     ConEmuPluginA.obj
 0003:000029ac       ?gbTryOpenMapHeader@@3HA   100399ac     ConEmuPluginBase.obj
 0003:000029b0       ?gbStartupHooksAfterMap@@3HA 100399b0     ConEmuPluginBase.obj
 0003:000029b4       ?siEnabled@?1??CheckBufferEnabled@CPluginBase@@QAE_NXZ@4HA 100399b4     ConEmuPluginBase.obj
 0003:000029b8       ?dwLastTickCount@?7??CheckResources@CPluginBase@@QAEX_N@Z@4KA 100399b8     ConEmuPluginBase.obj
 0003:000029bc       ?$TSS0@?7??CheckResources@CPluginBase@@QAEX_N@Z@4HA 100399bc     ConEmuPluginBase.obj
 0003:000029c0       ?dwLastTickCount@?9??OnConsolePeekReadInput@CPluginBase@@SAX_N@Z@4KA 100399c0     ConEmuPluginBase.obj
 0003:00002c08       ?gHeapInit@?A0x8f3601b8@@3U?$atomic@H@std@@A 10039c08     common-kernel32:Memory.obj
 0003:00002c0c       ?gHeapCounter@?A0x8f3601b8@@3U?$atomic@H@std@@A 10039c0c     common-kernel32:Memory.obj
 0003:00002c10       ?ghHeap@?A0x8f3601b8@@3PAXA 10039c10     common-kernel32:Memory.obj
 0003:00002c28       ?szFile@?1??ModuleName@@YAPB_WPB_W@Z@4PA_WA 10039c28     common-kernel32:ConEmuCheck.obj
 0003:00002c6c       ?gh_UnknownTerminatedThread@@3PAXA 10039c6c     common-kernel32:WThreads.obj
 0003:00002c70       ?g_Threads@@3PAUConEmuThreadInfo@@A 10039c70     common-kernel32:WThreads.obj
 0003:0000a474       ?szNil@?1??GetCommand@CESERVER_REQ_NEWCMD@@QAEPA_WXZ@4PA_WA 10041474     common-kernel32:Common.obj
 0003:0000a480       ?rtlVerifyVersionInfo@?1??_VerifyVersionInfo@@YA_NPAU_OSVERSIONINFOEXW@@K_K@Z@4P6GH0K1@ZA 10041480     common-kernel32:WObjects.obj
 0003:0000a484       ?hasRtl@?1??_VerifyVersionInfo@@YA_NPAU_OSVERSIONINFOEXW@@K_K@Z@4HA 10041484     common-kernel32:WObjects.obj
 0003:0000a488       ?ibIsWin6@?1??IsWin6@@YA_NXZ@4HA 10041488     common-kernel32:WObjects.obj
 0003:0000a48c       ?ibIsWin7@?1??IsWin7@@YA_NXZ@4HA 1004148c     common-kernel32:WObjects.obj
 0003:0000a490       ?is64bitOs@?1??IsWindows64@@YA_NXZ@4_NA 10041490     common-kernel32:WObjects.obj
 0003:0000a491       ?isOsChecked@?1??IsWindows64@@YA_NXZ@4_NA 10041491     common-kernel32:WObjects.obj
 0003:0000a498       ?terminalMode@?1??isTerminalMode@@YA_NXZ@4_NA 10041498     common-kernel32:MProcess.obj
 0003:0000a499       ?terminalChecked@?1??isTerminalMode@@YA_NXZ@4_NA 10041499     common-kernel32:MProcess.obj
 0003:0000a49a       ?bSysInfoRetrieved@?1??IsModuleValid@@YA_NPAUHINSTANCE__@@H@Z@4_NA 1004149a     common-kernel32:WModuleCheck.obj
 0003:0000a49c       ?si@?1??IsModuleValid@@YA_NPAUHINSTANCE__@@H@Z@4U_SYSTEM_INFO@@A 1004149c     common-kernel32:WModuleCheck.obj
 0003:0000a4cc       ?g_tss_cv@@3U_RTL_CONDITION_VARIABLE@@A 100414cc     LIBCMT:thread_safe_statics.obj
 0003:0000a4d0       ?g_tss_event@@3PAXA        100414d0     LIBCMT:thread_safe_statics.obj
 0003:0000a4d4       ?g_tss_mutex@@3U_RTL_CRITICAL_SECTION@@A 100414d4     LIBCMT:thread_safe_statics.obj
 0003:0000a4ec       ?g_sleep_condition_variable_cs@@3P6GHPAU_RTL_CONDITION_VARIABLE@@PAU_RTL_CRITICAL_SECTION@@K@ZA 100414ec     LIBCMT:thread_safe_statics.obj
 0003:0000a4f0       ?g_wake_all_condition_variable@@3P6GXPAU_RTL_CONDITION_VARIABLE@@@ZA 100414f0     LIBCMT:thread_safe_statics.obj
 0003:0000a4f4       ?__proc_attached@@3HA      100414f4     LIBCMT:dll_dllmain.obj
 0003:0000a500       ?is_initialized_as_dll@@3_NA 10041500     LIBCMT:utility.obj
 0003:0000a501       ?module_local_atexit_table_initialized@@3_NA 10041501     LIBCMT:utility.obj
 0003:0000a504       ?module_local_atexit_table@@3U_onexit_table_t@@A 10041504     LIBCMT:utility.obj
 0003:0000a510       ?module_local_at_quick_exit_table@@3U_onexit_table_t@@A 10041510     LIBCMT:utility.obj
 0003:0000a520       _GS_ExceptionRecord        10041520     LIBCMT:gs_report.obj
 0003:0000a570       _GS_ContextRecord          10041570     LIBCMT:gs_report.obj
 0003:0000a85c       ?__vcrt_startup_thread_ptd@@3U__vcrt_ptd@@A 1004185c     libvcruntime:per_thread_data.obj
 0003:0000a888       ___vcrt_lock_table         10041888     libvcruntime:locks.obj
 0003:0000a8a0       ___vcrt_locks_initialized  100418a0     libvcruntime:locks.obj
 0003:0000a8cc       ?heap@@3V_HeapManager@@A   100418cc     libvcruntime:undname.obj
 0003:0000a8e0       ?module_handles@@3PAPAUHINSTANCE__@@A 100418e0     libvcruntime:winapi_downlevel.obj
 0003:0000a8ec       ?function_pointers@@3PAPAXA 100418ec     libvcruntime:winapi_downlevel.obj
 0003:0000a900       ___acrt_invalid_parameter_handler 10041900     libucrt:invalid_parameter.obj
 0003:0000a904       _c_termination_complete    10041904     libucrt:exit.obj
 0003:0000a908       _thread_local_exit_callback_func 10041908     libucrt:exit.obj
 0003:0000a90c       ?c_exit_complete@?5??common_exit@@YAXHW4_crt_exit_cleanup_mode@@W4_crt_exit_return_mode@@@Z@4_NA 1004190c     libucrt:exit.obj
 0003:0000a910       ?program_name@?5???$common_configure_argv@D@@YAHW4_crt_argv_mode@@@Z@4PADA 10041910     libucrt:argv_parsing.obj
 0003:0000aa48       _enable_percent_n          10041a48     libucrt:printf_count_output.obj
 0003:0000ac68       ___acrt_lock_table         10041c68     libucrt:locks.obj
 0003:0000ada0       ___acrt_locks_initialized  10041da0     libucrt:locks.obj
 0003:0000ada8       _module_handles            10041da8     libucrt:winapi_thunks.obj
 0003:0000adf8       _encoded_function_pointers 10041df8     libucrt:winapi_thunks.obj
 0003:0000ae78       ?state_cache@?1??__acrt_is_packaged_app@@9@4JA 10041e78     libucrt:winapi_thunks.obj
 0003:0000ae94       _fSystemSet                10041e94     libucrt:mbctype.obj
 0003:0000ae98       ?initialized@?1??__acrt_initialize_multibyte@@9@4_NA 10041e98     libucrt:mbctype.obj
 0003:0000aeb8       ___acrt_new_handler        10041eb8     libucrt:new_handler.obj
 0003:0000aebc       _ctrlc_action              10041ebc     libucrt:signal.obj
 0003:0000aec0       _ctrlbreak_action          10041ec0     libucrt:signal.obj
 0003:0000aec4       _abort_action              10041ec4     libucrt:signal.obj
 0003:0000aec8       _term_action               10041ec8     libucrt:signal.obj
 0003:0000aecc       _user_matherr              10041ecc     libucrt:matherr.obj
 0003:0000aed0       ___acrt_global_new_mode    10041ed0     libucrt:new_mode.obj
 0003:0000aedc       ___acrt_app_type           10041edc     libucrt:report_runtime_error.obj
 0003:0000aee4       __pmatherr_set             10041ee4     libucrt:libm_error.obj
 0003:0000af3c       ?gbPauseConsoleWasRequested@@3_NA 10041f3c     common-kernel32:WConsole.obj
 0003:0000af40       ?GetCurrentConsoleFontEx@?1??apiGetCurrentConsoleFontEx@@YAHPAXHPAUMY_CONSOLE_FONT_INFOEX@@@Z@4P6GH0H1@ZA 10041f40     common-kernel32:WConsole.obj
 0003:0000af44       ?bFuncChecked@?1??apiGetCurrentConsoleFontEx@@YAHPAXHPAUMY_CONSOLE_FONT_INFOEX@@@Z@4_NA 10041f44     common-kernel32:WConsole.obj
 0003:0000af48       ?SetCurrentConsoleFontEx@?1??apiSetCurrentConsoleFontEx@@YAHPAXHPAUMY_CONSOLE_FONT_INFOEX@@@Z@4P6GH0H1@ZA 10041f48     common-kernel32:WConsole.obj
 0003:0000af4c       ?bFuncChecked@?1??apiSetCurrentConsoleFontEx@@YAHPAXHPAUMY_CONSOLE_FONT_INFOEX@@@Z@4_NA 10041f4c     common-kernel32:WConsole.obj
 0004:000000a0       $R000000                   100420a0     ConEmu.res
 0004:000003a8       $R000308                   100423a8     ConEmu.res
