 gdi+

 Timestamp is 64bdb24e (Mon Jul 24 01:05:50 2023)

 Preferred load address is 0000000180000000

 Start         Length     Name                   Class
 0001:00000000 00011760H .text$mn                CODE
 0001:00011760 00000040H .text$mn$00             CODE
 0001:000117a0 000002e0H .text$x                 CODE
 0002:00000000 00000310H .idata$5                DATA
 0002:00000310 00000028H .00cfg                  DATA
 0002:00000338 00000008H .CRT$XCA                DATA
 0002:00000340 00000008H .CRT$XCZ                DATA
 0002:00000348 00000008H .CRT$XIA                DATA
 0002:00000350 00000018H .CRT$XIC                DATA
 0002:00000368 00000008H .CRT$XIZ                DATA
 0002:00000370 00000008H .CRT$XPA                DATA
 0002:00000378 00000010H .CRT$XPX                DATA
 0002:00000388 00000008H .CRT$XPXA               DATA
 0002:00000390 00000008H .CRT$XPZ                DATA
 0002:00000398 00000008H .CRT$XTA                DATA
 0002:000003a0 00000010H .CRT$XTZ                DATA
 0002:000003a8 00000000H .gehcont$y              DATA
 0002:000003a8 00000000H .gfids$y                DATA
 0002:000003b0 00008650H .rdata                  DATA
 0002:00008a00 00000000H .rdata$CastGuardVftablesA DATA
 0002:00008a00 00000000H .rdata$CastGuardVftablesC DATA
 0002:00008a00 00000000H .rdata$r                DATA
 0002:00008a00 00000054H .rdata$voltmd           DATA
 0002:00008a54 00000324H .rdata$zzzdbg           DATA
 0002:00008d78 00000008H .rtc$IAA                DATA
 0002:00008d80 00000008H .rtc$IZZ                DATA
 0002:00008d88 00000008H .rtc$TAA                DATA
 0002:00008d90 00000008H .rtc$TZZ                DATA
 0002:00008d98 00000de8H .xdata                  DATA
 0002:00009b78 00000000H .xdata$x                DATA
 0002:00009b80 00000094H .edata                  DATA
 0002:00009c14 00000050H .idata$2                DATA
 0002:00009c64 00000014H .idata$3                DATA
 0002:00009c78 00000310H .idata$4                DATA
 0002:00009f88 000006c0H .idata$6                DATA
 0003:00000000 00000a10H .data                   DATA
 0003:00000a10 00000000H .data$r                 DATA
 0003:00000a10 00000000H .data$rs                DATA
 0003:00000a10 00009a38H .bss                    DATA
 0004:00000000 00001074H .pdata                  DATA
 0005:00000000 000000f4H _RDATA                  DATA
 0006:00000000 000000a0H .rsrc$01                DATA
 0006:000000a0 00000490H .rsrc$02                DATA

  Address         Publics by Value              Rva+Base               Lib:Object

 0000:00000000       __guard_longjmp_table      0000000000000000     <absolute>
 0000:00000000       ___safe_se_handler_table   0000000000000000     <absolute>
 0000:00000000       __guard_fids_count         0000000000000000     <absolute>
 0000:00000000       __x64_code_ranges_to_entry_points_count 0000000000000000     <absolute>
 0000:00000000       __arm64x_extra_rfe_table   0000000000000000     <absolute>
 0000:00000000       __arm64x_redirection_metadata 0000000000000000     <absolute>
 0000:00000000       __guard_iat_table          0000000000000000     <absolute>
 0000:00000000       __hybrid_code_map          0000000000000000     <absolute>
 0000:00000000       __arm64x_extra_rfe_table_size 0000000000000000     <absolute>
 0000:00000000       __x64_code_ranges_to_entry_points 0000000000000000     <absolute>
 0000:00000000       ___safe_se_handler_count   0000000000000000     <absolute>
 0000:00000000       __guard_iat_count          0000000000000000     <absolute>
 0000:00000000       __guard_longjmp_count      0000000000000000     <absolute>
 0000:00000000       __dynamic_value_reloc_table 0000000000000000     <absolute>
 0000:00000000       __hybrid_auxiliary_iat     0000000000000000     <absolute>
 0000:00000000       __hybrid_auxiliary_iat_copy 0000000000000000     <absolute>
 0000:00000000       __guard_eh_cont_count      0000000000000000     <absolute>
 0000:00000000       __AbsoluteZero             0000000000000000     <absolute>
 0000:00000000       __guard_check_icall_a64n_fptr 0000000000000000     <absolute>
 0000:00000000       __guard_fids_table         0000000000000000     <absolute>
 0000:00000000       __arm64x_redirection_metadata_count 0000000000000000     <absolute>
 0000:00000000       __enclave_config           0000000000000000     <absolute>
 0000:00000000       __guard_eh_cont_table      0000000000000000     <absolute>
 0000:00000000       __arm64x_native_entrypoint 0000000000000000     <absolute>
 0000:00000000       __hybrid_code_map_count    0000000000000000     <absolute>
 0000:00000100       __guard_flags              0000000000000100     <absolute>
 0000:00000000       __ImageBase                0000000180000000     <linker-defined>
 0001:00000000       ?CET_Cancel@@YAXPEAX@Z     0000000180001000 f   gdip.obj
 0001:00000018       ?CET_Done@@YAXPEAUCET_Init@@@Z 0000000180001018 f   gdip.obj
 0001:00000040       ?CET_Free@@YAXPEAUCET_LoadInfo@@@Z 0000000180001040 f   gdip.obj
 0001:000000e4       ?CET_Init@@YAHPEAU0@@Z     00000001800010e4 f   gdip.obj
 0001:00000174       ?CET_Load@@YAHPEAUCET_LoadInfo@@@Z 0000000180001174 f   gdip.obj
 0001:0000042c       ?CalculateShowSize@GDIPlusImage@@QEAAXAEAH0000@Z 000000018000142c f i gdip.obj
 0001:000005ac       ?Close@GDIPlusDecoder@@QEAAXXZ 00000001800015ac f i gdip.obj
 0001:0000067c       ?Close@GDIPlusImage@@QEAAXXZ 000000018000167c f i gdip.obj
 0001:000006fc       ?DrawImageAbortCallback@GDIPlusImage@@SAHPEAUGDIPlusDecoder@@@Z 00000001800016fc f i gdip.obj
 0001:00000708       ?FreeThreadProc@GDIPlusDecoder@@SAKPEAX@Z 0000000180001708 f i gdip.obj
 0001:00000728       ?GetExifTagValueAsInt@GDIPlusImage@@QEAA_NKAEAH@Z 0000000180001728 f i gdip.obj
 0001:00000808       ?GetPageBits@GDIPlusImage@@QEAA_NPEAUCET_LoadInfo@@@Z 0000000180001808 f i gdip.obj
 0001:00000d24       ?Init@GDIPlusDecoder@@QEAA_NPEAUCET_Init@@@Z 0000000180001d24 f i gdip.obj
 0001:00001038       ?Open@GDIPlusImage@@QEAA_N_NPEB_WPEBE_JU_COORD@@@Z 0000000180002038 f i gdip.obj
 0001:00001400       ?SelectPage@GDIPlusImage@@QEAA_NI@Z 0000000180002400 f i gdip.obj
 0001:000014c8       ??2@YAPEAX_K@Z             00000001800024c8 f   common-kernel64:Memory.obj
 0001:000014f0       ??_V@YAXPEAX@Z             00000001800024f0 f   common-kernel64:Memory.obj
 0001:000014f0       ??3@YAXPEAX@Z              00000001800024f0 f   common-kernel64:Memory.obj
 0001:000014f8       ??_U@YAPEAX_K@Z            00000001800024f8 f   common-kernel64:Memory.obj
 0001:00001500       ?HeapDeinitialize@@YAXXZ   0000000180002500 f   common-kernel64:Memory.obj
 0001:00001564       ?HeapInitialize@@YA_NXZ    0000000180002564 f   common-kernel64:Memory.obj
 0001:000015a0       ?xf_free@@YAXPEAX@Z        00000001800025a0 f   common-kernel64:Memory.obj
 0001:00001618       ?xf_malloc@@YAPEAX_K@Z     0000000180002618 f   common-kernel64:Memory.obj
 0001:00001640       ??$sprintf_c@$0CI@@@YAHAEAY0CI@DPEBDZZ 0000000180002640 f i common-kernel64:WThreads.obj
 0001:0000166c       ?SetThreadName@@YAXKPEAD@Z 000000018000266c f   common-kernel64:WThreads.obj
 0001:000016a4       ?StringCchVPrintfA@@YAJPEAD_KPEBD0@Z 00000001800026a4 f i common-kernel64:WThreads.obj
 0001:0000174c       ?apiCreateThread@@YAPEAXP6AKPEAX@Z0PEAKPEBDH@Z 000000018000274c f   common-kernel64:WThreads.obj
 0001:00001894       ?apiTerminateThreadEx@@YAHPEAXKPEBDH@Z 0000000180002894 f   common-kernel64:WThreads.obj
 0001:0000199c       ?apiThreadHelper@@YAKPEAX@Z 000000018000299c f   common-kernel64:WThreads.obj
 0001:00001ba8       __local_stdio_printf_options 0000000180002ba8 f i common-kernel64:WThreads.obj
 0001:00001bb0       ?sprintf_c@@YAHPEAD_JPEBDZZ 0000000180002bb0 f   common-kernel64:MStrSafe.obj
 0001:00001bf0       __raise_securityfailure    0000000180002bf0 f   LIBCMT:gs_report.obj
 0001:00001c24       __report_gsfailure         0000000180002c24 f   LIBCMT:gs_report.obj
 0001:00001cf8       __report_rangecheckfailure 0000000180002cf8 f   LIBCMT:gs_report.obj
 0001:00001d0c       __report_securityfailure   0000000180002d0c f   LIBCMT:gs_report.obj
 0001:00001e8c       __GSHandlerCheck           0000000180002e8c f   LIBCMT:gshandler.obj
 0001:00001eac       __GSHandlerCheckCommon     0000000180002eac f   LIBCMT:gshandler.obj
 0001:00001f20       __security_check_cookie    0000000180002f20 f   LIBCMT:amdsecgs.obj
 0001:00002260       _DllMainCRTStartup         0000000180003260 f   LIBCMT:dll_dllmain.obj
 0001:000022a0       ??3@YAXPEAX_K@Z            00000001800032a0 f   LIBCMT:delete_scalar_size.obj
 0001:000022a8       __security_init_cookie     00000001800032a8 f   LIBCMT:gs_support.obj
 0001:00002354       DllMain                    0000000180003354 f   LIBCMT:dll_dllmain_stub.obj
 0001:00002354       _get_startup_argv_mode     0000000180003354 f   LIBCMT:argv_mode.obj
 0001:0000235c       ?__scrt_initialize_type_info@@YAXXZ 000000018000335c f   LIBCMT:tncleanup.obj
 0001:0000236c       ?__scrt_uninitialize_type_info@@YAXXZ 000000018000336c f   LIBCMT:tncleanup.obj
 0001:00002378       __local_stdio_scanf_options 0000000180003378 f i LIBCMT:default_local_stdio_options.obj
 0001:00002380       __scrt_initialize_default_local_stdio_options 0000000180003380 f   LIBCMT:default_local_stdio_options.obj
 0001:0000239c       __scrt_acquire_startup_lock 000000018000339c f   LIBCMT:utility.obj
 0001:000023d8       __scrt_dllmain_after_initialize_c 00000001800033d8 f   LIBCMT:utility.obj
 0001:0000240c       __scrt_dllmain_before_initialize_c 000000018000340c f   LIBCMT:utility.obj
 0001:00002424       __scrt_dllmain_crt_thread_attach 0000000180003424 f   LIBCMT:utility.obj
 0001:0000244c       __scrt_dllmain_crt_thread_detach 000000018000344c f   LIBCMT:utility.obj
 0001:00002464       __scrt_dllmain_exception_filter 0000000180003464 f   LIBCMT:utility.obj
 0001:000024c4       __scrt_dllmain_uninitialize_c 00000001800034c4 f   LIBCMT:utility.obj
 0001:000024f4       __scrt_dllmain_uninitialize_critical 00000001800034f4 f   LIBCMT:utility.obj
 0001:00002508       __scrt_initialize_crt      0000000180003508 f   LIBCMT:utility.obj
 0001:00002554       __scrt_initialize_onexit_tables 0000000180003554 f   LIBCMT:utility.obj
 0001:000025e0       __scrt_is_nonwritable_in_current_image 00000001800035e0 f   LIBCMT:utility.obj
 0001:00002678       __scrt_release_startup_lock 0000000180003678 f   LIBCMT:utility.obj
 0001:0000269c       __scrt_uninitialize_crt    000000018000369c f   LIBCMT:utility.obj
 0001:000026c8       __scrt_get_dyn_tls_init_callback 00000001800036c8 f   LIBCMT:dyn_tls_init.obj
 0001:000026d0       __crt_debugger_hook        00000001800036d0 f   LIBCMT:utility_desktop.obj
 0001:000026d8       __scrt_fastfail            00000001800036d8 f   LIBCMT:utility_desktop.obj
 0001:00002824       _RTC_Initialize            0000000180003824 f   LIBCMT:initsect.obj
 0001:00002860       _RTC_Terminate             0000000180003860 f   LIBCMT:initsect.obj
 0001:0000289c       _guard_check_icall_nop     000000018000389c f i LIBCMT:guard_support.obj
 0001:000028a0       __isa_available_init       00000001800038a0 f   LIBCMT:cpu_disp.obj
 0001:00002a44       __scrt_is_ucrt_dll_in_use  0000000180003a44 f   LIBCMT:ucrt_detection.obj
 0001:00002a50       wcsrchr                    0000000180003a50 f   libvcruntime:wcsrchr.obj
 0001:00002b00       strchr                     0000000180003b00 f   libvcruntime:strchr.obj
 0001:00002b80       strrchr                    0000000180003b80 f   libvcruntime:strrchr.obj
 0001:00002cac       __C_specific_handler       0000000180003cac f   libvcruntime:riscchandler.obj
 0001:00002ed0       memcpy_repmovs             0000000180003ed0 f   libvcruntime:memcpy.obj
 0001:00002ef0       memmove                    0000000180003ef0 f   libvcruntime:memcpy.obj
 0001:00002ef0       memcpy                     0000000180003ef0 f   libvcruntime:memcpy.obj
 0001:00003580       memset_repmovs             0000000180004580 f   libvcruntime:memset.obj
 0001:000035a0       memset                     00000001800045a0 f   libvcruntime:memset.obj
 0001:00003730       __std_type_info_destroy_list 0000000180004730 f   libvcruntime:std_type_info.obj
 0001:0000375c       __vcrt_initialize          000000018000475c f   libvcruntime:initialization.obj
 0001:00003784       __vcrt_thread_attach       0000000180004784 f   libvcruntime:initialization.obj
 0001:00003798       __vcrt_thread_detach       0000000180004798 f   libvcruntime:initialization.obj
 0001:000037ac       __vcrt_uninitialize        00000001800047ac f   libvcruntime:initialization.obj
 0001:000037c8       __vcrt_uninitialize_critical 00000001800047c8 f   libvcruntime:initialization.obj
 0001:000037d8       __DestructExceptionObject  00000001800047d8 f   libvcruntime:ehhelpers.obj
 0001:00003848       ?_CallMemberFunction0@@YAXQEAX0@Z 0000000180004848 f i libvcruntime:ehhelpers.obj
 0001:00003860       _NLG_Notify                0000000180004860 f   libvcruntime:notify.obj
 0001:00003880       __NLG_Dispatch2            0000000180004880 f   libvcruntime:notify.obj
 0001:00003890       __NLG_Return2              0000000180004890 f   libvcruntime:notify.obj
 0001:00003894       __except_validate_context_record 0000000180004894 f   libvcruntime:jbcxrval.obj
 0001:000038cc       __vcrt_freefls             00000001800048cc f   libvcruntime:per_thread_data.obj
 0001:000038ec       __vcrt_freeptd             00000001800048ec f   libvcruntime:per_thread_data.obj
 0001:0000393c       __vcrt_getptd              000000018000493c f   libvcruntime:per_thread_data.obj
 0001:00003958       __vcrt_getptd_noexit       0000000180004958 f   libvcruntime:per_thread_data.obj
 0001:00003a18       __vcrt_initialize_ptd      0000000180004a18 f   libvcruntime:per_thread_data.obj
 0001:00003a60       __vcrt_uninitialize_ptd    0000000180004a60 f   libvcruntime:per_thread_data.obj
 0001:00003a84       __vcrt_initialize_locks    0000000180004a84 f   libvcruntime:locks.obj
 0001:00003ab8       __vcrt_uninitialize_locks  0000000180004ab8 f   libvcruntime:locks.obj
 0001:00003c40       __vcrt_FlsAlloc            0000000180004c40 f   libvcruntime:winapi_downlevel.obj
 0001:00003c88       __vcrt_FlsFree             0000000180004c88 f   libvcruntime:winapi_downlevel.obj
 0001:00003cd0       __vcrt_FlsGetValue         0000000180004cd0 f   libvcruntime:winapi_downlevel.obj
 0001:00003d18       __vcrt_FlsSetValue         0000000180004d18 f   libvcruntime:winapi_downlevel.obj
 0001:00003d6c       __vcrt_InitializeCriticalSectionEx 0000000180004d6c f   libvcruntime:winapi_downlevel.obj
 0001:00003de0       _CallSettingFrame          0000000180004de0 f   libvcruntime:handlers.obj
 0001:00003e30       _CallSettingFrame_LookupContinuationIndex 0000000180004e30 f   libvcruntime:handlers.obj
 0001:00003e60       _CallSettingFrame_NotifyContinuationAddr 0000000180004e60 f   libvcruntime:handlers.obj
 0001:00003e90       _CallSettingFrameEncoded   0000000180004e90 f   libvcruntime:handlers.obj
 0001:000040a4       ??$ensure_buffer_is_big_enough@D@formatting_buffer@__crt_stdio_output@@QEAA_N_K@Z 00000001800050a4 f i libucrt:output.obj
 0001:0000414c       ??$type_case_integer_parse_into_buffer@I@?$output_processor@DV?$string_output_adapter@D@__crt_stdio_output@@V?$standard_base@DV?$string_output_adapter@D@__crt_stdio_output@@@2@@__crt_stdio_output@@AEAAXII_N@Z 000000018000514c f i libucrt:output.obj
 0001:000041d4       ??$type_case_integer_parse_into_buffer@_K@?$output_processor@DV?$string_output_adapter@D@__crt_stdio_output@@V?$standard_base@DV?$string_output_adapter@D@__crt_stdio_output@@@2@@__crt_stdio_output@@AEAAX_KI_N@Z 00000001800051d4 f i libucrt:output.obj
 0001:00004264       ??$write_multiple_characters@V?$string_output_adapter@D@__crt_stdio_output@@D@__crt_stdio_output@@YAXAEBV?$string_output_adapter@D@0@DHQEAH@Z 0000000180005264 f i libucrt:output.obj
 0001:000042dc       ??0_LocaleUpdate@@QEAA@QEAU__crt_locale_pointers@@@Z 00000001800052dc f i libucrt:output.obj
 0001:00004380       ?crop_zeroes@__crt_stdio_output@@YAXPEADQEAU__crt_locale_pointers@@@Z 0000000180005380 f i libucrt:output.obj
 0001:00004420       ?force_decimal_point@__crt_stdio_output@@YAXPEADQEAU__crt_locale_pointers@@@Z 0000000180005420 f i libucrt:output.obj
 0001:00004498       ?parse_int_from_format_string@?$output_processor@DV?$string_output_adapter@D@__crt_stdio_output@@V?$standard_base@DV?$string_output_adapter@D@__crt_stdio_output@@@2@@__crt_stdio_output@@AEAA_NQEAH@Z 0000000180005498 f i libucrt:output.obj
 0001:0000453c       ?process@?$output_processor@DV?$string_output_adapter@D@__crt_stdio_output@@V?$standard_base@DV?$string_output_adapter@D@__crt_stdio_output@@@2@@__crt_stdio_output@@QEAAHXZ 000000018000553c f i libucrt:output.obj
 0001:00004744       ?state_case_normal@?$output_processor@DV?$string_output_adapter@D@__crt_stdio_output@@V?$standard_base@DV?$string_output_adapter@D@__crt_stdio_output@@@2@@__crt_stdio_output@@AEAA_NXZ 0000000180005744 f i libucrt:output.obj
 0001:000047b8       ?state_case_normal_tchar@?$output_processor@DV?$string_output_adapter@D@__crt_stdio_output@@V?$standard_base@DV?$string_output_adapter@D@__crt_stdio_output@@@2@@__crt_stdio_output@@AEAA_ND@Z 00000001800057b8 f i libucrt:output.obj
 0001:00004860       ?state_case_size@?$output_processor@DV?$string_output_adapter@D@__crt_stdio_output@@V?$standard_base@DV?$string_output_adapter@D@__crt_stdio_output@@@2@@__crt_stdio_output@@AEAA_NXZ 0000000180005860 f i libucrt:output.obj
 0001:000049d0       ?state_case_type@?$output_processor@DV?$string_output_adapter@D@__crt_stdio_output@@V?$standard_base@DV?$string_output_adapter@D@__crt_stdio_output@@@2@@__crt_stdio_output@@AEAA_NXZ 00000001800059d0 f i libucrt:output.obj
 0001:00004c40       ?to_integer_size@__crt_stdio_output@@YA_KW4length_modifier@1@@Z 0000000180005c40 f i libucrt:output.obj
 0001:00004ca8       ?type_case_Z@?$output_processor@DV?$string_output_adapter@D@__crt_stdio_output@@V?$standard_base@DV?$string_output_adapter@D@__crt_stdio_output@@@2@@__crt_stdio_output@@AEAA_NXZ 0000000180005ca8 f i libucrt:output.obj
 0001:00004d1c       ?type_case_a@?$output_processor@DV?$string_output_adapter@D@__crt_stdio_output@@V?$standard_base@DV?$string_output_adapter@D@__crt_stdio_output@@@2@@__crt_stdio_output@@AEAA_NXZ 0000000180005d1c f i libucrt:output.obj
 0001:00004ed8       ?type_case_c_tchar@?$output_processor@DV?$string_output_adapter@D@__crt_stdio_output@@V?$standard_base@DV?$string_output_adapter@D@__crt_stdio_output@@@2@@__crt_stdio_output@@AEAA_ND@Z 0000000180005ed8 f i libucrt:output.obj
 0001:00004fa0       ?type_case_integer@?$output_processor@DV?$string_output_adapter@D@__crt_stdio_output@@V?$standard_base@DV?$string_output_adapter@D@__crt_stdio_output@@@2@@__crt_stdio_output@@AEAA_NI_N@Z 0000000180005fa0 f i libucrt:output.obj
 0001:00005120       ?type_case_n@?$output_processor@DV?$string_output_adapter@D@__crt_stdio_output@@V?$standard_base@DV?$string_output_adapter@D@__crt_stdio_output@@@2@@__crt_stdio_output@@AEAA_NXZ 0000000180006120 f i libucrt:output.obj
 0001:000051a8       ?type_case_s@?$output_processor@DV?$string_output_adapter@D@__crt_stdio_output@@V?$standard_base@DV?$string_output_adapter@D@__crt_stdio_output@@@2@@__crt_stdio_output@@AEAA_NXZ 00000001800061a8 f i libucrt:output.obj
 0001:00005240       ?write_stored_string_tchar@?$output_processor@DV?$string_output_adapter@D@__crt_stdio_output@@V?$standard_base@DV?$string_output_adapter@D@__crt_stdio_output@@@2@@__crt_stdio_output@@AEAA_ND@Z 0000000180006240 f i libucrt:output.obj
 0001:0000531c       ?write_string@?$string_output_adapter@D@__crt_stdio_output@@QEBAXQEBDHQEAHAEAV__crt_deferred_errno_cache@@@Z 000000018000631c f i libucrt:output.obj
 0001:000053c0       __stdio_common_vsprintf    00000001800063c0 f   libucrt:output.obj
 0001:000053c8       wcsncmp                    00000001800063c8 f   libucrt:wcsncmp.obj
 0001:000053f4       __acrt_call_reportfault    00000001800063f4 f   libucrt:invalid_parameter.obj
 0001:00005550       __acrt_initialize_invalid_parameter_handler 0000000180006550 f   libucrt:invalid_parameter.obj
 0001:00005558       _invalid_parameter         0000000180006558 f   libucrt:invalid_parameter.obj
 0001:00005608       _invalid_parameter_noinfo  0000000180006608 f   libucrt:invalid_parameter.obj
 0001:00005628       _invoke_watson             0000000180006628 f   libucrt:invalid_parameter.obj
 0001:00005670       _initterm                  0000000180006670 f   libucrt:initterm.obj
 0001:000056d4       _initterm_e                00000001800066d4 f   libucrt:initterm.obj
 0001:00005714       _seh_filter_dll            0000000180006714 f   libucrt:exception_filter.obj
 0001:00005728       _seh_filter_exe            0000000180006728 f   libucrt:exception_filter.obj
 0001:00005b18       __acrt_initialize_thread_local_exit_callback 0000000180006b18 f   libucrt:exit.obj
 0001:00005b20       _cexit                     0000000180006b20 f   libucrt:exit.obj
 0001:00005b30       _exit                      0000000180006b30 f   libucrt:exit.obj
 0001:00005b3c       _is_c_termination_complete 0000000180006b3c f   libucrt:exit.obj
 0001:00005d04       __acrt_allocate_buffer_for_argv 0000000180006d04 f   libucrt:argv_parsing.obj
 0001:00005d64       _configure_narrow_argv     0000000180006d64 f   libucrt:argv_parsing.obj
 0001:000060dc       __dcrt_uninitialize_environments_nolock 00000001800070dc f   libucrt:environment_initialization.obj
 0001:00006114       _initialize_narrow_environment 0000000180007114 f   libucrt:environment_initialization.obj
 0001:00006270       _execute_onexit_table      0000000180007270 f   libucrt:onexit.obj
 0001:000062ac       _initialize_onexit_table   00000001800072ac f   libucrt:onexit.obj
 0001:0000630c       __acrt_uninitialize_command_line 000000018000730c f   libucrt:argv_data.obj
 0001:00006404       __acrt_initialize          0000000180007404 f   libucrt:initialization.obj
 0001:00006418       __acrt_thread_attach       0000000180007418 f   libucrt:initialization.obj
 0001:0000642c       __acrt_thread_detach       000000018000742c f   libucrt:initialization.obj
 0001:0000643c       __acrt_uninitialize        000000018000743c f   libucrt:initialization.obj
 0001:00006474       __acrt_uninitialize_critical 0000000180007474 f   libucrt:initialization.obj
 0001:00006484       terminate                  0000000180007484 f   libucrt:terminate.obj
 0001:000064a4       free                       00000001800074a4 f   libucrt:free.obj
 0001:000064b8       strcpy_s                   00000001800074b8 f   libucrt:strcpy_s.obj
 0001:00006518       abort                      0000000180007518 f   libucrt:abort.obj
 0001:00006570       ??$parse_integer@KV?$c_string_character_source@D@__crt_strtox@@@__crt_strtox@@YAKQEAU__crt_locale_pointers@@V?$c_string_character_source@D@0@H_N@Z 0000000180007570 f i libucrt:atox.obj
 0001:00006874       _ischartype_l              0000000180007874 f i libucrt:atox.obj
 0001:00006900       strncmp                    0000000180007900 f   libucrt:strncmp.obj
 0001:00006980       calloc                     0000000180007980 f   libucrt:calloc.obj
 0001:00006988       __acrt_errno_from_os_error 0000000180007988 f   libucrt:errno.obj
 0001:000069d0       __acrt_errno_map_os_error  00000001800079d0 f   libucrt:errno.obj
 0001:00006a20       __doserrno                 0000000180007a20 f   libucrt:errno.obj
 0001:00006a40       _errno                     0000000180007a40 f   libucrt:errno.obj
 0001:00006a60       _free_base                 0000000180007a60 f   libucrt:free_base.obj
 0001:00006aa0       _malloc_base               0000000180007aa0 f   libucrt:malloc_base.obj
 0001:00006b00       strtol                     0000000180007b00 f   libucrt:strtox.obj
 0001:00006b2c       _mbtowc_l                  0000000180007b2c f   libucrt:mbtowc.obj
 0001:00006cac       mbtowc                     0000000180007cac f   libucrt:mbtowc.obj
 0001:00006cb4       _wctomb_s_l                0000000180007cb4 f   libucrt:wctomb.obj
 0001:00006e50       strnlen                    0000000180007e50 f   libucrt:strnlen.obj
 0001:00006fa0       wcsnlen                    0000000180007fa0 f   libucrt:strnlen.obj
 0001:000074f0       __acrt_freeptd             00000001800084f0 f   libucrt:per_thread_data.obj
 0001:00007534       __acrt_getptd              0000000180008534 f   libucrt:per_thread_data.obj
 0001:00007608       __acrt_getptd_head         0000000180008608 f   libucrt:per_thread_data.obj
 0001:000076b0       __acrt_getptd_noexit       00000001800086b0 f   libucrt:per_thread_data.obj
 0001:0000777c       __acrt_initialize_ptd      000000018000877c f   libucrt:per_thread_data.obj
 0001:000077b8       __acrt_uninitialize_ptd    00000001800087b8 f   libucrt:per_thread_data.obj
 0001:000077dc       __acrt_update_locale_info  00000001800087dc f   libucrt:locale_update.obj
 0001:00007810       __acrt_update_multibyte_info 0000000180008810 f   libucrt:locale_update.obj
 0001:00008250       __acrt_fp_format           0000000180009250 f   libucrt:cvt.obj
 0001:00008588       _fileno                    0000000180009588 f   libucrt:fileno.obj
 0001:000085b0       __acrt_initialize_stdio    00000001800095b0 f   libucrt:_file.obj
 0001:000086d0       __acrt_uninitialize_stdio  00000001800096d0 f   libucrt:_file.obj
 0001:0000872c       _lock_file                 000000018000972c f   libucrt:_file.obj
 0001:00008738       _unlock_file               0000000180009738 f   libucrt:_file.obj
 0001:00008744       _get_printf_count_output   0000000180009744 f   libucrt:printf_count_output.obj
 0001:000087cc       __acrt_set_locale_changed  00000001800097cc f   libucrt:wsetlocale.obj
 0001:000087d8       __acrt_uninitialize_locale 00000001800097d8 f   libucrt:wsetlocale.obj
 0001:00008a04       __acrt_initialize_lowio    0000000180009a04 f   libucrt:ioinit.obj
 0001:00008a40       __acrt_uninitialize_lowio  0000000180009a40 f   libucrt:ioinit.obj
 0001:00008a80       __acrt_initialize_locks    0000000180009a80 f   libucrt:locks.obj
 0001:00008ac8       __acrt_lock                0000000180009ac8 f   libucrt:locks.obj
 0001:00008ae4       __acrt_uninitialize_locks  0000000180009ae4 f   libucrt:locks.obj
 0001:00008b1c       __acrt_unlock              0000000180009b1c f   libucrt:locks.obj
 0001:00008b38       __acrt_get_process_end_policy 0000000180009b38 f   libucrt:win_policies.obj
 0001:00008b74       _calloc_base               0000000180009b74 f   libucrt:calloc_base.obj
 0001:00008c00       ??$__acrt_mbs_to_wcs_cp@U__crt_win32_buffer_internal_dynamic_resizing@@@@YAHQEBDAEAV?$__crt_win32_buffer@_WU__crt_win32_buffer_internal_dynamic_resizing@@@@I@Z 0000000180009c00 f i libucrt:argv_wildcards.obj
 0001:00008d78       ??$__acrt_wcs_to_mbs_cp@U__crt_win32_buffer_internal_dynamic_resizing@@@@YAHQEB_WAEAV?$__crt_win32_buffer@DU__crt_win32_buffer_internal_dynamic_resizing@@@@I@Z 0000000180009d78 f i libucrt:argv_wildcards.obj
 0001:000095a8       __acrt_expand_narrow_argv_wildcards 000000018000a5a8 f   libucrt:argv_wildcards.obj
 0001:000095b0       ??$__acrt_wcs_to_mbs_cp@U__crt_win32_buffer_no_resizing@@@@YAHQEB_WAEAV?$__crt_win32_buffer@DU__crt_win32_buffer_no_resizing@@@@I@Z 000000018000a5b0 f i libucrt:getmodulefilenamea.obj
 0001:000096c4       __acrt_GetModuleFileNameA  000000018000a6c4 f   libucrt:getmodulefilenamea.obj
 0001:00009f0c       __acrt_initialize_multibyte 000000018000af0c f   libucrt:mbctype.obj
 0001:00009f6c       __acrt_update_thread_multibyte_data 000000018000af6c f   libucrt:mbctype.obj
 0001:00009f88       _setmbcp_nolock            000000018000af88 f   libucrt:mbctype.obj
 0001:0000a2bc       _ismbblead                 000000018000b2bc f   libucrt:ismbbyte.obj
 0001:0000a2d0       __acrt_initialize_command_line 000000018000b2d0 f   libucrt:argv_data.obj
 0001:0000a2f8       __acrt_MultiByteToWideChar 000000018000b2f8 f   libucrt:multibytetowidechar.obj
 0001:0000a354       __acrt_WideCharToMultiByte 000000018000b354 f   libucrt:widechartomultibyte.obj
 0001:0000a404       __dcrt_get_narrow_environment_from_os 000000018000b404 f   libucrt:get_environment_from_os.obj
 0001:0000a508       _recalloc_base             000000018000b508 f   libucrt:recalloc.obj
 0001:0000a778       __acrt_AppPolicyGetProcessTerminationMethodInternal 000000018000b778 f   libucrt:winapi_thunks.obj
 0001:0000a7c8       __acrt_AreFileApisANSI     000000018000b7c8 f   libucrt:winapi_thunks.obj
 0001:0000a804       __acrt_FlsAlloc            000000018000b804 f   libucrt:winapi_thunks.obj
 0001:0000a84c       __acrt_FlsFree             000000018000b84c f   libucrt:winapi_thunks.obj
 0001:0000a894       __acrt_FlsGetValue         000000018000b894 f   libucrt:winapi_thunks.obj
 0001:0000a8dc       __acrt_FlsSetValue         000000018000b8dc f   libucrt:winapi_thunks.obj
 0001:0000a930       __acrt_InitializeCriticalSectionEx 000000018000b930 f   libucrt:winapi_thunks.obj
 0001:0000a994       __acrt_LCMapStringEx       000000018000b994 f   libucrt:winapi_thunks.obj
 0001:0000aa70       __acrt_LocaleNameToLCID    000000018000ba70 f   libucrt:winapi_thunks.obj
 0001:0000aac0       __acrt_initialize_winapi_thunks 000000018000bac0 f   libucrt:winapi_thunks.obj
 0001:0000aaf4       __acrt_uninitialize_winapi_thunks 000000018000baf4 f   libucrt:winapi_thunks.obj
 0001:0000ab38       __acrt_initialize_heap     000000018000bb38 f   libucrt:heap_handle.obj
 0001:0000ab54       __acrt_uninitialize_heap   000000018000bb54 f   libucrt:heap_handle.obj
 0001:0000ab60       __acrt_execute_initializers 000000018000bb60 f   libucrt:shared_initialization.obj
 0001:0000abe0       __acrt_execute_uninitializers 000000018000bbe0 f   libucrt:shared_initialization.obj
 0001:0000ac1c       __acrt_initialize_new_handler 000000018000bc1c f   libucrt:new_handler.obj
 0001:0000ac24       _callnewh                  000000018000bc24 f   libucrt:new_handler.obj
 0001:0000ac54       _query_new_handler         000000018000bc54 f   libucrt:new_handler.obj
 0001:0000acd0       __acrt_get_sigabrt_handler 000000018000bcd0 f   libucrt:signal.obj
 0001:0000ad00       __acrt_initialize_signal_handlers 000000018000bd00 f   libucrt:signal.obj
 0001:0000ad20       raise                      000000018000bd20 f   libucrt:signal.obj
 0001:0000af8c       __acrt_has_user_matherr    000000018000bf8c f   libucrt:matherr.obj
 0001:0000afac       __acrt_initialize_user_matherr 000000018000bfac f   libucrt:matherr.obj
 0001:0000afb4       __acrt_invoke_user_matherr 000000018000bfb4 f   libucrt:matherr.obj
 0001:0000b1c0       __acrt_stdio_flush_nolock  000000018000c1c0 f   libucrt:fflush.obj
 0001:0000b23c       _fflush_nolock             000000018000c23c f   libucrt:fflush.obj
 0001:0000b288       _flushall                  000000018000c288 f   libucrt:fflush.obj
 0001:0000b290       __pctype_func              000000018000c290 f   libucrt:ctype.obj
 0001:0000b2c0       _isctype_l                 000000018000c2c0 f   libucrt:isctype.obj
 0001:0000b3c8       _query_new_mode            000000018000c3c8 f   libucrt:new_mode.obj
 0001:0000b3d0       _isleadbyte_l              000000018000c3d0 f i libucrt:_wctype.obj
 0001:0000b41c       ?__mbrtowc_utf8@__crt_mbstring@@YA_KPEA_WPEBD_KPEAU_Mbstatet@@@Z 000000018000c41c f   libucrt:mbrtowc.obj
 0001:0000b458       ?__mbsrtowcs_utf8@__crt_mbstring@@YA_KPEA_WPEAPEBD_KPEAU_Mbstatet@@@Z 000000018000c458 f   libucrt:mbrtowc.obj
 0001:0000b5d0       ?__c32rtomb_utf8@__crt_mbstring@@YA_KPEAD_UPEAU_Mbstatet@@@Z 000000018000c5d0 f   libucrt:c32rtomb.obj
 0001:0000b684       __acrt_add_locale_ref      000000018000c684 f   libucrt:locale_refcounting.obj
 0001:0000b710       __acrt_free_locale         000000018000c710 f   libucrt:locale_refcounting.obj
 0001:0000b888       __acrt_locale_add_lc_time_reference 000000018000c888 f   libucrt:locale_refcounting.obj
 0001:0000b8b0       __acrt_locale_free_lc_time_if_unreferenced 000000018000c8b0 f   libucrt:locale_refcounting.obj
 0001:0000b8e8       __acrt_locale_release_lc_time_reference 000000018000c8e8 f   libucrt:locale_refcounting.obj
 0001:0000b910       __acrt_release_locale_ref  000000018000c910 f   libucrt:locale_refcounting.obj
 0001:0000b9b8       __acrt_update_thread_locale_data 000000018000c9b8 f   libucrt:locale_refcounting.obj
 0001:0000ba28       _updatetlocinfoEx_nolock   000000018000ca28 f   libucrt:locale_refcounting.obj
 0001:0000ba90       __acrt_fp_strflt_to_string 000000018000ca90 f   libucrt:_fptostr.obj
 0001:0000bbf0       ?divide@__crt_strtox@@YA_KAEAUbig_integer@1@AEBU21@@Z 000000018000cbf0 f i libucrt:cfout.obj
 0001:0000c01c       __acrt_fltout              000000018000d01c f   libucrt:cfout.obj
 0001:0000d2e8       fegetround                 000000018000e2e8 f   libucrt:fegetround.obj
 0001:0000d2fc       _fcloseall                 000000018000e2fc f   libucrt:closeall.obj
 0001:0000d3b0       __acrt_stdio_free_buffer_nolock 000000018000e3b0 f   libucrt:_freebuf.obj
 0001:0000d3f0       _isatty                    000000018000e3f0 f   libucrt:isatty.obj
 0001:0000d450       __acrt_locale_free_monetary 000000018000e450 f   libucrt:initmon.obj
 0001:0000d55c       __acrt_locale_free_numeric 000000018000e55c f   libucrt:initnum.obj
 0001:0000d620       __acrt_locale_free_time    000000018000e620 f   libucrt:inittime.obj
 0001:0000d728       __acrt_GetStringTypeA      000000018000e728 f   libucrt:getstringtypea.obj
 0001:0000d8b8       __acrt_lowio_create_handle_array 000000018000e8b8 f   libucrt:osfinfo.obj
 0001:0000d960       __acrt_lowio_destroy_handle_array 000000018000e960 f   libucrt:osfinfo.obj
 0001:0000d9b0       __acrt_lowio_ensure_fh_exists 000000018000e9b0 f   libucrt:osfinfo.obj
 0001:0000da58       __acrt_lowio_lock_fh       000000018000ea58 f   libucrt:osfinfo.obj
 0001:0000da80       __acrt_lowio_unlock_fh     000000018000ea80 f   libucrt:osfinfo.obj
 0001:0000daa8       _free_osfhnd               000000018000eaa8 f   libucrt:osfinfo.obj
 0001:0000db64       _get_osfhandle             000000018000eb64 f   libucrt:osfinfo.obj
 0001:0000dbe0       qsort                      000000018000ebe0 f   libucrt:qsort.obj
 0001:0000df80       strncpy_s                  000000018000ef80 f   libucrt:strncpy_s.obj
 0001:0000e100       strpbrk                    000000018000f100 f   libucrt:strpbrk.obj
 0001:0000e4c8       _mbsdec                    000000018000f4c8 f   libucrt:mbsdec.obj
 0001:0000e4d0       _mbsdec_l                  000000018000f4d0 f   libucrt:mbsdec.obj
 0001:0000e87c       __acrt_LCMapStringA        000000018000f87c f   libucrt:lcmapstringa.obj
 0001:0000e92c       _msize_base                000000018000f92c f   libucrt:msize.obj
 0001:0000e968       _realloc_base              000000018000f968 f   libucrt:realloc_base.obj
 0001:0000e9e4       __acrt_DownlevelLocaleNameToLCID 000000018000f9e4 f   libucrt:lcidtoname_downlevel.obj
 0001:0000eb20       _commit                    000000018000fb20 f   libucrt:commit.obj
 0001:0000f430       _write                     0000000180010430 f   libucrt:write.obj
 0001:0000f51c       _write_nolock              000000018001051c f   libucrt:write.obj
 0001:0000f800       ?__mbrtoc32_utf8@__crt_mbstring@@YA_KPEA_UPEBD_KPEAU_Mbstatet@@@Z 0000000180010800 f   libucrt:mbrtoc32.obj
 0001:0000f9d8       _controlfp_s               00000001800109d8 f   libucrt:contrlfp.obj
 0001:0000fa3c       fegetenv                   0000000180010a3c f   libucrt:fegetenv.obj
 0001:0000fa5c       fesetenv                   0000000180010a5c f   libucrt:fesetenv.obj
 0001:0000faa8       feholdexcept               0000000180010aa8 f   libucrt:feholdexcept.obj
 0001:0000faf8       ceil                       0000000180010af8 f   libucrt:ceil.obj
 0001:0000fbc0       log10                      0000000180010bc0 f   libucrt:log10.obj
 0001:0001016c       __acrt_fenv_get_common_round_control 000000018001116c f   libucrt:_fenvutils.obj
 0001:00010178       __acrt_fenv_get_control    0000000180011178 f   libucrt:_fenvutils.obj
 0001:0001026c       __acrt_fenv_get_status     000000018001126c f   libucrt:_fenvutils.obj
 0001:000102c0       __acrt_fenv_set_control    00000001800112c0 f   libucrt:_fenvutils.obj
 0001:00010408       __acrt_fenv_set_status     0000000180011408 f   libucrt:_fenvutils.obj
 0001:00010528       _lseeki64_nolock           0000000180011528 f   libucrt:lseek.obj
 0001:00010530       _fclose_nolock             0000000180011530 f   libucrt:fclose.obj
 0001:000105b4       fclose                     00000001800115b4 f   libucrt:fclose.obj
 0001:00010618       __ascii_wcsnicmp           0000000180011618 f   libucrt:wcsnicmp.obj
 0001:00010664       _query_app_type            0000000180011664 f   libucrt:report_runtime_error.obj
 0001:0001066c       __strncnt                  000000018001166c f   libucrt:strncnt.obj
 0001:00010684       _putwch_nolock             0000000180011684 f   libucrt:putwch.obj
 0001:000106c0       _clearfp                   00000001800116c0 f   libucrt:ieee.obj
 0001:00010730       _control87                 0000000180011730 f   libucrt:ieee.obj
 0001:00010b1c       _handle_error              0000000180011b1c f   libucrt:libm_error.obj
 0001:00010c44       _handle_nan                0000000180011c44 f   libucrt:libm_error.obj
 0001:00010c60       __acrt_initialize_fma3     0000000180011c60 f   libucrt:fma3_available.obj
 0001:00010cd0       _log10_special             0000000180011cd0 f   libucrt:log_special.obj
 0001:00010dfc       _close                     0000000180011dfc f   libucrt:close.obj
 0001:00010ea0       _close_nolock              0000000180011ea0 f   libucrt:close.obj
 0001:00010f60       ?__acrt_stdio_free_stream@@YAXV__crt_stdio_stream@@@Z 0000000180011f60 f   libucrt:stream.obj
 0001:00010f7c       __dcrt_lowio_ensure_console_output_initialized 0000000180011f7c f   libucrt:initcon.obj
 0001:00010fd0       __dcrt_terminate_console_output 0000000180011fd0 f   libucrt:initcon.obj
 0001:00010fec       __dcrt_write_console       0000000180011fec f   libucrt:initcon.obj
 0001:000110c0       _get_fpsr                  00000001800120c0 f   libucrt:fpsr.obj
 0001:000110d0       _set_fpsr                  00000001800120d0 f   libucrt:fpsr.obj
 0001:000110da       _fclrf                     00000001800120da f   libucrt:fpsr.obj
 0001:000110ee       _frnd                      00000001800120ee f   libucrt:fpsr.obj
 0001:00011110       _raise_exc                 0000000180012110 f   libucrt:fpexcept.obj
 0001:00011138       _raise_exc_ex              0000000180012138 f   libucrt:fpexcept.obj
 0001:00011448       _set_errno_from_matherr    0000000180012448 f   libucrt:fpexcept.obj
 0001:00011478       _clrfp                     0000000180012478 f   libucrt:fpctrl.obj
 0001:00011498       _ctrlfp                    0000000180012498 f   libucrt:fpctrl.obj
 0001:00011514       _set_statfp                0000000180012514 f   libucrt:fpctrl.obj
 0001:00011534       _statfp                    0000000180012534 f   libucrt:fpctrl.obj
 0001:00011550       _FindPESection             0000000180012550 f   LIBCMT:pesect.obj
 0001:000115a0       _IsNonwritableInCurrentImage 00000001800125a0 f   LIBCMT:pesect.obj
 0001:000115f0       _ValidateImageBase         00000001800125f0 f   LIBCMT:pesect.obj
 0001:00011630       _alloca_probe              0000000180012630 f   LIBCMT:chkstk.obj
 0001:00011630       __chkstk                   0000000180012630 f   LIBCMT:chkstk.obj
 0001:00011690       memcmp                     0000000180012690 f   libvcruntime:memcmp.obj
 0001:00011770       _guard_dispatch_icall_nop  0000000180012770 f   LIBCMT:guard_dispatch.obj
 0001:00011790       _guard_xfg_dispatch_icall_nop 0000000180012790 f   LIBCMT:guard_xfg_dispatch.obj
 0002:00000000       __imp_SelectObject         0000000180013000     gdi32:GDI32.dll
 0002:00000008       __imp_DeleteObject         0000000180013008     gdi32:GDI32.dll
 0002:00000010       __imp_DeleteDC             0000000180013010     gdi32:GDI32.dll
 0002:00000018       __imp_CreateSolidBrush     0000000180013018     gdi32:GDI32.dll
 0002:00000020       __imp_CreateCompatibleDC   0000000180013020     gdi32:GDI32.dll
 0002:00000028       __imp_CreateDIBSection     0000000180013028     gdi32:GDI32.dll
 0002:00000030       \177GDI32_NULL_THUNK_DATA  0000000180013030     gdi32:GDI32.dll
 0002:00000038       __imp_HeapAlloc            0000000180013038     kernel32:KERNEL32.dll
 0002:00000040       __imp_HeapFree             0000000180013040     kernel32:KERNEL32.dll
 0002:00000048       __imp_GetProcessHeap       0000000180013048     kernel32:KERNEL32.dll
 0002:00000050       __imp_WaitForSingleObject  0000000180013050     kernel32:KERNEL32.dll
 0002:00000058       __imp_FreeLibrary          0000000180013058     kernel32:KERNEL32.dll
 0002:00000060       __imp_GetProcAddress       0000000180013060     kernel32:KERNEL32.dll
 0002:00000068       __imp_LoadLibraryW         0000000180013068     kernel32:KERNEL32.dll
 0002:00000070       __imp_GetLastError         0000000180013070     kernel32:KERNEL32.dll
 0002:00000078       __imp_lstrcpyW             0000000180013078     kernel32:KERNEL32.dll
 0002:00000080       __imp_lstrcatW             0000000180013080     kernel32:KERNEL32.dll
 0002:00000088       __imp_lstrlenW             0000000180013088     kernel32:KERNEL32.dll
 0002:00000090       __imp_WriteConsoleW        0000000180013090     kernel32:KERNEL32.dll
 0002:00000098       __imp_GetConsoleMode       0000000180013098     kernel32:KERNEL32.dll
 0002:000000a0       __imp_CloseHandle          00000001800130a0     kernel32:KERNEL32.dll
 0002:000000a8       __imp_GetTempPathW         00000001800130a8     kernel32:KERNEL32.dll
 0002:000000b0       __imp_WriteFile            00000001800130b0     kernel32:KERNEL32.dll
 0002:000000b8       __imp_GetTempFileNameW     00000001800130b8     kernel32:KERNEL32.dll
 0002:000000c0       __imp_DeleteFileW          00000001800130c0     kernel32:KERNEL32.dll
 0002:000000c8       __imp_lstrcpynW            00000001800130c8     kernel32:KERNEL32.dll
 0002:000000d0       __imp_CreateFileW          00000001800130d0     kernel32:KERNEL32.dll
 0002:000000d8       __imp_GetConsoleOutputCP   00000001800130d8     kernel32:KERNEL32.dll
 0002:000000e0       __imp_FlushFileBuffers     00000001800130e0     kernel32:KERNEL32.dll
 0002:000000e8       __imp_HeapSize             00000001800130e8     kernel32:KERNEL32.dll
 0002:000000f0       __imp_HeapCreate           00000001800130f0     kernel32:KERNEL32.dll
 0002:000000f8       __imp_HeapDestroy          00000001800130f8     kernel32:KERNEL32.dll
 0002:00000100       __imp_HeapReAlloc          0000000180013100     kernel32:KERNEL32.dll
 0002:00000108       __imp_IsDebuggerPresent    0000000180013108     kernel32:KERNEL32.dll
 0002:00000110       __imp_RaiseException       0000000180013110     kernel32:KERNEL32.dll
 0002:00000118       __imp_SetLastError         0000000180013118     kernel32:KERNEL32.dll
 0002:00000120       __imp_CreateThread         0000000180013120     kernel32:KERNEL32.dll
 0002:00000128       __imp_GetCurrentThreadId   0000000180013128     kernel32:KERNEL32.dll
 0002:00000130       __imp_TerminateThread      0000000180013130     kernel32:KERNEL32.dll
 0002:00000138       __imp_ResumeThread         0000000180013138     kernel32:KERNEL32.dll
 0002:00000140       __imp_GetTickCount         0000000180013140     kernel32:KERNEL32.dll
 0002:00000148       __imp_lstrcpynA            0000000180013148     kernel32:KERNEL32.dll
 0002:00000150       __imp_DebugBreak           0000000180013150     kernel32:KERNEL32.dll
 0002:00000158       __imp_RtlCaptureContext    0000000180013158     kernel32:KERNEL32.dll
 0002:00000160       __imp_RtlLookupFunctionEntry 0000000180013160     kernel32:KERNEL32.dll
 0002:00000168       __imp_RtlVirtualUnwind     0000000180013168     kernel32:KERNEL32.dll
 0002:00000170       __imp_UnhandledExceptionFilter 0000000180013170     kernel32:KERNEL32.dll
 0002:00000178       __imp_SetUnhandledExceptionFilter 0000000180013178     kernel32:KERNEL32.dll
 0002:00000180       __imp_GetCurrentProcess    0000000180013180     kernel32:KERNEL32.dll
 0002:00000188       __imp_TerminateProcess     0000000180013188     kernel32:KERNEL32.dll
 0002:00000190       __imp_IsProcessorFeaturePresent 0000000180013190     kernel32:KERNEL32.dll
 0002:00000198       __imp_QueryPerformanceCounter 0000000180013198     kernel32:KERNEL32.dll
 0002:000001a0       __imp_GetCurrentProcessId  00000001800131a0     kernel32:KERNEL32.dll
 0002:000001a8       __imp_GetSystemTimeAsFileTime 00000001800131a8     kernel32:KERNEL32.dll
 0002:000001b0       __imp_InitializeSListHead  00000001800131b0     kernel32:KERNEL32.dll
 0002:000001b8       __imp_GetStartupInfoW      00000001800131b8     kernel32:KERNEL32.dll
 0002:000001c0       __imp_GetModuleHandleW     00000001800131c0     kernel32:KERNEL32.dll
 0002:000001c8       __imp_RtlUnwindEx          00000001800131c8     kernel32:KERNEL32.dll
 0002:000001d0       __imp_InterlockedFlushSList 00000001800131d0     kernel32:KERNEL32.dll
 0002:000001d8       __imp_EnterCriticalSection 00000001800131d8     kernel32:KERNEL32.dll
 0002:000001e0       __imp_LeaveCriticalSection 00000001800131e0     kernel32:KERNEL32.dll
 0002:000001e8       __imp_DeleteCriticalSection 00000001800131e8     kernel32:KERNEL32.dll
 0002:000001f0       __imp_InitializeCriticalSectionAndSpinCount 00000001800131f0     kernel32:KERNEL32.dll
 0002:000001f8       __imp_TlsAlloc             00000001800131f8     kernel32:KERNEL32.dll
 0002:00000200       __imp_TlsGetValue          0000000180013200     kernel32:KERNEL32.dll
 0002:00000208       __imp_TlsSetValue          0000000180013208     kernel32:KERNEL32.dll
 0002:00000210       __imp_TlsFree              0000000180013210     kernel32:KERNEL32.dll
 0002:00000218       __imp_LoadLibraryExW       0000000180013218     kernel32:KERNEL32.dll
 0002:00000220       __imp_ExitProcess          0000000180013220     kernel32:KERNEL32.dll
 0002:00000228       __imp_GetModuleHandleExW   0000000180013228     kernel32:KERNEL32.dll
 0002:00000230       __imp_GetModuleFileNameW   0000000180013230     kernel32:KERNEL32.dll
 0002:00000238       __imp_GetStdHandle         0000000180013238     kernel32:KERNEL32.dll
 0002:00000240       __imp_GetFileType          0000000180013240     kernel32:KERNEL32.dll
 0002:00000248       __imp_FindClose            0000000180013248     kernel32:KERNEL32.dll
 0002:00000250       __imp_FindFirstFileExW     0000000180013250     kernel32:KERNEL32.dll
 0002:00000258       __imp_FindNextFileW        0000000180013258     kernel32:KERNEL32.dll
 0002:00000260       __imp_IsValidCodePage      0000000180013260     kernel32:KERNEL32.dll
 0002:00000268       __imp_GetACP               0000000180013268     kernel32:KERNEL32.dll
 0002:00000270       __imp_GetOEMCP             0000000180013270     kernel32:KERNEL32.dll
 0002:00000278       __imp_GetCPInfo            0000000180013278     kernel32:KERNEL32.dll
 0002:00000280       __imp_GetCommandLineA      0000000180013280     kernel32:KERNEL32.dll
 0002:00000288       __imp_GetCommandLineW      0000000180013288     kernel32:KERNEL32.dll
 0002:00000290       __imp_MultiByteToWideChar  0000000180013290     kernel32:KERNEL32.dll
 0002:00000298       __imp_WideCharToMultiByte  0000000180013298     kernel32:KERNEL32.dll
 0002:000002a0       __imp_GetEnvironmentStringsW 00000001800132a0     kernel32:KERNEL32.dll
 0002:000002a8       __imp_FreeEnvironmentStringsW 00000001800132a8     kernel32:KERNEL32.dll
 0002:000002b0       __imp_LCMapStringW         00000001800132b0     kernel32:KERNEL32.dll
 0002:000002b8       __imp_SetFilePointerEx     00000001800132b8     kernel32:KERNEL32.dll
 0002:000002c0       __imp_GetStringTypeW       00000001800132c0     kernel32:KERNEL32.dll
 0002:000002c8       __imp_SetStdHandle         00000001800132c8     kernel32:KERNEL32.dll
 0002:000002d0       \177KERNEL32_NULL_THUNK_DATA 00000001800132d0     kernel32:KERNEL32.dll
 0002:000002d8       __imp_wsprintfW            00000001800132d8     user32:USER32.dll
 0002:000002e0       __imp_CharLowerBuffW       00000001800132e0     user32:USER32.dll
 0002:000002e8       __imp_FillRect             00000001800132e8     user32:USER32.dll
 0002:000002f0       \177USER32_NULL_THUNK_DATA 00000001800132f0     user32:USER32.dll
 0002:000002f8       __imp_CoInitializeEx       00000001800132f8     ole32:ole32.dll
 0002:00000300       __imp_CoUninitialize       0000000180013300     ole32:ole32.dll
 0002:00000308       \177ole32_NULL_THUNK_DATA  0000000180013308     ole32:ole32.dll
 0002:00000310       __guard_check_icall_fptr   0000000180013310     LIBCMT:guard_support.obj
 0002:00000318       __guard_xfg_check_icall_fptr 0000000180013318     LIBCMT:guard_support.obj
 0002:00000320       __guard_dispatch_icall_fptr 0000000180013320     LIBCMT:guard_support.obj
 0002:00000328       __guard_xfg_dispatch_icall_fptr 0000000180013328     LIBCMT:guard_support.obj
 0002:00000330       __guard_xfg_table_dispatch_icall_fptr 0000000180013330     LIBCMT:guard_support.obj
 0002:00000338       __xc_a                     0000000180013338     LIBCMT:initializers.obj
 0002:00000340       __xc_z                     0000000180013340     LIBCMT:initializers.obj
 0002:00000348       __xi_a                     0000000180013348     LIBCMT:initializers.obj
 0002:00000350       __acrt_stdio_initializer   0000000180013350     libucrt:stdio_initializer.obj
 0002:00000358       __acrt_multibyte_initializer 0000000180013358     libucrt:multibyte_initializer.obj
 0002:00000360       __acrt_tran_fma3_initializer 0000000180013360     libucrt:fma3_initializer.obj
 0002:00000368       __xi_z                     0000000180013368     LIBCMT:initializers.obj
 0002:00000370       __xp_a                     0000000180013370     LIBCMT:initializers.obj
 0002:00000378       __acrt_locale_terminator   0000000180013378     libucrt:locale_initializer.obj
 0002:00000380       __dcrt_console_output_terminator 0000000180013380     libucrt:console_output_initializer.obj
 0002:00000388       __acrt_stdio_terminator    0000000180013388     libucrt:stdio_initializer.obj
 0002:00000390       __xp_z                     0000000180013390     LIBCMT:initializers.obj
 0002:00000398       __xt_a                     0000000180013398     LIBCMT:initializers.obj
 0002:000003a0       __xt_z                     00000001800133a0     LIBCMT:initializers.obj
 0002:000003b0       FrameDimensionTime         00000001800133b0     gdip.obj
 0002:000003c0       FrameDimensionPage         00000001800133c0     gdip.obj
 0002:000003d0       ??_C@_1BI@LOJECBFD@?$AAG?$AAd?$AAi?$AAP?$AAl?$AAu?$AAs?$AA?4?$AAd?$AAl?$AAl@ 00000001800133d0     gdip.obj
 0002:000003e8       ??_C@_0P@NIGHOHPH@GdiplusStartup@ 00000001800133e8     gdip.obj
 0002:000003f8       ??_C@_0BA@OMKIAPCJ@GdiplusShutdown@ 00000001800133f8     gdip.obj
 0002:00000408       ??_C@_0BJ@IPKMAACN@GdipCreateBitmapFromFile@ 0000000180013408     gdip.obj
 0002:00000428       ??_C@_0BG@OPKFAGML@GdipGetImageThumbnail@ 0000000180013428     gdip.obj
 0002:00000440       ??_C@_0BC@DPLNHGNM@GdipGetImageWidth@ 0000000180013440     gdip.obj
 0002:00000458       ??_C@_0BD@JIGBIPOH@GdipGetImageHeight@ 0000000180013458     gdip.obj
 0002:00000470       ??_C@_0BI@DDNLFBKI@GdipGetImagePixelFormat@ 0000000180013470     gdip.obj
 0002:00000488       ??_C@_0BB@MGCHKKMH@GdipDisposeImage@ 0000000180013488     gdip.obj
 0002:000004a0       ??_C@_0BH@PCHOHMFI@GdipImageGetFrameCount@ 00000001800134a0     gdip.obj
 0002:000004b8       ??_C@_0BL@FLMDGKNM@GdipImageSelectActiveFrame@ 00000001800134b8     gdip.obj
 0002:000004d8       ??_C@_0BI@PFDIBLKB@GdipGetPropertyItemSize@ 00000001800134d8     gdip.obj
 0002:000004f0       ??_C@_0BE@JLBHAGMH@GdipGetPropertyItem@ 00000001800134f0     gdip.obj
 0002:00000508       ??_C@_0BE@HNMMICFD@GdipImageRotateFlip@ 0000000180013508     gdip.obj
 0002:00000520       ??_C@_0BG@BONHLFMI@GdipGetImageRawFormat@ 0000000180013520     gdip.obj
 0002:00000538       ??_C@_0BC@PACDIGJN@GdipCreateFromHDC@ 0000000180013538     gdip.obj
 0002:00000550       ??_C@_0BD@MFGJCODH@GdipDeleteGraphics@ 0000000180013550     gdip.obj
 0002:00000568       ??_C@_0BH@MHAPNLKM@GdipDrawImageRectRectI@ 0000000180013568     gdip.obj
 0002:00000580       ??_C@_0BF@OBPAMLNN@gdip?3?3FreeThreadProc@ 0000000180013580     gdip.obj
 0002:00000598       ??_C@_0DO@ICBCJLJF@C?3?2Users?2conemu?2SRC?2conemu?2src?2@ 0000000180013598     gdip.obj
 0002:000005d8       ??_C@_17CGDFOGLC@?$AAC?$AAE?$AAT@ 00000001800135d8     gdip.obj
 0002:000005e0       ??_C@_19JJJNAIHN@?$AAJ?$AAP?$AAE?$AAG@ 00000001800135e0     gdip.obj
 0002:000005f0       ??_C@_19PNCGIGON@?$AAT?$AAI?$AAF?$AAF@ 00000001800135f0     gdip.obj
 0002:00000600       ??_C@_19HEANOPFL@?$AAE?$AAX?$AAI?$AAF@ 0000000180013600     gdip.obj
 0002:00000610       ??_C@_1CA@KKEPPKFF@?$AA?$CF?$AAi?$AA?5?$AAx?$AA?5?$AA?$CF?$AAi?$AA?5?$AAx?$AA?5?$AA?$CF?$AAi?$AAb?$AAp?$AAp@ 0000000180013610     gdip.obj
 0002:00000630       ??_C@_1M@HKOFHKAI@?$AA?5?$AA?$FL?$AA?$CF?$AAi?$AA?$FN@ 0000000180013630     gdip.obj
 0002:0000063c       ??_C@_13HOIJIPNN@?$AA?5@   000000018001363c     gdip.obj
 0002:00000640       ??_C@_05LCABBMOG@?$CFs?3?$CFi@ 0000000180013640     common-kernel64:WThreads.obj
 0002:00000648       ??_C@_11LOCGONAA@@         0000000180013648     common-kernel64:CEStr.obj
 0002:00000660       _pDefaultRawDllMain        0000000180013660     LIBCMT:dll_dllmain.obj
 0002:00000660       _pRawDllMain               0000000180013660     LIBCMT:dll_dllmain.obj
 0002:00000670       __xmm@ffffffffffffffffffffffffffffffff 0000000180013670     LIBCMT:utility.obj
 0002:00000680       _pDestructExceptionObject  0000000180013680     libvcruntime:ehhelpers.obj
 0002:00000d90       ??_C@_08EHJDFFNH@__based?$CI@ 0000000180013d90     libvcruntime:undname.obj
 0002:00000da0       ??_C@_07KOLFKCDI@__cdecl@  0000000180013da0     libvcruntime:undname.obj
 0002:00000da8       ??_C@_08GHMPAG@__pascal@   0000000180013da8     libvcruntime:undname.obj
 0002:00000db8       ??_C@_09IFJBGAPI@__stdcall@ 0000000180013db8     libvcruntime:undname.obj
 0002:00000dc8       ??_C@_0L@NPHFGOKO@__thiscall@ 0000000180013dc8     libvcruntime:undname.obj
 0002:00000dd8       ??_C@_0L@JMKHOMEK@__fastcall@ 0000000180013dd8     libvcruntime:undname.obj
 0002:00000de8       ??_C@_0N@BCKKPABJ@__vectorcall@ 0000000180013de8     libvcruntime:undname.obj
 0002:00000df8       ??_C@_09HIJEGCPM@__clrcall@ 0000000180013df8     libvcruntime:undname.obj
 0002:00000e04       ??_C@_06GHPCKEAG@__eabi@   0000000180013e04     libvcruntime:undname.obj
 0002:00000e10       ??_C@_09IOPIDJLG@__swift_1@ 0000000180013e10     libvcruntime:undname.obj
 0002:00000e20       ??_C@_09KFNFGKHF@__swift_2@ 0000000180013e20     libvcruntime:undname.obj
 0002:00000e30       ??_C@_07JOMMBBKO@__ptr64@  0000000180013e30     libvcruntime:undname.obj
 0002:00000e38       ??_C@_0L@PILCLIHE@__restrict@ 0000000180013e38     libvcruntime:undname.obj
 0002:00000e48       ??_C@_0M@GFIIJFMG@__unaligned@ 0000000180013e48     libvcruntime:undname.obj
 0002:00000e58       ??_C@_09DHDLOLLB@restrict?$CI@ 0000000180013e58     libvcruntime:undname.obj
 0002:00000e62       ??_C@_00CNPNBAHC@@         0000000180013e62     libvcruntime:undname.obj
 0002:00000e64       ??_C@_04NIHEBCM@?5new@     0000000180013e64     libvcruntime:undname.obj
 0002:00000e70       ??_C@_07FPCDHGMM@?5delete@ 0000000180013e70     libvcruntime:undname.obj
 0002:00000e78       ??_C@_01NEMOKFLO@?$DN@     0000000180013e78     libvcruntime:undname.obj
 0002:00000e7c       ??_C@_02GPIOPFAK@?$DO?$DO@ 0000000180013e7c     libvcruntime:undname.obj
 0002:00000e80       ??_C@_02FODMEDOG@?$DM?$DM@ 0000000180013e80     libvcruntime:undname.obj
 0002:00000e84       ??_C@_01DCLJPIOD@?$CB@     0000000180013e84     libvcruntime:undname.obj
 0002:00000e88       ??_C@_02EGOFBIJA@?$DN?$DN@ 0000000180013e88     libvcruntime:undname.obj
 0002:00000e8c       ??_C@_02FDNJECIE@?$CB?$DN@ 0000000180013e8c     libvcruntime:undname.obj
 0002:00000e90       ??_C@_02GPECMEKF@?$FL?$FN@ 0000000180013e90     libvcruntime:undname.obj
 0002:00000e98       ??_C@_08LHJFAFGD@operator@ 0000000180013e98     libvcruntime:undname.obj
 0002:00000ea4       ??_C@_02HBOOOICD@?9?$DO@   0000000180013ea4     libvcruntime:undname.obj
 0002:00000ea8       ??_C@_01NBENCBCI@?$CK@     0000000180013ea8     libvcruntime:undname.obj
 0002:00000eac       ??_C@_02ECNGHCIF@?$CL?$CL@ 0000000180013eac     libvcruntime:undname.obj
 0002:00000eb0       ??_C@_02BAABKJLB@?9?9@     0000000180013eb0     libvcruntime:undname.obj
 0002:00000eb4       ??_C@_01JOAMLHOP@?9@       0000000180013eb4     libvcruntime:undname.obj
 0002:00000eb8       ??_C@_01MIFGBAGJ@?$CL@     0000000180013eb8     libvcruntime:undname.obj
 0002:00000ebc       ??_C@_01HNPIGOCE@?$CG@     0000000180013ebc     libvcruntime:undname.obj
 0002:00000ec0       ??_C@_03MNHNFDLC@?9?$DO?$CK@ 0000000180013ec0     libvcruntime:undname.obj
 0002:00000ec4       ??_C@_01KMDKNFGN@?1@       0000000180013ec4     libvcruntime:undname.obj
 0002:00000ec8       ??_C@_01FGNFDNOH@?$CF@     0000000180013ec8     libvcruntime:undname.obj
 0002:00000ecc       ??_C@_01MNNFJEPP@?$DM@     0000000180013ecc     libvcruntime:undname.obj
 0002:00000ed0       ??_C@_02EHCHHCKH@?$DM?$DN@ 0000000180013ed0     libvcruntime:undname.obj
 0002:00000ed4       ??_C@_01PPODPGHN@?$DO@     0000000180013ed4     libvcruntime:undname.obj
 0002:00000ed8       ??_C@_02EEKDKGMJ@?$DO?$DN@ 0000000180013ed8     libvcruntime:undname.obj
 0002:00000edc       ??_C@_01IHBHIGKO@?0@       0000000180013edc     libvcruntime:undname.obj
 0002:00000ee0       ??_C@_02HCKGKOFO@?$CI?$CJ@ 0000000180013ee0     libvcruntime:undname.obj
 0002:00000ee4       ??_C@_01PJKLJHI@?$HO@      0000000180013ee4     libvcruntime:undname.obj
 0002:00000ee8       ??_C@_01JKBOJNNK@?$FO@     0000000180013ee8     libvcruntime:undname.obj
 0002:00000eec       ??_C@_01DNKMNLPK@?$HM@     0000000180013eec     libvcruntime:undname.obj
 0002:00000ef0       ??_C@_02PPKAJPJL@?$CG?$CG@ 0000000180013ef0     libvcruntime:undname.obj
 0002:00000ef4       ??_C@_02NONPIBCD@?$HM?$HM@ 0000000180013ef4     libvcruntime:undname.obj
 0002:00000ef8       ??_C@_02FPIMKNGF@?$CK?$DN@ 0000000180013ef8     libvcruntime:undname.obj
 0002:00000efc       ??_C@_02FOEOMHFC@?$CL?$DN@ 0000000180013efc     libvcruntime:undname.obj
 0002:00000f00       ??_C@_02FKMDLLOA@?9?$DN@   0000000180013f00     libvcruntime:undname.obj
 0002:00000f04       ??_C@_02FJEHGPIO@?1?$DN@   0000000180013f04     libvcruntime:undname.obj
 0002:00000f08       ??_C@_02FENAOKFI@?$CF?$DN@ 0000000180013f08     libvcruntime:undname.obj
 0002:00000f0c       ??_C@_03IKFCCPFF@?$DO?$DO?$DN@ 0000000180013f0c     libvcruntime:undname.obj
 0002:00000f10       ??_C@_03CDNPDDLA@?$DM?$DM?$DN@ 0000000180013f10     libvcruntime:undname.obj
 0002:00000f14       ??_C@_02FGJGFEAB@?$CG?$DN@ 0000000180013f14     libvcruntime:undname.obj
 0002:00000f18       ??_C@_02DHLNPPGH@?$HM?$DN@ 0000000180013f18     libvcruntime:undname.obj
 0002:00000f1c       ??_C@_02MHEGNOJ@?$FO?$DN@  0000000180013f1c     libvcruntime:undname.obj
 0002:00000f20       ??_C@_09IFPLHPGF@?$GAvftable?8@ 0000000180013f20     libvcruntime:undname.obj
 0002:00000f30       ??_C@_09BLBHBJP@?$GAvbtable?8@ 0000000180013f30     libvcruntime:undname.obj
 0002:00000f40       ??_C@_07FEEIOKP@?$GAvcall?8@ 0000000180013f40     libvcruntime:undname.obj
 0002:00000f48       ??_C@_08LLFFHHDJ@?$GAtypeof?8@ 0000000180013f48     libvcruntime:undname.obj
 0002:00000f58       ??_C@_0BF@KDPPACIK@?$GAlocal?5static?5guard?8@ 0000000180013f58     libvcruntime:undname.obj
 0002:00000f70       ??_C@_08OBABFOLI@?$GAstring?8@ 0000000180013f70     libvcruntime:undname.obj
 0002:00000f80       ??_C@_0BD@JDLKDPAB@?$GAvbase?5destructor?8@ 0000000180013f80     libvcruntime:undname.obj
 0002:00000f98       ??_C@_0BN@DEGPLNFK@?$GAvector?5deleting?5destructor?8@ 0000000180013f98     libvcruntime:undname.obj
 0002:00000fb8       ??_C@_0BO@OBMKPJIG@?$GAdefault?5constructor?5closure?8@ 0000000180013fb8     libvcruntime:undname.obj
 0002:00000fd8       ??_C@_0BN@IMDCHIKM@?$GAscalar?5deleting?5destructor?8@ 0000000180013fd8     libvcruntime:undname.obj
 0002:00000ff8       ??_C@_0BO@PFGOCPJJ@?$GAvector?5constructor?5iterator?8@ 0000000180013ff8     libvcruntime:undname.obj
 0002:00001018       ??_C@_0BN@LFPFMEDL@?$GAvector?5destructor?5iterator?8@ 0000000180014018     libvcruntime:undname.obj
 0002:00001038       ??_C@_0CE@IKBNEHA@?$GAvector?5vbase?5constructor?5itera@ 0000000180014038     libvcruntime:undname.obj
 0002:00001060       ??_C@_0BL@NILFHHPC@?$GAvirtual?5displacement?5map?8@ 0000000180014060     libvcruntime:undname.obj
 0002:00001080       ??_C@_0CB@JONCMFFK@?$GAeh?5vector?5constructor?5iterator@ 0000000180014080     libvcruntime:undname.obj
 0002:000010a8       ??_C@_0CA@GCEOPDGL@?$GAeh?5vector?5destructor?5iterator?8@ 00000001800140a8     libvcruntime:undname.obj
 0002:000010c8       ??_C@_0CH@OOJPLCPH@?$GAeh?5vector?5vbase?5constructor?5it@ 00000001800140c8     libvcruntime:undname.obj
 0002:000010f0       ??_C@_0BL@LLKPOHJI@?$GAcopy?5constructor?5closure?8@ 00000001800140f0     libvcruntime:undname.obj
 0002:00001110       ??_C@_0BA@KBCDOMBN@?$GAudt?5returning?8@ 0000000180014110     libvcruntime:undname.obj
 0002:00001120       ??_C@_03KLGMFNMG@?$GAEH@   0000000180014120     libvcruntime:undname.obj
 0002:00001124       ??_C@_05KHLCHHI@?$GARTTI@  0000000180014124     libvcruntime:undname.obj
 0002:00001130       ??_C@_0BA@KKLDJDLB@?$GAlocal?5vftable?8@ 0000000180014130     libvcruntime:undname.obj
 0002:00001140       ??_C@_0CE@IIHCMGGL@?$GAlocal?5vftable?5constructor?5clos@ 0000000180014140     libvcruntime:undname.obj
 0002:00001164       ??_C@_06FHBGPFGH@?5new?$FL?$FN@ 0000000180014164     libvcruntime:undname.obj
 0002:00001170       ??_C@_09LBNFPBCA@?5delete?$FL?$FN@ 0000000180014170     libvcruntime:undname.obj
 0002:00001180       ??_C@_0P@HJKNJFNN@?$GAomni?5callsig?8@ 0000000180014180     libvcruntime:undname.obj
 0002:00001190       ??_C@_0BL@CNOONJFP@?$GAplacement?5delete?5closure?8@ 0000000180014190     libvcruntime:undname.obj
 0002:000011b0       ??_C@_0BN@CKNJLHMB@?$GAplacement?5delete?$FL?$FN?5closure?8@ 00000001800141b0     libvcruntime:undname.obj
 0002:000011d0       ??_C@_0CG@CFDHKGGD@?$GAmanaged?5vector?5constructor?5ite@ 00000001800141d0     libvcruntime:undname.obj
 0002:000011f8       ??_C@_0CF@IMGKMJNO@?$GAmanaged?5vector?5destructor?5iter@ 00000001800141f8     libvcruntime:undname.obj
 0002:00001220       ??_C@_0CG@HLDDJMAG@?$GAeh?5vector?5copy?5constructor?5ite@ 0000000180014220     libvcruntime:undname.obj
 0002:00001248       ??_C@_0CM@FCBBDIGB@?$GAeh?5vector?5vbase?5copy?5construct@ 0000000180014248     libvcruntime:undname.obj
 0002:00001278       ??_C@_0BL@CLIPGLGB@?$GAdynamic?5initializer?5for?5?8@ 0000000180014278     libvcruntime:undname.obj
 0002:00001298       ??_C@_0CB@PDBIFEP@?$GAdynamic?5atexit?5destructor?5for?5@ 0000000180014298     libvcruntime:undname.obj
 0002:000012c0       ??_C@_0CD@CGAJBKEJ@?$GAvector?5copy?5constructor?5iterat@ 00000001800142c0     libvcruntime:undname.obj
 0002:000012e8       ??_C@_0CJ@GJELGAMM@?$GAvector?5vbase?5copy?5constructor?5@ 00000001800142e8     libvcruntime:undname.obj
 0002:00001318       ??_C@_0CL@FGIJHLCE@?$GAmanaged?5vector?5copy?5constructo@ 0000000180014318     libvcruntime:undname.obj
 0002:00001348       ??_C@_0BM@PMGGMLDN@?$GAlocal?5static?5thread?5guard?8@ 0000000180014348     libvcruntime:undname.obj
 0002:00001368       ??_C@_0N@BDNMDMOL@operator?5?$CC?$CC?5@ 0000000180014368     libvcruntime:undname.obj
 0002:00001378       ??_C@_0BC@GGEBGALA@operator?5co_await@ 0000000180014378     libvcruntime:undname.obj
 0002:00001390       ??_C@_0M@GAAIMMOH@operator?$DM?$DN?$DO@ 0000000180014390     libvcruntime:undname.obj
 0002:000013a0       ??_C@_0BC@DAFEJGAK@?5Type?5Descriptor?8@ 00000001800143a0     libvcruntime:undname.obj
 0002:000013b8       ??_C@_0BM@LDKODKLH@?5Base?5Class?5Descriptor?5at?5?$CI@ 00000001800143b8     libvcruntime:undname.obj
 0002:000013d8       ??_C@_0BD@LGICGFMM@?5Base?5Class?5Array?8@ 00000001800143d8     libvcruntime:undname.obj
 0002:000013f0       ??_C@_0BN@MECKDCOJ@?5Class?5Hierarchy?5Descriptor?8@ 00000001800143f0     libvcruntime:undname.obj
 0002:00001410       ??_C@_0BK@CFCOFLF@?5Complete?5Object?5Locator?8@ 0000000180014410     libvcruntime:undname.obj
 0002:00001430       ??_C@_0BG@JNJLAMPM@?$GAanonymous?5namespace?8@ 0000000180014430     libvcruntime:undname.obj
 0002:00001460       ??_C@_1DM@KHCHBNEB@?$AAa?$AAp?$AAi?$AA?9?$AAm?$AAs?$AA?9?$AAw?$AAi?$AAn?$AA?9?$AAc?$AAo?$AAr?$AAe@ 0000000180014460     libvcruntime:winapi_downlevel.obj
 0002:000014a0       ??_C@_1DK@LPPGFMPP@?$AAa?$AAp?$AAi?$AA?9?$AAm?$AAs?$AA?9?$AAw?$AAi?$AAn?$AA?9?$AAc?$AAo?$AAr?$AAe@ 00000001800144a0     libvcruntime:winapi_downlevel.obj
 0002:000014e0       ??_C@_1BC@GDMECMAK@?$AAk?$AAe?$AAr?$AAn?$AAe?$AAl?$AA3?$AA2@ 00000001800144e0     libvcruntime:winapi_downlevel.obj
 0002:000014f8       ??_C@_1BA@PFFKHIOG@?$AAa?$AAp?$AAi?$AA?9?$AAm?$AAs?$AA?9@ 00000001800144f8     libvcruntime:winapi_downlevel.obj
 0002:00001510       ??_C@_08KNHFBNJ@FlsAlloc@  0000000180014510     libvcruntime:winapi_downlevel.obj
 0002:00001528       ??_C@_07PEJMOBNF@FlsFree@  0000000180014528     libvcruntime:winapi_downlevel.obj
 0002:00001538       ??_C@_0M@GDNOONDI@FlsGetValue@ 0000000180014538     libvcruntime:winapi_downlevel.obj
 0002:00001550       ??_C@_0M@JCPCPOEF@FlsSetValue@ 0000000180014550     libvcruntime:winapi_downlevel.obj
 0002:00001568       ??_C@_0BM@HCFOFFN@InitializeCriticalSectionEx@ 0000000180014568     libvcruntime:winapi_downlevel.obj
 0002:00001590       ?standard_lookup_table_spectre@__crt_stdio_output@@3V?$spectre_mitigated_lookup_table@Ustate_transition_pair@__crt_stdio_output@@$0IA@@1@B 0000000180014590     libucrt:output.obj
 0002:00001990       ??_C@_1O@CEDCILHN@?$AA?$CI?$AAn?$AAu?$AAl?$AAl?$AA?$CJ@ 0000000180014990     libucrt:output.obj
 0002:000019a0       ??_C@_06OJHGLDPL@?$CInull?$CJ@ 00000001800149a0     libucrt:output.obj
 0002:000019b0       __acrt_exception_action_table 00000001800149b0     libucrt:exception_filter.obj
 0002:00001a70       __acrt_signal_action_table_count 0000000180014a70     libucrt:exception_filter.obj
 0002:00001a78       __acrt_signal_action_first_fpe_index 0000000180014a78     libucrt:exception_filter.obj
 0002:00001a80       __acrt_signal_action_fpe_count 0000000180014a80     libucrt:exception_filter.obj
 0002:00001a88       ??_C@_1BI@BGOHAHKC@?$AAm?$AAs?$AAc?$AAo?$AAr?$AAe?$AAe?$AA?4?$AAd?$AAl?$AAl@ 0000000180014a88     libucrt:exit.obj
 0002:00001aa0       ??_C@_0P@MIGLKIOC@CorExitProcess@ 0000000180014aa0     libucrt:exit.obj
 0002:00001da0       ??_C@_03OEIAHPBN@INF@      0000000180014da0     libucrt:cvt.obj
 0002:00001da4       ??_C@_03OJHLLCGB@inf@      0000000180014da4     libucrt:cvt.obj
 0002:00001da8       ??_C@_03LKNCIKJB@NAN@      0000000180014da8     libucrt:cvt.obj
 0002:00001dac       ??_C@_03LHCJEHON@nan@      0000000180014dac     libucrt:cvt.obj
 0002:00001db0       ??_C@_09OFJJIMPC@NAN?$CISNAN?$CJ@ 0000000180014db0     libucrt:cvt.obj
 0002:00001dc0       ??_C@_09IPFBKMDL@nan?$CIsnan?$CJ@ 0000000180014dc0     libucrt:cvt.obj
 0002:00001dd0       ??_C@_08IKHNHAJ@NAN?$CIIND?$CJ@ 0000000180014dd0     libucrt:cvt.obj
 0002:00001de0       ??_C@_08OFCDMILK@nan?$CIind?$CJ@ 0000000180014de0     libucrt:cvt.obj
 0002:00001dec       ??_C@_05KLBDPFGC@e?$CL000@ 0000000180014dec     libucrt:cvt.obj
 0002:00001e00       __lc_time_c                0000000180014e00     libucrt:nlsdata.obj
 0002:000020c0       ??_C@_03KOEHGMDN@Sun@      00000001800150c0     libucrt:nlsdata.obj
 0002:000020c4       ??_C@_03PDAGKDH@Mon@       00000001800150c4     libucrt:nlsdata.obj
 0002:000020c8       ??_C@_03NAGEINEP@Tue@      00000001800150c8     libucrt:nlsdata.obj
 0002:000020cc       ??_C@_03MHOMLAJA@Wed@      00000001800150cc     libucrt:nlsdata.obj
 0002:000020d0       ??_C@_03IOFIKPDN@Thu@      00000001800150d0     libucrt:nlsdata.obj
 0002:000020d4       ??_C@_03IDIOELNC@Fri@      00000001800150d4     libucrt:nlsdata.obj
 0002:000020d8       ??_C@_03FEFJNEK@Sat@       00000001800150d8     libucrt:nlsdata.obj
 0002:000020dc       ??_C@_06OOPIFAJ@Sunday@    00000001800150dc     libucrt:nlsdata.obj
 0002:000020e4       ??_C@_06JLEDEDGH@Monday@   00000001800150e4     libucrt:nlsdata.obj
 0002:000020f0       ??_C@_07BAAGCFCM@Tuesday@  00000001800150f0     libucrt:nlsdata.obj
 0002:000020f8       ??_C@_09DLIGFAKA@Wednesday@ 00000001800150f8     libucrt:nlsdata.obj
 0002:00002108       ??_C@_08HACCIKIA@Thursday@ 0000000180015108     libucrt:nlsdata.obj
 0002:00002114       ??_C@_06JECMNKMI@Friday@   0000000180015114     libucrt:nlsdata.obj
 0002:00002120       ??_C@_08INBOOONO@Saturday@ 0000000180015120     libucrt:nlsdata.obj
 0002:0000212c       ??_C@_03JIHJHPIE@Jan@      000000018001512c     libucrt:nlsdata.obj
 0002:00002130       ??_C@_03HJBDCHOM@Feb@      0000000180015130     libucrt:nlsdata.obj
 0002:00002134       ??_C@_03ODNJBKGA@Mar@      0000000180015134     libucrt:nlsdata.obj
 0002:00002138       ??_C@_03LEOLGMJP@Apr@      0000000180015138     libucrt:nlsdata.obj
 0002:0000213c       ??_C@_03CNMDKL@May@        000000018001513c     libucrt:nlsdata.obj
 0002:00002140       ??_C@_03IDFGHECI@Jun@      0000000180015140     libucrt:nlsdata.obj
 0002:00002144       ??_C@_03LBGABGKK@Jul@      0000000180015144     libucrt:nlsdata.obj
 0002:00002148       ??_C@_03IFJFEIGA@Aug@      0000000180015148     libucrt:nlsdata.obj
 0002:0000214c       ??_C@_03GGCAPAJC@Sep@      000000018001514c     libucrt:nlsdata.obj
 0002:00002150       ??_C@_03BMAOKBAD@Oct@      0000000180015150     libucrt:nlsdata.obj
 0002:00002154       ??_C@_03JPJOFNIA@Nov@      0000000180015154     libucrt:nlsdata.obj
 0002:00002158       ??_C@_03MKABNOCG@Dec@      0000000180015158     libucrt:nlsdata.obj
 0002:00002160       ??_C@_07CGJPFGJA@January@  0000000180015160     libucrt:nlsdata.obj
 0002:00002168       ??_C@_08GNJGEPFN@February@ 0000000180015168     libucrt:nlsdata.obj
 0002:00002174       ??_C@_05HPCKOFNC@March@    0000000180015174     libucrt:nlsdata.obj
 0002:0000217c       ??_C@_05DMJDNLEJ@April@    000000018001517c     libucrt:nlsdata.obj
 0002:00002184       ??_C@_04CNLMGBGM@June@     0000000180015184     libucrt:nlsdata.obj
 0002:0000218c       ??_C@_04MIEPOIFP@July@     000000018001518c     libucrt:nlsdata.obj
 0002:00002194       ??_C@_06LBBHFDDG@August@   0000000180015194     libucrt:nlsdata.obj
 0002:000021a0       ??_C@_09BHHEALKD@September@ 00000001800151a0     libucrt:nlsdata.obj
 0002:000021b0       ??_C@_07JJNFCEND@October@  00000001800151b0     libucrt:nlsdata.obj
 0002:000021b8       ??_C@_08HCHEGEOA@November@ 00000001800151b8     libucrt:nlsdata.obj
 0002:000021c8       ??_C@_08EDHMEBNP@December@ 00000001800151c8     libucrt:nlsdata.obj
 0002:000021d4       ??_C@_02DEDBPAFC@AM@       00000001800151d4     libucrt:nlsdata.obj
 0002:000021d8       ??_C@_02CJNFDJBF@PM@       00000001800151d8     libucrt:nlsdata.obj
 0002:000021e0       ??_C@_08BPBNCDIB@MM?1dd?1yy@ 00000001800151e0     libucrt:nlsdata.obj
 0002:000021f0       ??_C@_0BE@CKGJFCPC@dddd?0?5MMMM?5dd?0?5yyyy@ 00000001800151f0     libucrt:nlsdata.obj
 0002:00002208       ??_C@_08JCCMCCIL@HH?3mm?3ss@ 0000000180015208     libucrt:nlsdata.obj
 0002:00002218       ??_C@_17MBGCMIPB@?$AAS?$AAu?$AAn@ 0000000180015218     libucrt:nlsdata.obj
 0002:00002220       ??_C@_17KBOMKBF@?$AAM?$AAo?$AAn@ 0000000180015220     libucrt:nlsdata.obj
 0002:00002228       ??_C@_17BMKGEGOJ@?$AAT?$AAu?$AAe@ 0000000180015228     libucrt:nlsdata.obj
 0002:00002230       ??_C@_17CJEDCEPE@?$AAW?$AAe?$AAd@ 0000000180015230     libucrt:nlsdata.obj
 0002:00002238       ??_C@_17PDPHAADD@?$AAT?$AAh?$AAu@ 0000000180015238     libucrt:nlsdata.obj
 0002:00002240       ??_C@_17HFOLPPLP@?$AAF?$AAr?$AAi@ 0000000180015240     libucrt:nlsdata.obj
 0002:00002248       ??_C@_17GGIBDPIH@?$AAS?$AAa?$AAt@ 0000000180015248     libucrt:nlsdata.obj
 0002:00002250       ??_C@_1O@IHNHDHPB@?$AAS?$AAu?$AAn?$AAd?$AAa?$AAy@ 0000000180015250     libucrt:nlsdata.obj
 0002:00002260       ??_C@_1O@MMNBFLIA@?$AAM?$AAo?$AAn?$AAd?$AAa?$AAy@ 0000000180015260     libucrt:nlsdata.obj
 0002:00002270       ??_C@_1BA@ENFBFFEK@?$AAT?$AAu?$AAe?$AAs?$AAd?$AAa?$AAy@ 0000000180015270     libucrt:nlsdata.obj
 0002:00002280       ??_C@_1BE@EBOGMDOH@?$AAW?$AAe?$AAd?$AAn?$AAe?$AAs?$AAd?$AAa?$AAy@ 0000000180015280     libucrt:nlsdata.obj
 0002:00002298       ??_C@_1BC@HHMNLIHE@?$AAT?$AAh?$AAu?$AAr?$AAs?$AAd?$AAa?$AAy@ 0000000180015298     libucrt:nlsdata.obj
 0002:000022b0       ??_C@_1O@PDICJHAG@?$AAF?$AAr?$AAi?$AAd?$AAa?$AAy@ 00000001800152b0     libucrt:nlsdata.obj
 0002:000022c0       ??_C@_1BC@ENMNNPAJ@?$AAS?$AAa?$AAt?$AAu?$AAr?$AAd?$AAa?$AAy@ 00000001800152c0     libucrt:nlsdata.obj
 0002:000022d8       ??_C@_17DKNBKCHM@?$AAJ?$AAa?$AAn@ 00000001800152d8     libucrt:nlsdata.obj
 0002:000022e0       ??_C@_17LMDJEKJN@?$AAF?$AAe?$AAb@ 00000001800152e0     libucrt:nlsdata.obj
 0002:000022e8       ??_C@_17CKNLEDEC@?$AAM?$AAa?$AAr@ 00000001800152e8     libucrt:nlsdata.obj
 0002:000022f0       ??_C@_17LFPOIHDD@?$AAA?$AAp?$AAr@ 00000001800152f0     libucrt:nlsdata.obj
 0002:000022f8       ??_C@_17PNNKMEED@?$AAM?$AAa?$AAy@ 00000001800152f8     libucrt:nlsdata.obj
 0002:00002300       ??_C@_17KCJGOCPB@?$AAJ?$AAu?$AAn@ 0000000180015300     libucrt:nlsdata.obj
 0002:00002308       ??_C@_17IJPCKHK@?$AAJ?$AAu?$AAl@ 0000000180015308     libucrt:nlsdata.obj
 0002:00002310       ??_C@_17ICPELBCN@?$AAA?$AAu?$AAg@ 0000000180015310     libucrt:nlsdata.obj
 0002:00002318       ??_C@_17HCHCOKMG@?$AAS?$AAe?$AAp@ 0000000180015318     libucrt:nlsdata.obj
 0002:00002320       ??_C@_17FNLKOI@?$AAO?$AAc?$AAt@ 0000000180015320     libucrt:nlsdata.obj
 0002:00002328       ??_C@_17BBDMLCIG@?$AAN?$AAo?$AAv@ 0000000180015328     libucrt:nlsdata.obj
 0002:00002330       ??_C@_17EGKACKIF@?$AAD?$AAe?$AAc@ 0000000180015330     libucrt:nlsdata.obj
 0002:00002338       ??_C@_1BA@EFMEIEBA@?$AAJ?$AAa?$AAn?$AAu?$AAa?$AAr?$AAy@ 0000000180015338     libucrt:nlsdata.obj
 0002:00002348       ??_C@_1BC@JGDDFFAM@?$AAF?$AAe?$AAb?$AAr?$AAu?$AAa?$AAr?$AAy@ 0000000180015348     libucrt:nlsdata.obj
 0002:00002360       ??_C@_1M@IKEENEDF@?$AAM?$AAa?$AAr?$AAc?$AAh@ 0000000180015360     libucrt:nlsdata.obj
 0002:00002370       ??_C@_1M@GJNLMHFD@?$AAA?$AAp?$AAr?$AAi?$AAl@ 0000000180015370     libucrt:nlsdata.obj
 0002:00002380       ??_C@_19EPFLPGAP@?$AAJ?$AAu?$AAn?$AAe@ 0000000180015380     libucrt:nlsdata.obj
 0002:00002390       ??_C@_19BIFMLPCD@?$AAJ?$AAu?$AAl?$AAy@ 0000000180015390     libucrt:nlsdata.obj
 0002:000023a0       ??_C@_1O@PAHLKOAC@?$AAA?$AAu?$AAg?$AAu?$AAs?$AAt@ 00000001800153a0     libucrt:nlsdata.obj
 0002:000023b0       ??_C@_1BE@DKAAMBJL@?$AAS?$AAe?$AAp?$AAt?$AAe?$AAm?$AAb?$AAe?$AAr@ 00000001800153b0     libucrt:nlsdata.obj
 0002:000023c8       ??_C@_1BA@EPANDLNG@?$AAO?$AAc?$AAt?$AAo?$AAb?$AAe?$AAr@ 00000001800153c8     libucrt:nlsdata.obj
 0002:000023d8       ??_C@_1BC@BGLIFPF@?$AAN?$AAo?$AAv?$AAe?$AAm?$AAb?$AAe?$AAr@ 00000001800153d8     libucrt:nlsdata.obj
 0002:000023f0       ??_C@_1BC@FEMKIFH@?$AAD?$AAe?$AAc?$AAe?$AAm?$AAb?$AAe?$AAr@ 00000001800153f0     libucrt:nlsdata.obj
 0002:00002404       ??_C@_15ODEHAHHF@?$AAA?$AAM@ 0000000180015404     libucrt:nlsdata.obj
 0002:0000240c       ??_C@_15CLMNNGEL@?$AAP?$AAM@ 000000018001540c     libucrt:nlsdata.obj
 0002:00002418       ??_C@_1BC@IEBCMHCM@?$AAM?$AAM?$AA?1?$AAd?$AAd?$AA?1?$AAy?$AAy@ 0000000180015418     libucrt:nlsdata.obj
 0002:00002430       ??_C@_1CI@KNAKOEBC@?$AAd?$AAd?$AAd?$AAd?$AA?0?$AA?5?$AAM?$AAM?$AAM?$AAM?$AA?5?$AAd?$AAd?$AA?0?$AA?5@ 0000000180015430     libucrt:nlsdata.obj
 0002:00002458       ??_C@_1BC@GDGBMEMK@?$AAH?$AAH?$AA?3?$AAm?$AAm?$AA?3?$AAs?$AAs@ 0000000180015458     libucrt:nlsdata.obj
 0002:00002470       ??_C@_1M@BMHNFIME@?$AAe?$AAn?$AA?9?$AAU?$AAS@ 0000000180015470     libucrt:nlsdata.obj
 0002:000024a0       ??_C@_1M@HPNHIDJI@?$AAj?$AAa?$AA?9?$AAJ?$AAP@ 00000001800154a0     libucrt:mbctype.obj
 0002:000024b0       ??_C@_1M@BIBDDEMK@?$AAz?$AAh?$AA?9?$AAC?$AAN@ 00000001800154b0     libucrt:mbctype.obj
 0002:000024c0       ??_C@_1M@JLOOOEGK@?$AAk?$AAo?$AA?9?$AAK?$AAR@ 00000001800154c0     libucrt:mbctype.obj
 0002:000024d0       ??_C@_1M@CLNBBOPM@?$AAz?$AAh?$AA?9?$AAT?$AAW@ 00000001800154d0     libucrt:mbctype.obj
 0002:00002580       ??_C@_1EA@JGEFHKEI@?$AAa?$AAp?$AAi?$AA?9?$AAm?$AAs?$AA?9?$AAw?$AAi?$AAn?$AA?9?$AAc?$AAo?$AAr?$AAe@ 0000000180015580     libucrt:winapi_thunks.obj
 0002:000025c0       ??_C@_1DI@IJCEHOCB@?$AAa?$AAp?$AAi?$AA?9?$AAm?$AAs?$AA?9?$AAw?$AAi?$AAn?$AA?9?$AAc?$AAo?$AAr?$AAe@ 00000001800155c0     libucrt:winapi_thunks.obj
 0002:00002600       ??_C@_1EI@MPIAOHOC@?$AAa?$AAp?$AAi?$AA?9?$AAm?$AAs?$AA?9?$AAw?$AAi?$AAn?$AA?9?$AAc?$AAo?$AAr?$AAe@ 0000000180015600     libucrt:winapi_thunks.obj
 0002:00002650       ??_C@_1FK@FPHCKFIE@?$AAa?$AAp?$AAi?$AA?9?$AAm?$AAs?$AA?9?$AAw?$AAi?$AAn?$AA?9?$AAc?$AAo?$AAr?$AAe@ 0000000180015650     libucrt:winapi_thunks.obj
 0002:000026b0       ??_C@_1EM@DILCGIIO@?$AAa?$AAp?$AAi?$AA?9?$AAm?$AAs?$AA?9?$AAw?$AAi?$AAn?$AA?9?$AAc?$AAo?$AAr?$AAe@ 00000001800156b0     libucrt:winapi_thunks.obj
 0002:00002700       ??_C@_1DM@LNCGDDPN@?$AAa?$AAp?$AAi?$AA?9?$AAm?$AAs?$AA?9?$AAw?$AAi?$AAn?$AA?9?$AAc?$AAo?$AAr?$AAe@ 0000000180015700     libucrt:winapi_thunks.obj
 0002:00002740       ??_C@_1DO@FPAPJEMD@?$AAa?$AAp?$AAi?$AA?9?$AAm?$AAs?$AA?9?$AAw?$AAi?$AAn?$AA?9?$AAc?$AAo?$AAr?$AAe@ 0000000180015740     libucrt:winapi_thunks.obj
 0002:00002780       ??_C@_1DK@NDHNAHIO@?$AAa?$AAp?$AAi?$AA?9?$AAm?$AAs?$AA?9?$AAw?$AAi?$AAn?$AA?9?$AAc?$AAo?$AAr?$AAe@ 0000000180015780     libucrt:winapi_thunks.obj
 0002:000027c0       ??_C@_1DM@KGHDGBCM@?$AAa?$AAp?$AAi?$AA?9?$AAm?$AAs?$AA?9?$AAw?$AAi?$AAn?$AA?9?$AAc?$AAo?$AAr?$AAe@ 00000001800157c0     libucrt:winapi_thunks.obj
 0002:00002800       ??_C@_1EO@IJIOEFOH@?$AAa?$AAp?$AAi?$AA?9?$AAm?$AAs?$AA?9?$AAw?$AAi?$AAn?$AA?9?$AAr?$AAt?$AAc?$AAo@ 0000000180015800     libucrt:winapi_thunks.obj
 0002:00002850       ??_C@_1FG@HHGEKANL@?$AAa?$AAp?$AAi?$AA?9?$AAm?$AAs?$AA?9?$AAw?$AAi?$AAn?$AA?9?$AAs?$AAe?$AAc?$AAu@ 0000000180015850     libucrt:winapi_thunks.obj
 0002:000028b0       ??_C@_1EG@DBIOJECG@?$AAe?$AAx?$AAt?$AA?9?$AAm?$AAs?$AA?9?$AAw?$AAi?$AAn?$AA?9?$AAn?$AAt?$AAu?$AAs@ 00000001800158b0     libucrt:winapi_thunks.obj
 0002:00002900       ??_C@_1EO@FIHMJCLF@?$AAe?$AAx?$AAt?$AA?9?$AAm?$AAs?$AA?9?$AAw?$AAi?$AAn?$AA?9?$AAn?$AAt?$AAu?$AAs@ 0000000180015900     libucrt:winapi_thunks.obj
 0002:00002950       ??_C@_1BC@DNHGCMLG@?$AAa?$AAd?$AAv?$AAa?$AAp?$AAi?$AA3?$AA2@ 0000000180015950     libucrt:winapi_thunks.obj
 0002:00002968       ??_C@_1M@OAIMIKLP@?$AAn?$AAt?$AAd?$AAl?$AAl@ 0000000180015968     libucrt:winapi_thunks.obj
 0002:00002980       ??_C@_1EG@DPGNFKGC@?$AAa?$AAp?$AAi?$AA?9?$AAm?$AAs?$AA?9?$AAw?$AAi?$AAn?$AA?9?$AAa?$AAp?$AAp?$AAm@ 0000000180015980     libucrt:winapi_thunks.obj
 0002:000029c8       ??_C@_1O@BCCLBEOE@?$AAu?$AAs?$AAe?$AAr?$AA3?$AA2@ 00000001800159c8     libucrt:winapi_thunks.obj
 0002:000029d8       ??_C@_1BA@IAIFMGEF@?$AAe?$AAx?$AAt?$AA?9?$AAm?$AAs?$AA?9@ 00000001800159d8     libucrt:winapi_thunks.obj
 0002:000029f0       ??_C@_0BA@FHFNEAED@AreFileApisANSI@ 00000001800159f0     libucrt:winapi_thunks.obj
 0002:00002a30       ??_C@_0O@KKBNKAPF@LCMapStringEx@ 0000000180015a30     libucrt:winapi_thunks.obj
 0002:00002a48       ??_C@_0BB@HBDEELFH@LocaleNameToLCID@ 0000000180015a48     libucrt:winapi_thunks.obj
 0002:00002a60       ??_C@_0CF@OJOFEIGO@AppPolicyGetProcessTerminationM@ 0000000180015a60     libucrt:winapi_thunks.obj
 0002:00002a90       __newctype                 0000000180015a90     libucrt:ctype.obj
 0002:00002d90       __newclmap                 0000000180015d90     libucrt:ctype.obj
[...]
 0002:00009380       $unwind$??$?RV<lambda_0ae27a3a962d80f24befdcbee591983d>@@AEAV<lambda_8d0ee55de4b1038c4002e0adecdf1839>@@V<lambda_dc504788e8f1664fe9b84e20bfb512f2>@@@?$__crt_seh_guarded_call@X@@QEAAX$$QEAV<lambda_0ae27a3a962d80f24befdcbee591983d>@@AEAV<lambda_8d0ee55de4b1038c4002e0adecdf1839>@@$$QEAV<lambda_dc504788e8f1664fe9b84e20bfb512f2>@@@Z 000000018001c380     libucrt:per_thread_data.obj
 0002:000093a4       $unwind$??$?RV<lambda_aa87e3671a710a21b5dc78c0bdf72e11>@@AEAV<lambda_92619d2358a28f41a33ba319515a20b9>@@V<lambda_6992ecaafeb10aed2b74cb1fae11a551>@@@?$__crt_seh_guarded_call@X@@QEAAX$$QEAV<lambda_aa87e3671a710a21b5dc78c0bdf72e11>@@AEAV<lambda_92619d2358a28f41a33ba319515a20b9>@@$$QEAV<lambda_6992ecaafeb10aed2b74cb1fae11a551>@@@Z 000000018001c3a4     libucrt:per_thread_data.obj
 0002:000093c8       $unwind$??$?RV<lambda_f2e299630e499de9f9a165e60fcd3db5>@@AEAV<lambda_2ae9d31cdba2644fcbeaf08da7c24588>@@V<lambda_40d01ff24d0e7b3814fdbdcee8eab3c7>@@@?$__crt_seh_guarded_call@X@@QEAAX$$QEAV<lambda_f2e299630e499de9f9a165e60fcd3db5>@@AEAV<lambda_2ae9d31cdba2644fcbeaf08da7c24588>@@$$QEAV<lambda_40d01ff24d0e7b3814fdbdcee8eab3c7>@@@Z 000000018001c3c8     libucrt:per_thread_data.obj
 0002:000093ec       $unwind$??$?RV<lambda_2d41944a1d46af3157314b8a01080d33>@@AEAV<lambda_8f455de75cd7d7f24b4096f044d8b9e6>@@V<lambda_aa500f224e6afead328df44964fe2772>@@@?$__crt_seh_guarded_call@X@@QEAAX$$QEAV<lambda_2d41944a1d46af3157314b8a01080d33>@@AEAV<lambda_8f455de75cd7d7f24b4096f044d8b9e6>@@$$QEAV<lambda_aa500f224e6afead328df44964fe2772>@@@Z 000000018001c3ec     libucrt:per_thread_data.obj
 0002:00009410       $unwind$__acrt_fp_format   000000018001c410     libucrt:cvt.obj
 0002:00009428       $unwind$?fp_format_e_internal@@YAHQEAD_KH_NIQEAU_strflt@@2QEAU__crt_locale_pointers@@@Z 000000018001c428     libucrt:cvt.obj
 0002:00009440       $unwind$?fp_format_a@@YAHQEBNPEAD_KQEAD2H_NIQEAU__crt_locale_pointers@@W4__acrt_rounding_mode@@@Z 000000018001c440     libucrt:cvt.obj
 0002:0000945c       $unwind$__dcrt_get_narrow_environment_from_os 000000018001c45c     libucrt:get_environment_from_os.obj
 0002:0000945c       $unwind$?fp_format_f_internal@@YAHQEAD_KHQEAU_strflt@@_NQEAU__crt_locale_pointers@@@Z 000000018001c45c     libucrt:cvt.obj
 0002:0000945c       $unwind$??$__acrt_wcs_to_mbs_cp@U__crt_win32_buffer_internal_dynamic_resizing@@@@YAHQEB_WAEAV?$__crt_win32_buffer@DU__crt_win32_buffer_internal_dynamic_resizing@@@@I@Z 000000018001c45c     libucrt:argv_wildcards.obj
 0002:00009474       $unwind$?fp_format_g@@YAHQEBNQEAD_K12H_NIW4__acrt_rounding_mode@@QEAU__crt_locale_pointers@@@Z 000000018001c474     libucrt:cvt.obj
 0002:00009488       $unwind$__acrt_uninitialize_locale 000000018001c488     libucrt:wsetlocale.obj
 0002:00009488       $unwind$__acrt_get_sigabrt_handler 000000018001c488     libucrt:signal.obj
 0002:00009490       $unwind$??$?RV<lambda_410d79af7f07d98d83a3f525b3859a53>@@AEAV<lambda_3e16ef9562a7dcce91392c22ab16ea36>@@V<lambda_38119f0e861e05405d8a144b9b982f0a>@@@?$__crt_seh_guarded_call@X@@QEAAX$$QEAV<lambda_410d79af7f07d98d83a3f525b3859a53>@@AEAV<lambda_3e16ef9562a7dcce91392c22ab16ea36>@@$$QEAV<lambda_38119f0e861e05405d8a144b9b982f0a>@@@Z 000000018001c490     libucrt:wsetlocale.obj
 0002:000094b8       $unwind$__acrt_initialize_lowio 000000018001c4b8     libucrt:ioinit.obj
 0002:000094d8       $unwind$?initialize_inherited_file_handles_nolock@@YAXXZ 000000018001c4d8     libucrt:ioinit.obj
 0002:000094f4       $unwind$??$common_expand_argv_wildcards@D@@YAHQEAPEADQEAPEAPEAD@Z 000000018001c4f4     libucrt:argv_wildcards.obj
 0002:0000950c       $unwind$??$copy_and_add_argument_to_buffer@D@@YAHQEBD0_KAEAV?$argument_list@D@?A0x5f5c8891@@@Z 000000018001c50c     libucrt:argv_wildcards.obj
 0002:00009528       $unwind$??$expand_argument_wildcards@D@@YAHQEAD0AEAV?$argument_list@D@?A0x5f5c8891@@@Z 000000018001c528     libucrt:argv_wildcards.obj
 0002:0000954c       $unwind$__acrt_GetModuleFileNameA 000000018001c54c     libucrt:getmodulefilenamea.obj
 0002:00009568       $unwind$__dcrt_write_console 000000018001c568     libucrt:initcon.obj
 0002:00009568       $unwind$??$__acrt_wcs_to_mbs_cp@U__crt_win32_buffer_no_resizing@@@@YAHQEB_WAEAV?$__crt_win32_buffer@DU__crt_win32_buffer_no_resizing@@@@I@Z 000000018001c568     libucrt:getmodulefilenamea.obj
 0002:0000957c       $unwind$_setmbcp_nolock    000000018001c57c     libucrt:mbctype.obj
 0002:0000959c       $unwind$__dcrt_lowio_ensure_console_output_initialized 000000018001c59c     libucrt:initcon.obj
 0002:0000959c       $unwind$_isleadbyte_l      000000018001c59c     libucrt:_wctype.obj
 0002:0000959c       $unwind$?getSystemCP@@YAHH@Z 000000018001c59c     libucrt:mbctype.obj
 0002:000095a4       $unwind$?update_thread_multibyte_data_internal@@YAPEAU__crt_multibyte_data@@QEAU__acrt_ptd@@QEAPEAU1@@Z 000000018001c5a4     libucrt:mbctype.obj
 0002:000095cc       $unwind$?setmbcp_internal@@YAHH_NQEAU__acrt_ptd@@QEAPEAU__crt_multibyte_data@@@Z 000000018001c5cc     libucrt:mbctype.obj
 0002:000095dc       $unwind$?setSBUpLow@@YAXPEAU__crt_multibyte_data@@@Z 000000018001c5dc     libucrt:mbctype.obj
 0002:000095f8       $unwind$??$?RV<lambda_efdfa57d1f175319df784efa44bb7b81>@@AEAV<lambda_5f0a4c1567f8adc6734073e5d1e1b35c>@@V<lambda_2e8a7d3640ea6ccb4c2413664c2db6fd>@@@?$__crt_seh_guarded_call@X@@QEAAX$$QEAV<lambda_efdfa57d1f175319df784efa44bb7b81>@@AEAV<lambda_5f0a4c1567f8adc6734073e5d1e1b35c>@@$$QEAV<lambda_2e8a7d3640ea6ccb4c2413664c2db6fd>@@@Z 000000018001c5f8     libucrt:mbctype.obj
 0002:0000961c       $unwind$?x_ismbbtype_l@@YAHPEAU__crt_locale_pointers@@IHH@Z 000000018001c61c     libucrt:ismbbyte.obj
 0002:0000962c       $unwind$__acrt_WideCharToMultiByte 000000018001c62c     libucrt:widechartomultibyte.obj
 0002:00009638       $unwind$__acrt_initialize_winapi_thunks 000000018001c638     libucrt:winapi_thunks.obj
 0002:00009640       $unwind$_query_new_handler 000000018001c640     libucrt:new_handler.obj
 0002:00009660       $unwind$raise              000000018001c660     libucrt:signal.obj
 0002:0000969c       $unwind$??$?RV<lambda_450d765d439847d4c735a33c368b5fc0>@@AEAV<lambda_44731a7d0e6d81c3e6aa82d741081786>@@V<lambda_601a2a7da3b7a96e9554ac7215c4b07c>@@@?$__crt_seh_guarded_call@P6AXH@Z@@QEAAP6AXH@Z$$QEAV<lambda_450d765d439847d4c735a33c368b5fc0>@@AEAV<lambda_44731a7d0e6d81c3e6aa82d741081786>@@$$QEAV<lambda_601a2a7da3b7a96e9554ac7215c4b07c>@@@Z 000000018001c69c     libucrt:signal.obj
 0002:000096c0       $unwind$?common_flush_all@@YAH_N@Z 000000018001c6c0     libucrt:fflush.obj
 0002:000096c8       $unwind$??$?RV<lambda_842d9ff0dc9ef11c61343bbaebe7f885>@@AEAV<lambda_c5860995281e5c4ce005b3de8f5874ee>@@V<lambda_d90129c13df834fdcbf8d2b88dafcf2d>@@@?$__crt_seh_guarded_call@X@@QEAAX$$QEAV<lambda_842d9ff0dc9ef11c61343bbaebe7f885>@@AEAV<lambda_c5860995281e5c4ce005b3de8f5874ee>@@$$QEAV<lambda_d90129c13df834fdcbf8d2b88dafcf2d>@@@Z 000000018001c6c8     libucrt:fflush.obj
 0002:000096ec       $unwind$??$?RV<lambda_886d6c58226a84441f68b9f2b8217b83>@@AEAV<lambda_ab61a845afdef5b7c387490eaf3616ee>@@V<lambda_f7f22ab5edc0698d5f6905b0d3f44752>@@@?$__crt_seh_guarded_call@X@@QEAAX$$QEAV<lambda_886d6c58226a84441f68b9f2b8217b83>@@AEAV<lambda_ab61a845afdef5b7c387490eaf3616ee>@@$$QEAV<lambda_f7f22ab5edc0698d5f6905b0d3f44752>@@@Z 000000018001c6ec     libucrt:fflush.obj
 0002:00009714       $unwind$_isctype_l         000000018001c714     libucrt:isctype.obj
 0002:00009730       $unwind$?__mbsrtowcs_utf8@__crt_mbstring@@YA_KPEA_WPEAPEBD_KPEAU_Mbstatet@@@Z 000000018001c730     libucrt:mbrtowc.obj
 0002:00009748       $unwind$__acrt_update_thread_locale_data 000000018001c748     libucrt:locale_refcounting.obj
 0002:0000976c       $unwind$__acrt_fltout      000000018001c76c     libucrt:cfout.obj
 0002:0000978c       $unwind$?divide@__crt_strtox@@YA_KAEAUbig_integer@1@AEBU21@@Z 000000018001c78c     libucrt:cfout.obj
 0002:000097a4       $chain$0$?divide@__crt_strtox@@YA_KAEAUbig_integer@1@AEBU21@@Z 000000018001c7a4     libucrt:cfout.obj
 0002:000097b8       $chain$1$?divide@__crt_strtox@@YA_KAEAUbig_integer@1@AEBU21@@Z 000000018001c7b8     libucrt:cfout.obj
 0002:000097c8       $unwind$_fcloseall         000000018001c7c8     libucrt:closeall.obj
 0002:000097ec       $unwind$__acrt_locale_free_time 000000018001c7ec     libucrt:inittime.obj
 0002:000097fc       $unwind$__acrt_GetStringTypeA 000000018001c7fc     libucrt:getstringtypea.obj
 0002:00009824       $unwind$_free_osfhnd       000000018001c824     libucrt:osfinfo.obj
 0002:00009838       $unwind$__acrt_lowio_destroy_handle_array 000000018001c838     libucrt:osfinfo.obj
 0002:00009848       $unwind$__acrt_lowio_ensure_fh_exists 000000018001c848     libucrt:osfinfo.obj
 0002:00009874       $unwind$qsort              000000018001c874     libucrt:qsort.obj
 0002:0000988c       $chain$4$qsort             000000018001c88c     libucrt:qsort.obj
 0002:000098b0       $chain$5$qsort             000000018001c8b0     libucrt:qsort.obj
 0002:000098c0       $unwind$strpbrk            000000018001c8c0     libucrt:strpbrk.obj
 0002:000098d0       $unwind$fallbackMethod     000000018001c8d0     libucrt:strpbrk.obj
 0002:000098e0       $unwind$_mbsdec_l          000000018001c8e0     libucrt:mbsdec.obj
 0002:000098ec       $unwind$__acrt_LCMapStringA 000000018001c8ec     libucrt:lcmapstringa.obj
 0002:000098fc       $unwind$?__acrt_LCMapStringA_stat@@YAHPEAU__crt_locale_pointers@@PEB_WKPEBDHPEADHHH@Z 000000018001c8fc     libucrt:lcmapstringa.obj
 0002:00009924       $unwind$_close             000000018001c924     libucrt:close.obj
 0002:00009924       $unwind$_commit            000000018001c924     libucrt:commit.obj
 0002:0000992c       $unwind$??$?RV<lambda_a37b2b86f63e897a80ea819b0eb08c01>@@AEAV<lambda_38ce7e780aa69e748d6df282ebc68efe>@@V<lambda_99fb1378e971ab6e7edea83e3a7a83a2>@@@?$__crt_seh_guarded_call@H@@QEAAH$$QEAV<lambda_a37b2b86f63e897a80ea819b0eb08c01>@@AEAV<lambda_38ce7e780aa69e748d6df282ebc68efe>@@$$QEAV<lambda_99fb1378e971ab6e7edea83e3a7a83a2>@@@Z 000000018001c92c     libucrt:commit.obj
 0002:00009950       $unwind$_write             000000018001c950     libucrt:write.obj
 0002:00009980       $unwind$_write_nolock      000000018001c980     libucrt:write.obj
 0002:00009998       $unwind$?write_double_translated_ansi_nolock@@YA?AUwrite_result@?A0x17268360@@HQEBDI@Z 000000018001c998     libucrt:write.obj
 0002:000099bc       $unwind$?write_text_ansi_nolock@@YA?AUwrite_result@?A0x17268360@@HQEBDI@Z 000000018001c9bc     libucrt:write.obj
 0002:000099bc       $unwind$?write_text_utf16le_nolock@@YA?AUwrite_result@?A0x17268360@@HQEBDI@Z 000000018001c9bc     libucrt:write.obj
 0002:000099dc       $unwind$?write_text_utf8_nolock@@YA?AUwrite_result@?A0x17268360@@HQEBDI@Z 000000018001c9dc     libucrt:write.obj
 0002:00009a00       $unwind$?__mbrtoc32_utf8@__crt_mbstring@@YA_KPEA_UPEBD_KPEAU_Mbstatet@@@Z 000000018001ca00     libucrt:mbrtoc32.obj
 0002:00009a20       $xdatasym                  000000018001ca20     libucrt:log10.obj
 0002:00009a2c       $unwind$__acrt_fenv_set_control 000000018001ca2c     libucrt:_fenvutils.obj
 0002:00009a3c       $unwind$fclose             000000018001ca3c     libucrt:fclose.obj
 0002:00009a60       $unwind$_putwch_nolock     000000018001ca60     libucrt:putwch.obj
 0002:00009a68       $unwind$common_control87   000000018001ca68     libucrt:ieee.obj
 0002:00009a94       $unwind$_call_matherr      000000018001ca94     libucrt:libm_error.obj
 0002:00009a9c       $unwind$_handle_error      000000018001ca9c     libucrt:libm_error.obj
 0002:00009abc       $unwind$__acrt_initialize_fma3 000000018001cabc     libucrt:fma3_available.obj
 0002:00009ac4       $unwind$_log_special_common 000000018001cac4     libucrt:log_special.obj
 0002:00009ad0       $unwind$??$?RV<lambda_751a882b2c74d4b022dec766aa51a29a>@@AEAV<lambda_628dfdc04ba53c8bfc02c9951375f3f5>@@V<lambda_f6c7be5f7998530c34de24c7437d6b54>@@@?$__crt_seh_guarded_call@H@@QEAAH$$QEAV<lambda_751a882b2c74d4b022dec766aa51a29a>@@AEAV<lambda_628dfdc04ba53c8bfc02c9951375f3f5>@@$$QEAV<lambda_f6c7be5f7998530c34de24c7437d6b54>@@@Z 000000018001cad0     libucrt:close.obj
 0002:00009af8       $xdatasym                  000000018001caf8     libucrt:fpsr.obj
 0002:00009b00       $unwind$_raise_exc         000000018001cb00     libucrt:fpexcept.obj
 0002:00009b08       $unwind$_raise_exc_ex      000000018001cb08     libucrt:fpexcept.obj
 0002:00009b1c       $unwind$_ctrlfp            000000018001cb1c     libucrt:fpctrl.obj
 0002:00009b44       $unwind$_IsNonwritableInCurrentImage 000000018001cb44     LIBCMT:pesect.obj
 0002:00009b68       $xdatasym                  000000018001cb68     LIBCMT:chkstk.obj
 0002:00009b70       $xdatasym                  000000018001cb70     libvcruntime:memcmp.obj
 0002:00009b80       .edata                     000000018001cb80     gdi+.exp
 0002:00009ba8       rgpv                       000000018001cba8     gdi+.exp
 0002:00009bbc       rgszName                   000000018001cbbc     gdi+.exp
 0002:00009bd0       rgwOrd                     000000018001cbd0     gdi+.exp
 0002:00009bda       szName                     000000018001cbda     gdi+.exp
 0002:00009be3       $N00001                    000000018001cbe3     gdi+.exp
 0002:00009bee       $N00002                    000000018001cbee     gdi+.exp
 0002:00009bf7       $N00003                    000000018001cbf7     gdi+.exp
 0002:00009c00       $N00004                    000000018001cc00     gdi+.exp
 0002:00009c09       $N00005                    000000018001cc09     gdi+.exp
 0002:0000a092       .idata$6                   000000018001d092     kernel32:KERNEL32.dll
 0002:0000a0ca       .idata$6                   000000018001d0ca     user32:USER32.dll
 0002:0000a140       .idata$6                   000000018001d140     gdi32:GDI32.dll
 0002:0000a16e       .idata$6                   000000018001d16e     ole32:ole32.dll
 0003:00000040       ?__vcrt_flsindex@@3KA      000000018001e040     libvcruntime:per_thread_data.obj
 0003:00000060       ?errno_no_memory@@3HA      000000018001e060     libucrt:errno.obj
 0003:00000064       ?doserrno_no_memory@@3KA   000000018001e064     libucrt:errno.obj
 0003:00000068       ?__acrt_flsindex@@3KA      000000018001e068     libucrt:per_thread_data.obj
 0003:00000520       _mbctypes                  000000018001e520     libucrt:mbctype.obj
 0003:00000630       _mbcasemaps                000000018001e630     libucrt:mbctype.obj
 0003:00000730       ?__rgctypeflag@@3PADA      000000018001e730     libucrt:mbctype.obj
 0003:00000740       ?__rgcode_page_info@@3PAUcode_page_info@@A 000000018001e740     libucrt:mbctype.obj
 0003:000009e0       ?dazSupported@?1??common_control87@@9@9 000000018001e9e0     libucrt:ieee.obj
 0003:000009f0       ?__dcrt_lowio_console_output_handle@@3PEAXEA 000000018001e9f0     libucrt:initcon.obj
 0003:00000a00       ?dazSupported@?1??_ctrlfp@@9@9 000000018001ea00     libucrt:fpctrl.obj
 0003:00000a28       ?gHeapInit@?A0x8f3601b8@@3U?$atomic@H@std@@A 000000018001ea28     common-kernel64:Memory.obj
 0003:00000a2c       ?gHeapCounter@?A0x8f3601b8@@3U?$atomic@H@std@@A 000000018001ea2c     common-kernel64:Memory.obj
 0003:00000a30       ?ghHeap@?A0x8f3601b8@@3PEAXEA 000000018001ea30     common-kernel64:Memory.obj
 0003:00000a50       ?g_Threads@@3PAUConEmuThreadInfo@@A 000000018001ea50     common-kernel64:WThreads.obj
 0003:00009250       ?gh_UnknownTerminatedThread@@3PEAXEA 0000000180027250     common-kernel64:WThreads.obj
 0003:00009260       GS_ExceptionRecord         0000000180027260     LIBCMT:gs_report.obj
 0003:00009300       GS_ContextRecord           0000000180027300     LIBCMT:gs_report.obj
 0003:000097d0       ?__proc_attached@@3HA      00000001800277d0     LIBCMT:dll_dllmain.obj
 0003:00009808       ?is_initialized_as_dll@@3_NA 0000000180027808     LIBCMT:utility.obj
 0003:00009809       ?module_local_atexit_table_initialized@@3_NA 0000000180027809     LIBCMT:utility.obj
 0003:00009810       ?module_local_atexit_table@@3U_onexit_table_t@@A 0000000180027810     LIBCMT:utility.obj
 0003:00009828       ?module_local_at_quick_exit_table@@3U_onexit_table_t@@A 0000000180027828     LIBCMT:utility.obj
 0003:000098a0       ?heap@@3V_HeapManager@@A   00000001800278a0     libvcruntime:undname.obj
 0003:000098d0       ?__vcrt_startup_thread_ptd@@3U__vcrt_ptd@@A 00000001800278d0     libvcruntime:per_thread_data.obj
 0003:00009950       __vcrt_lock_table          0000000180027950     libvcruntime:locks.obj
 0003:00009978       __vcrt_locks_initialized   0000000180027978     libvcruntime:locks.obj
 0003:00009980       ?module_handles@@3PAPEAUHINSTANCE__@@A 0000000180027980     libvcruntime:winapi_downlevel.obj
 0003:00009998       ?function_pointers@@3PAPEAXA 0000000180027998     libvcruntime:winapi_downlevel.obj
 0003:000099c8       ?__acrt_invalid_parameter_handler@@3V?$dual_state_global@P6AXPEB_W00I_K@Z@__crt_state_management@@A 00000001800279c8     libucrt:invalid_parameter.obj
 0003:000099d0       ?c_termination_complete@@3JA 00000001800279d0     libucrt:exit.obj
 0003:000099d8       ?thread_local_exit_callback_func@@3P6AXPEAXK0@ZEA 00000001800279d8     libucrt:exit.obj
 0003:000099f0       ?program_name@?1???$common_configure_argv@D@@YAHW4_crt_argv_mode@@@Z@4PADA 00000001800279f0     libucrt:argv_parsing.obj
 0003:00009b48       ?internal_state@?1??_mbtowc_l@@9@4U_Mbstatet@@A 0000000180027b48     libucrt:mbtowc.obj
 0003:00009b60       ?enable_percent_n@@3_KA    0000000180027b60     libucrt:printf_count_output.obj
 0003:00009fa0       ?__acrt_lock_table@@3PAU_RTL_CRITICAL_SECTION@@A 0000000180027fa0     libucrt:locks.obj
 0003:0000a1d0       ?__acrt_locks_initialized@@3IA 00000001800281d0     libucrt:locks.obj
 0003:0000a1f0       ?fSystemSet@@3HA           00000001800281f0     libucrt:mbctype.obj
 0003:0000a1f4       ?initialized@?1??__acrt_initialize_multibyte@@9@4_NA 00000001800281f4     libucrt:mbctype.obj
 0003:0000a230       ?module_handles@@3PAPEAUHINSTANCE__@@A 0000000180028230     libucrt:winapi_thunks.obj
 0003:0000a2d0       ?encoded_function_pointers@@3PAPEAXA 00000001800282d0     libucrt:winapi_thunks.obj
 0003:0000a3e8       ?__acrt_new_handler@@3V?$dual_state_global@P6AH_K@Z@__crt_state_management@@A 00000001800283e8     libucrt:new_handler.obj
 0003:0000a3f0       ?ctrlc_action@@3V?$dual_state_global@P6AXH@Z@__crt_state_management@@A 00000001800283f0     libucrt:signal.obj
 0003:0000a3f8       ?ctrlbreak_action@@3V?$dual_state_global@P6AXH@Z@__crt_state_management@@A 00000001800283f8     libucrt:signal.obj
 0003:0000a400       ?abort_action@@3V?$dual_state_global@P6AXH@Z@__crt_state_management@@A 0000000180028400     libucrt:signal.obj
 0003:0000a408       ?term_action@@3V?$dual_state_global@P6AXH@Z@__crt_state_management@@A 0000000180028408     libucrt:signal.obj
 0003:0000a410       ?user_matherr@@3V?$dual_state_global@P6AHPEAU_exception@@@Z@__crt_state_management@@A 0000000180028410     libucrt:matherr.obj
 0003:0000a418       ?__acrt_global_new_mode@@3V?$dual_state_global@J@__crt_state_management@@A 0000000180028418     libucrt:new_mode.obj
 0003:0000a428       ?internal_pst@?1??__mbrtoc32_utf8@__crt_mbstring@@YA_KPEA_UPEBD_KPEAU_Mbstatet@@@Z@4U3@A 0000000180028428     libucrt:mbrtoc32.obj
 0003:0000a430       ?__acrt_app_type@@3W4_crt_app_type@@A 0000000180028430     libucrt:report_runtime_error.obj
 0005:00000000       MoveSmall                  000000018002b000     libvcruntime:memcpy.obj
 0005:00000040       MoveSmallYmm               000000018002b040     libvcruntime:memcpy.obj
 0005:00000064       MoveSmallYmmNT             000000018002b064     libvcruntime:memcpy.obj
 0005:00000088       MoveSmallXmm               000000018002b088     libvcruntime:memcpy.obj
 0005:000000b0       MsetTab                    000000018002b0b0     libvcruntime:memset.obj
 0006:000000a0       $R000000                   000000018002c0a0     gdip.res
 0006:000003b0       $R000310                   000000018002c3b0     gdip.res
