 ico

 Timestamp is 64bdb24a (Mon Jul 24 01:05:46 2023)

 Preferred load address is 0000000180000000

 Start         Length     Name                   Class
 0001:00000000 00011500H .text$mn                CODE
 0001:00011500 00000040H .text$mn$00             CODE
 0001:00011540 000002e0H .text$x                 CODE
 0002:00000000 000002a8H .idata$5                DATA
 0002:000002a8 00000028H .00cfg                  DATA
 0002:000002d0 00000008H .CRT$XCA                DATA
 0002:000002d8 00000008H .CRT$XCZ                DATA
 0002:000002e0 00000008H .CRT$XIA                DATA
 0002:000002e8 00000018H .CRT$XIC                DATA
 0002:00000300 00000008H .CRT$XIZ                DATA
 0002:00000308 00000008H .CRT$XPA                DATA
 0002:00000310 00000010H .CRT$XPX                DATA
 0002:00000320 00000008H .CRT$XPXA               DATA
 0002:00000328 00000008H .CRT$XPZ                DATA
 0002:00000330 00000008H .CRT$XTA                DATA
 0002:00000338 00000008H .CRT$XTZ                DATA
 0002:00000340 00000000H .gehcont$y              DATA
 0002:00000340 00000000H .gfids$y                DATA
 0002:00000340 00008740H .rdata                  DATA
 0002:00008a80 00000000H .rdata$CastGuardVftablesA DATA
 0002:00008a80 00000000H .rdata$CastGuardVftablesC DATA
 0002:00008a80 0000038cH .rdata$r                DATA
 0002:00008e0c 00000044H .rdata$voltmd           DATA
 0002:00008e50 00000348H .rdata$zzzdbg           DATA
 0002:00009198 00000008H .rtc$IAA                DATA
 0002:000091a0 00000008H .rtc$IZZ                DATA
 0002:000091a8 00000008H .rtc$TAA                DATA
 0002:000091b0 00000008H .rtc$TZZ                DATA
 0002:000091b8 00000d78H .xdata                  DATA
 0002:00009f28 00000000H .xdata$x                DATA
 0002:00009f30 00000094H .edata                  DATA
 0002:00009fc4 0000003cH .idata$2                DATA
 0002:0000a000 00000018H .idata$3                DATA
 0002:0000a018 000002a8H .idata$4                DATA
 0002:0000a2c0 0000062eH .idata$6                DATA
 0003:00000000 00000a00H .data                   DATA
 0003:00000a00 00000000H .data$r                 DATA
 0003:00000a00 00000130H .data$rs                DATA
 0003:00000b30 00001208H .bss                    DATA
 0004:00000000 00001098H .pdata                  DATA
 0005:00000000 000000f4H _RDATA                  DATA
 0006:00000000 000000a0H .rsrc$01                DATA
 0006:000000a0 00000488H .rsrc$02                DATA

  Address         Publics by Value              Rva+Base               Lib:Object

 0000:00000000       __guard_longjmp_table      0000000000000000     <absolute>
 0000:00000000       ___safe_se_handler_table   0000000000000000     <absolute>
 0000:00000000       __x64_code_ranges_to_entry_points_count 0000000000000000     <absolute>
 0000:00000000       __guard_fids_count         0000000000000000     <absolute>
 0000:00000000       __arm64x_redirection_metadata 0000000000000000     <absolute>
 0000:00000000       __arm64x_extra_rfe_table   0000000000000000     <absolute>
 0000:00000000       __guard_iat_table          0000000000000000     <absolute>
 0000:00000000       __hybrid_code_map          0000000000000000     <absolute>
 0000:00000000       __guard_iat_count          0000000000000000     <absolute>
 0000:00000000       __arm64x_extra_rfe_table_size 0000000000000000     <absolute>
 0000:00000000       __guard_longjmp_count      0000000000000000     <absolute>
 0000:00000000       ___safe_se_handler_count   0000000000000000     <absolute>
 0000:00000000       __x64_code_ranges_to_entry_points 0000000000000000     <absolute>
 0000:00000000       __dynamic_value_reloc_table 0000000000000000     <absolute>
 0000:00000000       __hybrid_auxiliary_iat     0000000000000000     <absolute>
 0000:00000000       __hybrid_auxiliary_iat_copy 0000000000000000     <absolute>
 0000:00000000       __AbsoluteZero             0000000000000000     <absolute>
 0000:00000000       __guard_eh_cont_count      0000000000000000     <absolute>
 0000:00000000       __guard_check_icall_a64n_fptr 0000000000000000     <absolute>
 0000:00000000       __guard_fids_table         0000000000000000     <absolute>
 0000:00000000       __arm64x_redirection_metadata_count 0000000000000000     <absolute>
 0000:00000000       __enclave_config           0000000000000000     <absolute>
 0000:00000000       __guard_eh_cont_table      0000000000000000     <absolute>
 0000:00000000       __arm64x_native_entrypoint 0000000000000000     <absolute>
 0000:00000000       __hybrid_code_map_count    0000000000000000     <absolute>
 0000:00000100       __guard_flags              0000000000000100     <absolute>
 0000:00000000       __ImageBase                0000000180000000     <linker-defined>
 0001:00000000       ??$swprintf_c@$0IA@@@YAHAEAY0IA@_WPEB_WZZ 0000000180001000 f i ico.obj
 0001:0000002c       ??_GImage@Gdiplus@@UEAAPEAXI@Z 000000018000102c f i ico.obj
 0001:0000002c       ??_EBitmap@Gdiplus@@UEAAPEAXI@Z 000000018000102c f i ico.obj
 0001:0000002c       ??_GBitmap@Gdiplus@@UEAAPEAXI@Z 000000018000102c f i ico.obj
 0001:0000002c       ??_EImage@Gdiplus@@UEAAPEAXI@Z 000000018000102c f i ico.obj
 0001:0000007c       ??_EMStream@@UEAAPEAXI@Z   000000018000107c f i ico.obj
 0001:0000007c       ??_GMStream@@UEAAPEAXI@Z   000000018000107c f i ico.obj
 0001:000000f4       ?AddRef@MStream@@UEAAKXZ   00000001800010f4 f i ico.obj
 0001:00000108       ?CET_Cancel@@YAXPEAX@Z     0000000180001108 f   ico.obj
 0001:00000120       ?CET_Done@@YAXPEAUCET_Init@@@Z 0000000180001120 f   ico.obj
 0001:00000180       ?CET_Free@@YAXPEAUCET_LoadInfo@@@Z 0000000180001180 f   ico.obj
 0001:000001b4       ?CET_Init@@YAHPEAU0@@Z     00000001800011b4 f   ico.obj
 0001:00000278       ?CET_Load@@YAHPEAUCET_LoadInfo@@@Z 0000000180001278 f   ico.obj
 0001:000003d8       ?Clone@Image@Gdiplus@@UEAAPEAV12@XZ 00000001800013d8 f i ico.obj
 0001:0000042c       ?CopyTo@MStream@@UEAAJPEAUIStream@@T_ULARGE_INTEGER@@PEAT3@2@Z 000000018000142c f i ico.obj
 0001:0000042c       ?Clone@MStream@@UEAAJPEAPEAUIStream@@@Z 000000018000142c f i ico.obj
 0001:0000042c       ?Revert@MStream@@UEAAJXZ   000000018000142c f i ico.obj
 0001:0000042c       ?LockRegion@MStream@@UEAAJT_ULARGE_INTEGER@@0K@Z 000000018000142c f i ico.obj
 0001:0000042c       ?UnlockRegion@MStream@@UEAAJT_ULARGE_INTEGER@@0K@Z 000000018000142c f i ico.obj
 0001:00000434       ?Close@ICOImage@@QEAAXXZ   0000000180001434 f i ico.obj
 0001:000004b4       ?Commit@MStream@@UEAAJK@Z  00000001800014b4 f i ico.obj
 0001:000004c0       ?Decode1BPP@@YAPEAEIIPEAUtagRGBQUAD@@PEAE1AEAK@Z 00000001800014c0 f   ico.obj
 0001:000005cc       ?Decode24BPP@@YAPEAEAEAIIPEAE1AEAK@Z 00000001800015cc f   ico.obj
 0001:000007d0       ?Decode32BPP@@YAPEAEAEAIIPEAE1AEAK@Z 00000001800017d0 f   ico.obj
 0001:000008d8       ?Decode4BPP@@YAPEAEIIPEAUtagRGBQUAD@@PEAE1AEAK@Z 00000001800018d8 f   ico.obj
 0001:00000a04       ?Decode8BPP@@YAPEAEAEAIIPEAUtagRGBQUAD@@PEAE2AEAK@Z 0000000180001a04 f   ico.obj
 0001:00000b18       ?DecodeDummy@@YAPEAEIIAEAK@Z 0000000180001b18 f   ico.obj
 0001:00000b78       ?GetPageBits@ICOImage@@QEAAHPEAUCET_LoadInfo@@@Z 0000000180001b78 f i ico.obj
 0001:00000cb4       ?Init@ICODecoder@@QEAAHPEAUCET_Init@@@Z 0000000180001cb4 f i ico.obj
 0001:00000d2c       ?LoadPageInfo@@YAKPEAUICONCONTEXT@@HAEAI111PEAPEB_W@Z 0000000180001d2c f   ico.obj
 0001:00000eb0       ?Open@ICOImage@@QEAAH_NPEB_WPEBEKU_COORD@@@Z 0000000180001eb0 f i ico.obj
 0001:000010c8       ?PageDecode@ICOImage@@QEAAHPEAUCET_LoadInfo@@@Z 00000001800020c8 f i ico.obj
 0001:000014e0       ?QueryInterface@MStream@@UEAAJAEBU_GUID@@PEAPEAX@Z 00000001800024e0 f i ico.obj
 0001:00001548       ?Read@MStream@@UEAAJPEAXKPEAK@Z 0000000180002548 f i ico.obj
 0001:000015bc       ?Release@MStream@@UEAAKXZ  00000001800025bc f i ico.obj
 0001:000015ec       ?Seek@MStream@@UEAAJT_LARGE_INTEGER@@KPEAT_ULARGE_INTEGER@@@Z 00000001800025ec f i ico.obj
 0001:00001650       ?SetSize@MStream@@UEAAJT_ULARGE_INTEGER@@@Z 0000000180002650 f i ico.obj
 0001:000016fc       ?Stat@MStream@@UEAAJPEAUtagSTATSTG@@K@Z 00000001800026fc f i ico.obj
 0001:00001778       ?StringCchVPrintfW@@YAJPEA_W_KPEB_WPEAD@Z 0000000180002778 f i ico.obj
 0001:0000181c       ?Write@MStream@@UEAAJPEBXKPEAK@Z 000000018000281c f i ico.obj
 0001:000018e4       _guard_check_icall_nop     00000001800028e4 f i LIBCMT:guard_support.obj
 0001:000018e4       ?__global_delete@@YAXPEAX_K@Z 00000001800028e4 f i ico.obj
 0001:000018e4       ?__empty_global_delete@@YAXPEAX_K@Z 00000001800028e4 f i ico.obj
 0001:000018e8       __local_stdio_printf_options 00000001800028e8 f i ico.obj
 0001:000018f0       ??3@YAXPEAX@Z              00000001800028f0 f   common-kernel64:Memory.obj
 0001:000018f8       ?HeapDeinitialize@@YAXXZ   00000001800028f8 f   common-kernel64:Memory.obj
 0001:0000195c       ?HeapInitialize@@YA_NXZ    000000018000295c f   common-kernel64:Memory.obj
 0001:00001998       ?xf_free@@YAXPEAX@Z        0000000180002998 f   common-kernel64:Memory.obj
 0001:00001a0d       GdipAlloc                  0000000180002a0d f   gdiplus:gdiplus.dll
 0001:00001a13       GdipFree                   0000000180002a13 f   gdiplus:gdiplus.dll
 0001:00001a19       GdiplusStartup             0000000180002a19 f   gdiplus:gdiplus.dll
 0001:00001a1f       GdiplusShutdown            0000000180002a1f f   gdiplus:gdiplus.dll
 0001:00001a25       GdipCloneImage             0000000180002a25 f   gdiplus:gdiplus.dll
 0001:00001a2b       GdipDisposeImage           0000000180002a2b f   gdiplus:gdiplus.dll
 0001:00001a31       GdipGetImagePixelFormat    0000000180002a31 f   gdiplus:gdiplus.dll
 0001:00001a37       GdipCreateBitmapFromStream 0000000180002a37 f   gdiplus:gdiplus.dll
 0001:00001a3d       GdipBitmapLockBits         0000000180002a3d f   gdiplus:gdiplus.dll
 0001:00001a43       GdipBitmapUnlockBits       0000000180002a43 f   gdiplus:gdiplus.dll
 0001:00001a4c       ??3@YAXPEAX_K@Z            0000000180002a4c f   LIBCMT:delete_scalar_size.obj
 0001:00001a54       __GSHandlerCheck           0000000180002a54 f   LIBCMT:gshandler.obj
 0001:00001a74       __GSHandlerCheckCommon     0000000180002a74 f   LIBCMT:gshandler.obj
 0001:00001ae0       __security_check_cookie    0000000180002ae0 f   LIBCMT:amdsecgs.obj
 0001:00001b00       ??_Etype_info@@UEAAPEAXI@Z 0000000180002b00 f i LIBCMT:std_type_info_static.obj
 0001:00001b00       ??_Gtype_info@@UEAAPEAXI@Z 0000000180002b00 f i LIBCMT:std_type_info_static.obj
 0001:00001e4c       _DllMainCRTStartup         0000000180002e4c f   LIBCMT:dll_dllmain.obj
 0001:00001e8c       __raise_securityfailure    0000000180002e8c f   LIBCMT:gs_report.obj
 0001:00001ec0       __report_gsfailure         0000000180002ec0 f   LIBCMT:gs_report.obj
 0001:00001f94       __report_rangecheckfailure 0000000180002f94 f   LIBCMT:gs_report.obj
 0001:00001fa8       __report_securityfailure   0000000180002fa8 f   LIBCMT:gs_report.obj
 0001:00002128       __security_init_cookie     0000000180003128 f   LIBCMT:gs_support.obj
 0001:000021d4       _get_startup_argv_mode     00000001800031d4 f   LIBCMT:argv_mode.obj
 0001:000021d4       DllMain                    00000001800031d4 f   LIBCMT:dll_dllmain_stub.obj
 0001:000021dc       ?__scrt_initialize_type_info@@YAXXZ 00000001800031dc f   LIBCMT:tncleanup.obj
 0001:000021ec       ?__scrt_uninitialize_type_info@@YAXXZ 00000001800031ec f   LIBCMT:tncleanup.obj
 0001:000021f8       __local_stdio_scanf_options 00000001800031f8 f i LIBCMT:default_local_stdio_options.obj
 0001:00002200       __scrt_initialize_default_local_stdio_options 0000000180003200 f   LIBCMT:default_local_stdio_options.obj
 0001:0000221c       __scrt_acquire_startup_lock 000000018000321c f   LIBCMT:utility.obj
 0001:00002258       __scrt_dllmain_after_initialize_c 0000000180003258 f   LIBCMT:utility.obj
 0001:0000228c       __scrt_dllmain_before_initialize_c 000000018000328c f   LIBCMT:utility.obj
 0001:000022a4       __scrt_dllmain_crt_thread_attach 00000001800032a4 f   LIBCMT:utility.obj
 0001:000022cc       __scrt_dllmain_crt_thread_detach 00000001800032cc f   LIBCMT:utility.obj
 0001:000022e4       __scrt_dllmain_exception_filter 00000001800032e4 f   LIBCMT:utility.obj
 0001:00002344       __scrt_dllmain_uninitialize_c 0000000180003344 f   LIBCMT:utility.obj
 0001:00002374       __scrt_dllmain_uninitialize_critical 0000000180003374 f   LIBCMT:utility.obj
 0001:00002388       __scrt_initialize_crt      0000000180003388 f   LIBCMT:utility.obj
 0001:000023d4       __scrt_initialize_onexit_tables 00000001800033d4 f   LIBCMT:utility.obj
 0001:00002460       __scrt_is_nonwritable_in_current_image 0000000180003460 f   LIBCMT:utility.obj
 0001:000024f8       __scrt_release_startup_lock 00000001800034f8 f   LIBCMT:utility.obj
 0001:0000251c       __scrt_uninitialize_crt    000000018000351c f   LIBCMT:utility.obj
 0001:00002548       __scrt_get_dyn_tls_init_callback 0000000180003548 f   LIBCMT:dyn_tls_init.obj
 0001:00002550       __crt_debugger_hook        0000000180003550 f   LIBCMT:utility_desktop.obj
 0001:00002558       __scrt_fastfail            0000000180003558 f   LIBCMT:utility_desktop.obj
 0001:000026a4       _RTC_Initialize            00000001800036a4 f   LIBCMT:initsect.obj
 0001:000026e0       _RTC_Terminate             00000001800036e0 f   LIBCMT:initsect.obj
 0001:0000271c       __isa_available_init       000000018000371c f   LIBCMT:cpu_disp.obj
 0001:000028c0       __scrt_is_ucrt_dll_in_use  00000001800038c0 f   LIBCMT:ucrt_detection.obj
 0001:000028e0       memcpy_repmovs             00000001800038e0 f   libvcruntime:memcpy.obj
 0001:00002900       memcpy                     0000000180003900 f   libvcruntime:memcpy.obj
 0001:00002900       memmove                    0000000180003900 f   libvcruntime:memcpy.obj
 0001:00002f90       memset_repmovs             0000000180003f90 f   libvcruntime:memset.obj
 0001:00002fb0       memset                     0000000180003fb0 f   libvcruntime:memset.obj
 0001:00003140       __C_specific_handler       0000000180004140 f   libvcruntime:riscchandler.obj
 0001:0000334c       __std_type_info_destroy_list 000000018000434c f   libvcruntime:std_type_info.obj
 0001:00003378       __vcrt_initialize          0000000180004378 f   libvcruntime:initialization.obj
 0001:000033a0       __vcrt_thread_attach       00000001800043a0 f   libvcruntime:initialization.obj
 0001:000033b4       __vcrt_thread_detach       00000001800043b4 f   libvcruntime:initialization.obj
 0001:000033c8       __vcrt_uninitialize        00000001800043c8 f   libvcruntime:initialization.obj
 0001:000033e4       __vcrt_uninitialize_critical 00000001800043e4 f   libvcruntime:initialization.obj
 0001:000033f4       __DestructExceptionObject  00000001800043f4 f   libvcruntime:ehhelpers.obj
 0001:00003464       ?_CallMemberFunction0@@YAXQEAX0@Z 0000000180004464 f i libvcruntime:ehhelpers.obj
 0001:00003480       _NLG_Notify                0000000180004480 f   libvcruntime:notify.obj
 0001:000034a0       __NLG_Dispatch2            00000001800044a0 f   libvcruntime:notify.obj
 0001:000034b0       __NLG_Return2              00000001800044b0 f   libvcruntime:notify.obj
 0001:000034b4       __except_validate_context_record 00000001800044b4 f   libvcruntime:jbcxrval.obj
 0001:000034ec       __vcrt_freefls             00000001800044ec f   libvcruntime:per_thread_data.obj
 0001:0000350c       __vcrt_freeptd             000000018000450c f   libvcruntime:per_thread_data.obj
 0001:0000355c       __vcrt_getptd              000000018000455c f   libvcruntime:per_thread_data.obj
 0001:00003578       __vcrt_getptd_noexit       0000000180004578 f   libvcruntime:per_thread_data.obj
 0001:00003638       __vcrt_initialize_ptd      0000000180004638 f   libvcruntime:per_thread_data.obj
 0001:00003680       __vcrt_uninitialize_ptd    0000000180004680 f   libvcruntime:per_thread_data.obj
 0001:000036a4       __vcrt_initialize_locks    00000001800046a4 f   libvcruntime:locks.obj
 0001:000036d8       __vcrt_uninitialize_locks  00000001800046d8 f   libvcruntime:locks.obj
 0001:00003860       __vcrt_FlsAlloc            0000000180004860 f   libvcruntime:winapi_downlevel.obj
 0001:000038a8       __vcrt_FlsFree             00000001800048a8 f   libvcruntime:winapi_downlevel.obj
 0001:000038f0       __vcrt_FlsGetValue         00000001800048f0 f   libvcruntime:winapi_downlevel.obj
 0001:00003938       __vcrt_FlsSetValue         0000000180004938 f   libvcruntime:winapi_downlevel.obj
 0001:0000398c       __vcrt_InitializeCriticalSectionEx 000000018000498c f   libvcruntime:winapi_downlevel.obj
 0001:00003a00       _CallSettingFrame          0000000180004a00 f   libvcruntime:handlers.obj
 0001:00003a50       _CallSettingFrame_LookupContinuationIndex 0000000180004a50 f   libvcruntime:handlers.obj
 0001:00003a80       _CallSettingFrame_NotifyContinuationAddr 0000000180004a80 f   libvcruntime:handlers.obj
 0001:00003ab0       _CallSettingFrameEncoded   0000000180004ab0 f   libvcruntime:handlers.obj
 0001:00003ccc       ??$ensure_buffer_is_big_enough@D@formatting_buffer@__crt_stdio_output@@QEAA_N_K@Z 0000000180004ccc f i libucrt:output.obj
 0001:00003d74       ??$ensure_buffer_is_big_enough@_W@formatting_buffer@__crt_stdio_output@@QEAA_N_K@Z 0000000180004d74 f i libucrt:output.obj
 0001:00003e20       ??$is_wide_character_specifier@_W@__crt_stdio_output@@YA_N_K_WW4length_modifier@0@@Z 0000000180004e20 f i libucrt:output.obj
 0001:00003e60       ??$type_case_integer_parse_into_buffer@I@?$output_processor@_WV?$string_output_adapter@_W@__crt_stdio_output@@V?$standard_base@_WV?$string_output_adapter@_W@__crt_stdio_output@@@2@@__crt_stdio_output@@AEAAXII_N@Z 0000000180004e60 f i libucrt:output.obj
 0001:00003f04       ??$type_case_integer_parse_into_buffer@_K@?$output_processor@_WV?$string_output_adapter@_W@__crt_stdio_output@@V?$standard_base@_WV?$string_output_adapter@_W@__crt_stdio_output@@@2@@__crt_stdio_output@@AEAAX_KI_N@Z 0000000180004f04 f i libucrt:output.obj
 0001:00003fa8       ??$write_multiple_characters@V?$string_output_adapter@_W@__crt_stdio_output@@D@__crt_stdio_output@@YAXAEBV?$string_output_adapter@_W@0@DHQEAH@Z 0000000180004fa8 f i libucrt:output.obj
 0001:00004020       ??0_LocaleUpdate@@QEAA@QEAU__crt_locale_pointers@@@Z 0000000180005020 f i libucrt:output.obj
 0001:000040c0       ?crop_zeroes@__crt_stdio_output@@YAXPEADQEAU__crt_locale_pointers@@@Z 00000001800050c0 f i libucrt:output.obj
 0001:00004160       ?force_decimal_point@__crt_stdio_output@@YAXPEADQEAU__crt_locale_pointers@@@Z 0000000180005160 f i libucrt:output.obj
 0001:000041d8       ?parse_int_from_format_string@?$output_processor@_WV?$string_output_adapter@_W@__crt_stdio_output@@V?$standard_base@_WV?$string_output_adapter@_W@__crt_stdio_output@@@2@@__crt_stdio_output@@AEAA_NQEAH@Z 00000001800051d8 f i libucrt:output.obj
 0001:0000427c       ?process@?$output_processor@_WV?$string_output_adapter@_W@__crt_stdio_output@@V?$standard_base@_WV?$string_output_adapter@_W@__crt_stdio_output@@@2@@__crt_stdio_output@@QEAAHXZ 000000018000527c f i libucrt:output.obj
 0001:000044e8       ?state_case_size@?$output_processor@_WV?$string_output_adapter@_W@__crt_stdio_output@@V?$standard_base@_WV?$string_output_adapter@_W@__crt_stdio_output@@@2@@__crt_stdio_output@@AEAA_NXZ 00000001800054e8 f i libucrt:output.obj
 0001:0000467c       ?state_case_type@?$output_processor@_WV?$string_output_adapter@_W@__crt_stdio_output@@V?$standard_base@_WV?$string_output_adapter@_W@__crt_stdio_output@@@2@@__crt_stdio_output@@AEAA_NXZ 000000018000567c f i libucrt:output.obj
 0001:00004950       ?to_integer_size@__crt_stdio_output@@YA_KW4length_modifier@1@@Z 0000000180005950 f i libucrt:output.obj
 0001:000049b8       ?type_case_Z@?$output_processor@_WV?$string_output_adapter@_W@__crt_stdio_output@@V?$standard_base@_WV?$string_output_adapter@_W@__crt_stdio_output@@@2@@__crt_stdio_output@@AEAA_NXZ 00000001800059b8 f i libucrt:output.obj
 0001:00004a34       ?type_case_a@?$output_processor@_WV?$string_output_adapter@_W@__crt_stdio_output@@V?$standard_base@_WV?$string_output_adapter@_W@__crt_stdio_output@@@2@@__crt_stdio_output@@AEAA_NXZ 0000000180005a34 f i libucrt:output.obj
 0001:00004c14       ?type_case_c_tchar@?$output_processor@_WV?$string_output_adapter@_W@__crt_stdio_output@@V?$standard_base@_WV?$string_output_adapter@_W@__crt_stdio_output@@@2@@__crt_stdio_output@@AEAA_N_W@Z 0000000180005c14 f i libucrt:output.obj
 0001:00004cbc       ?type_case_integer@?$output_processor@_WV?$string_output_adapter@_W@__crt_stdio_output@@V?$standard_base@_WV?$string_output_adapter@_W@__crt_stdio_output@@@2@@__crt_stdio_output@@AEAA_NI_N@Z 0000000180005cbc f i libucrt:output.obj
 0001:00004e44       ?type_case_n@?$output_processor@_WV?$string_output_adapter@_W@__crt_stdio_output@@V?$standard_base@_WV?$string_output_adapter@_W@__crt_stdio_output@@@2@@__crt_stdio_output@@AEAA_NXZ 0000000180005e44 f i libucrt:output.obj
 0001:00004ecc       ?type_case_s@?$output_processor@_WV?$string_output_adapter@_W@__crt_stdio_output@@V?$standard_base@_WV?$string_output_adapter@_W@__crt_stdio_output@@@2@@__crt_stdio_output@@AEAA_NXZ 0000000180005ecc f i libucrt:output.obj
 0001:00004f94       ?write_stored_string_tchar@?$output_processor@_WV?$string_output_adapter@_W@__crt_stdio_output@@V?$standard_base@_WV?$string_output_adapter@_W@__crt_stdio_output@@@2@@__crt_stdio_output@@AEAA_N_W@Z 0000000180005f94 f i libucrt:output.obj
 0001:0000507c       ?write_string@?$string_output_adapter@_W@__crt_stdio_output@@QEBAXQEB_WHQEAHAEAV__crt_deferred_errno_cache@@@Z 000000018000607c f i libucrt:output.obj
 0001:00005124       __stdio_common_vswprintf   0000000180006124 f   libucrt:output.obj
 0001:0000512c       _initterm                  000000018000612c f   libucrt:initterm.obj
 0001:00005190       _initterm_e                0000000180006190 f   libucrt:initterm.obj
 0001:000051d0       _seh_filter_dll            00000001800061d0 f   libucrt:exception_filter.obj
 0001:000051e4       _seh_filter_exe            00000001800061e4 f   libucrt:exception_filter.obj
 0001:000055d4       __acrt_initialize_thread_local_exit_callback 00000001800065d4 f   libucrt:exit.obj
 0001:000055dc       _cexit                     00000001800065dc f   libucrt:exit.obj
 0001:000055ec       _exit                      00000001800065ec f   libucrt:exit.obj
 0001:000055f8       _is_c_termination_complete 00000001800065f8 f   libucrt:exit.obj
 0001:000057c0       __acrt_allocate_buffer_for_argv 00000001800067c0 f   libucrt:argv_parsing.obj
 0001:00005820       _configure_narrow_argv     0000000180006820 f   libucrt:argv_parsing.obj
 0001:00005b98       __dcrt_uninitialize_environments_nolock 0000000180006b98 f   libucrt:environment_initialization.obj
 0001:00005bd0       _initialize_narrow_environment 0000000180006bd0 f   libucrt:environment_initialization.obj
 0001:00005d2c       _execute_onexit_table      0000000180006d2c f   libucrt:onexit.obj
 0001:00005d68       _initialize_onexit_table   0000000180006d68 f   libucrt:onexit.obj
 0001:00005dc8       __acrt_uninitialize_command_line 0000000180006dc8 f   libucrt:argv_data.obj
 0001:00005ec0       __acrt_initialize          0000000180006ec0 f   libucrt:initialization.obj
 0001:00005ed4       __acrt_thread_attach       0000000180006ed4 f   libucrt:initialization.obj
 0001:00005ee8       __acrt_thread_detach       0000000180006ee8 f   libucrt:initialization.obj
 0001:00005ef8       __acrt_uninitialize        0000000180006ef8 f   libucrt:initialization.obj
 0001:00005f30       __acrt_uninitialize_critical 0000000180006f30 f   libucrt:initialization.obj
 0001:00005f40       terminate                  0000000180006f40 f   libucrt:terminate.obj
 0001:00005f60       free                       0000000180006f60 f   libucrt:free.obj
 0001:00005f74       strcpy_s                   0000000180006f74 f   libucrt:strcpy_s.obj
 0001:00005fd4       abort                      0000000180006fd4 f   libucrt:abort.obj
 0001:0000602c       ??$parse_integer@KV?$c_string_character_source@_W@__crt_strtox@@@__crt_strtox@@YAKQEAU__crt_locale_pointers@@V?$c_string_character_source@_W@0@H_N@Z 000000018000702c f i libucrt:atox.obj
 0001:000066f0       strncmp                    00000001800076f0 f   libucrt:strncmp.obj
 0001:00006770       calloc                     0000000180007770 f   libucrt:calloc.obj
 0001:00006778       wcsncmp                    0000000180007778 f   libucrt:wcsncmp.obj
 0001:000067a4       __acrt_call_reportfault    00000001800077a4 f   libucrt:invalid_parameter.obj
 0001:00006900       __acrt_initialize_invalid_parameter_handler 0000000180007900 f   libucrt:invalid_parameter.obj
 0001:00006908       _invalid_parameter         0000000180007908 f   libucrt:invalid_parameter.obj
 0001:000069b8       _invalid_parameter_noinfo  00000001800079b8 f   libucrt:invalid_parameter.obj
 0001:000069d8       _invoke_watson             00000001800079d8 f   libucrt:invalid_parameter.obj
 0001:00006a20       __acrt_errno_from_os_error 0000000180007a20 f   libucrt:errno.obj
 0001:00006a68       __acrt_errno_map_os_error  0000000180007a68 f   libucrt:errno.obj
 0001:00006ab8       __doserrno                 0000000180007ab8 f   libucrt:errno.obj
 0001:00006ad8       _errno                     0000000180007ad8 f   libucrt:errno.obj
 0001:00006af8       _free_base                 0000000180007af8 f   libucrt:free_base.obj
 0001:00006b38       _malloc_base               0000000180007b38 f   libucrt:malloc_base.obj
 0001:00006b98       wcstol                     0000000180007b98 f   libucrt:strtox.obj
 0001:00006bc4       _mbtowc_l                  0000000180007bc4 f   libucrt:mbtowc.obj
 0001:00006d44       mbtowc                     0000000180007d44 f   libucrt:mbtowc.obj
 0001:00006d4c       wcsnlen                    0000000180007d4c f   libucrt:strnlen.obj
 0001:0000729c       __acrt_freeptd             000000018000829c f   libucrt:per_thread_data.obj
 0001:000072e0       __acrt_getptd              00000001800082e0 f   libucrt:per_thread_data.obj
 0001:000073b4       __acrt_getptd_head         00000001800083b4 f   libucrt:per_thread_data.obj
 0001:0000745c       __acrt_getptd_noexit       000000018000845c f   libucrt:per_thread_data.obj
 0001:00007528       __acrt_initialize_ptd      0000000180008528 f   libucrt:per_thread_data.obj
 0001:00007564       __acrt_uninitialize_ptd    0000000180008564 f   libucrt:per_thread_data.obj
 0001:00007588       __acrt_update_locale_info  0000000180008588 f   libucrt:locale_update.obj
 0001:000075bc       __acrt_update_multibyte_info 00000001800085bc f   libucrt:locale_update.obj
 0001:00007ffc       __acrt_fp_format           0000000180008ffc f   libucrt:cvt.obj
 0001:00008334       _fileno                    0000000180009334 f   libucrt:fileno.obj
 0001:0000835c       __acrt_initialize_stdio    000000018000935c f   libucrt:_file.obj
 0001:0000847c       __acrt_uninitialize_stdio  000000018000947c f   libucrt:_file.obj
 0001:000084d8       _lock_file                 00000001800094d8 f   libucrt:_file.obj
 0001:000084e4       _unlock_file               00000001800094e4 f   libucrt:_file.obj
 0001:000084f0       _get_printf_count_output   00000001800094f0 f   libucrt:printf_count_output.obj
 0001:00008578       __acrt_set_locale_changed  0000000180009578 f   libucrt:wsetlocale.obj
 0001:00008584       __acrt_uninitialize_locale 0000000180009584 f   libucrt:wsetlocale.obj
 0001:000087b0       __acrt_initialize_lowio    00000001800097b0 f   libucrt:ioinit.obj
 0001:000087ec       __acrt_uninitialize_lowio  00000001800097ec f   libucrt:ioinit.obj
 0001:0000882c       __acrt_initialize_locks    000000018000982c f   libucrt:locks.obj
 0001:00008874       __acrt_lock                0000000180009874 f   libucrt:locks.obj
 0001:00008890       __acrt_uninitialize_locks  0000000180009890 f   libucrt:locks.obj
 0001:000088c8       __acrt_unlock              00000001800098c8 f   libucrt:locks.obj
 0001:000088e4       __acrt_get_process_end_policy 00000001800098e4 f   libucrt:win_policies.obj
 0001:00008920       _calloc_base               0000000180009920 f   libucrt:calloc_base.obj
 0001:000089ac       ??$__acrt_mbs_to_wcs_cp@U__crt_win32_buffer_internal_dynamic_resizing@@@@YAHQEBDAEAV?$__crt_win32_buffer@_WU__crt_win32_buffer_internal_dynamic_resizing@@@@I@Z 00000001800099ac f i libucrt:argv_wildcards.obj
 0001:00008b24       ??$__acrt_wcs_to_mbs_cp@U__crt_win32_buffer_internal_dynamic_resizing@@@@YAHQEB_WAEAV?$__crt_win32_buffer@DU__crt_win32_buffer_internal_dynamic_resizing@@@@I@Z 0000000180009b24 f i libucrt:argv_wildcards.obj
 0001:00009354       __acrt_expand_narrow_argv_wildcards 000000018000a354 f   libucrt:argv_wildcards.obj
 0001:0000935c       ??$__acrt_wcs_to_mbs_cp@U__crt_win32_buffer_no_resizing@@@@YAHQEB_WAEAV?$__crt_win32_buffer@DU__crt_win32_buffer_no_resizing@@@@I@Z 000000018000a35c f i libucrt:getmodulefilenamea.obj
 0001:00009470       __acrt_GetModuleFileNameA  000000018000a470 f   libucrt:getmodulefilenamea.obj
 0001:00009cb8       __acrt_initialize_multibyte 000000018000acb8 f   libucrt:mbctype.obj
 0001:00009d18       __acrt_update_thread_multibyte_data 000000018000ad18 f   libucrt:mbctype.obj
 0001:00009d34       _setmbcp_nolock            000000018000ad34 f   libucrt:mbctype.obj
 0001:0000a068       _ismbblead                 000000018000b068 f   libucrt:ismbbyte.obj
 0001:0000a07c       __acrt_initialize_command_line 000000018000b07c f   libucrt:argv_data.obj
 0001:0000a0a4       __acrt_MultiByteToWideChar 000000018000b0a4 f   libucrt:multibytetowidechar.obj
 0001:0000a100       __acrt_WideCharToMultiByte 000000018000b100 f   libucrt:widechartomultibyte.obj
 0001:0000a1b0       __dcrt_get_narrow_environment_from_os 000000018000b1b0 f   libucrt:get_environment_from_os.obj
 0001:0000a2b4       _recalloc_base             000000018000b2b4 f   libucrt:recalloc.obj
 0001:0000a524       __acrt_AppPolicyGetProcessTerminationMethodInternal 000000018000b524 f   libucrt:winapi_thunks.obj
 0001:0000a574       __acrt_AreFileApisANSI     000000018000b574 f   libucrt:winapi_thunks.obj
 0001:0000a5b0       __acrt_FlsAlloc            000000018000b5b0 f   libucrt:winapi_thunks.obj
 0001:0000a5f8       __acrt_FlsFree             000000018000b5f8 f   libucrt:winapi_thunks.obj
 0001:0000a640       __acrt_FlsGetValue         000000018000b640 f   libucrt:winapi_thunks.obj
 0001:0000a688       __acrt_FlsSetValue         000000018000b688 f   libucrt:winapi_thunks.obj
 0001:0000a6dc       __acrt_InitializeCriticalSectionEx 000000018000b6dc f   libucrt:winapi_thunks.obj
 0001:0000a740       __acrt_LCMapStringEx       000000018000b740 f   libucrt:winapi_thunks.obj
 0001:0000a81c       __acrt_LocaleNameToLCID    000000018000b81c f   libucrt:winapi_thunks.obj
 0001:0000a86c       __acrt_initialize_winapi_thunks 000000018000b86c f   libucrt:winapi_thunks.obj
 0001:0000a8a0       __acrt_uninitialize_winapi_thunks 000000018000b8a0 f   libucrt:winapi_thunks.obj
 0001:0000a8e4       __acrt_initialize_heap     000000018000b8e4 f   libucrt:heap_handle.obj
 0001:0000a900       __acrt_uninitialize_heap   000000018000b900 f   libucrt:heap_handle.obj
 0001:0000a90c       __acrt_execute_initializers 000000018000b90c f   libucrt:shared_initialization.obj
 0001:0000a98c       __acrt_execute_uninitializers 000000018000b98c f   libucrt:shared_initialization.obj
 0001:0000a9c8       __acrt_initialize_new_handler 000000018000b9c8 f   libucrt:new_handler.obj
 0001:0000a9d0       _callnewh                  000000018000b9d0 f   libucrt:new_handler.obj
 0001:0000aa00       _query_new_handler         000000018000ba00 f   libucrt:new_handler.obj
 0001:0000aa7c       __acrt_get_sigabrt_handler 000000018000ba7c f   libucrt:signal.obj
 0001:0000aaac       __acrt_initialize_signal_handlers 000000018000baac f   libucrt:signal.obj
 0001:0000aacc       raise                      000000018000bacc f   libucrt:signal.obj
 0001:0000ad38       __acrt_has_user_matherr    000000018000bd38 f   libucrt:matherr.obj
 0001:0000ad58       __acrt_initialize_user_matherr 000000018000bd58 f   libucrt:matherr.obj
 0001:0000ad60       __acrt_invoke_user_matherr 000000018000bd60 f   libucrt:matherr.obj
 0001:0000af6c       __acrt_stdio_flush_nolock  000000018000bf6c f   libucrt:fflush.obj
 0001:0000afe8       _fflush_nolock             000000018000bfe8 f   libucrt:fflush.obj
 0001:0000b034       _flushall                  000000018000c034 f   libucrt:fflush.obj
 0001:0000b03c       __pctype_func              000000018000c03c f   libucrt:ctype.obj
 0001:0000b06c       iswctype                   000000018000c06c f   libucrt:iswctype.obj
 0001:0000b0d8       _query_new_mode            000000018000c0d8 f   libucrt:new_mode.obj
 0001:0000b0e0       _isleadbyte_l              000000018000c0e0 f i libucrt:_wctype.obj
 0001:0000b12c       ?__mbrtowc_utf8@__crt_mbstring@@YA_KPEA_WPEBD_KPEAU_Mbstatet@@@Z 000000018000c12c f   libucrt:mbrtowc.obj
 0001:0000b168       ?__mbsrtowcs_utf8@__crt_mbstring@@YA_KPEA_WPEAPEBD_KPEAU_Mbstatet@@@Z 000000018000c168 f   libucrt:mbrtowc.obj
 0001:0000b2e0       __acrt_add_locale_ref      000000018000c2e0 f   libucrt:locale_refcounting.obj
 0001:0000b36c       __acrt_free_locale         000000018000c36c f   libucrt:locale_refcounting.obj
 0001:0000b4e4       __acrt_locale_add_lc_time_reference 000000018000c4e4 f   libucrt:locale_refcounting.obj
 0001:0000b50c       __acrt_locale_free_lc_time_if_unreferenced 000000018000c50c f   libucrt:locale_refcounting.obj
 0001:0000b544       __acrt_locale_release_lc_time_reference 000000018000c544 f   libucrt:locale_refcounting.obj
 0001:0000b56c       __acrt_release_locale_ref  000000018000c56c f   libucrt:locale_refcounting.obj
 0001:0000b614       __acrt_update_thread_locale_data 000000018000c614 f   libucrt:locale_refcounting.obj
 0001:0000b684       _updatetlocinfoEx_nolock   000000018000c684 f   libucrt:locale_refcounting.obj
 0001:0000b6ec       __acrt_fp_strflt_to_string 000000018000c6ec f   libucrt:_fptostr.obj
 0001:0000b850       ?divide@__crt_strtox@@YA_KAEAUbig_integer@1@AEBU21@@Z 000000018000c850 f i libucrt:cfout.obj
 0001:0000bc7c       __acrt_fltout              000000018000cc7c f   libucrt:cfout.obj
 0001:0000cf48       fegetround                 000000018000df48 f   libucrt:fegetround.obj
 0001:0000cf5c       _fcloseall                 000000018000df5c f   libucrt:closeall.obj
 0001:0000d010       __acrt_stdio_free_buffer_nolock 000000018000e010 f   libucrt:_freebuf.obj
 0001:0000d050       _isatty                    000000018000e050 f   libucrt:isatty.obj
 0001:0000d0b0       __acrt_locale_free_monetary 000000018000e0b0 f   libucrt:initmon.obj
 0001:0000d1bc       __acrt_locale_free_numeric 000000018000e1bc f   libucrt:initnum.obj
 0001:0000d280       __acrt_locale_free_time    000000018000e280 f   libucrt:inittime.obj
 0001:0000d388       __acrt_GetStringTypeA      000000018000e388 f   libucrt:getstringtypea.obj
 0001:0000d518       __acrt_lowio_create_handle_array 000000018000e518 f   libucrt:osfinfo.obj
 0001:0000d5c0       __acrt_lowio_destroy_handle_array 000000018000e5c0 f   libucrt:osfinfo.obj
 0001:0000d610       __acrt_lowio_ensure_fh_exists 000000018000e610 f   libucrt:osfinfo.obj
 0001:0000d6b8       __acrt_lowio_lock_fh       000000018000e6b8 f   libucrt:osfinfo.obj
 0001:0000d6e0       __acrt_lowio_unlock_fh     000000018000e6e0 f   libucrt:osfinfo.obj
 0001:0000d708       _free_osfhnd               000000018000e708 f   libucrt:osfinfo.obj
 0001:0000d7c4       _get_osfhandle             000000018000e7c4 f   libucrt:osfinfo.obj
 0001:0000d840       qsort                      000000018000e840 f   libucrt:qsort.obj
 0001:0000dbe0       strncpy_s                  000000018000ebe0 f   libucrt:strncpy_s.obj
 0001:0000dd60       strpbrk                    000000018000ed60 f   libucrt:strpbrk.obj
 0001:0000e128       _mbsdec                    000000018000f128 f   libucrt:mbsdec.obj
 0001:0000e130       _mbsdec_l                  000000018000f130 f   libucrt:mbsdec.obj
 0001:0000e4dc       __acrt_LCMapStringA        000000018000f4dc f   libucrt:lcmapstringa.obj
 0001:0000e58c       _msize_base                000000018000f58c f   libucrt:msize.obj
 0001:0000e5c8       _realloc_base              000000018000f5c8 f   libucrt:realloc_base.obj
 0001:0000e644       __acrt_DownlevelLocaleNameToLCID 000000018000f644 f   libucrt:lcidtoname_downlevel.obj
 0001:0000e780       _commit                    000000018000f780 f   libucrt:commit.obj
 0001:0000f090       _write                     0000000180010090 f   libucrt:write.obj
 0001:0000f17c       _write_nolock              000000018001017c f   libucrt:write.obj
 0001:0000f460       __acrt_GetStringTypeW      0000000180010460 f   libucrt:getstringtypew.obj
 0001:0000f468       ?__mbrtoc32_utf8@__crt_mbstring@@YA_KPEA_UPEBD_KPEAU_Mbstatet@@@Z 0000000180010468 f   libucrt:mbrtoc32.obj
 0001:0000f640       _controlfp_s               0000000180010640 f   libucrt:contrlfp.obj
 0001:0000f6a4       fegetenv                   00000001800106a4 f   libucrt:fegetenv.obj
 0001:0000f6c4       fesetenv                   00000001800106c4 f   libucrt:fesetenv.obj
 0001:0000f710       feholdexcept               0000000180010710 f   libucrt:feholdexcept.obj
 0001:0000f760       ceil                       0000000180010760 f   libucrt:ceil.obj
 0001:0000f830       log10                      0000000180010830 f   libucrt:log10.obj
 0001:0000fddc       __acrt_fenv_get_common_round_control 0000000180010ddc f   libucrt:_fenvutils.obj
 0001:0000fde8       __acrt_fenv_get_control    0000000180010de8 f   libucrt:_fenvutils.obj
 0001:0000fedc       __acrt_fenv_get_status     0000000180010edc f   libucrt:_fenvutils.obj
 0001:0000ff30       __acrt_fenv_set_control    0000000180010f30 f   libucrt:_fenvutils.obj
 0001:00010078       __acrt_fenv_set_status     0000000180011078 f   libucrt:_fenvutils.obj
 0001:00010198       _lseeki64_nolock           0000000180011198 f   libucrt:lseek.obj
 0001:000101a0       _fclose_nolock             00000001800111a0 f   libucrt:fclose.obj
 0001:00010224       fclose                     0000000180011224 f   libucrt:fclose.obj
 0001:00010288       __ascii_wcsnicmp           0000000180011288 f   libucrt:wcsnicmp.obj
 0001:000102d4       _query_app_type            00000001800112d4 f   libucrt:report_runtime_error.obj
 0001:000102dc       __strncnt                  00000001800112dc f   libucrt:strncnt.obj
 0001:000102f4       _putwch_nolock             00000001800112f4 f   libucrt:putwch.obj
 0001:00010330       _clearfp                   0000000180011330 f   libucrt:ieee.obj
 0001:000103a0       _control87                 00000001800113a0 f   libucrt:ieee.obj
 0001:0001078c       _handle_error              000000018001178c f   libucrt:libm_error.obj
 0001:000108b4       _handle_nan                00000001800118b4 f   libucrt:libm_error.obj
 0001:000108d0       __acrt_initialize_fma3     00000001800118d0 f   libucrt:fma3_available.obj
 0001:00010940       _log10_special             0000000180011940 f   libucrt:log_special.obj
 0001:00010a6c       _close                     0000000180011a6c f   libucrt:close.obj
 0001:00010b10       _close_nolock              0000000180011b10 f   libucrt:close.obj
 0001:00010bd0       ?__acrt_stdio_free_stream@@YAXV__crt_stdio_stream@@@Z 0000000180011bd0 f   libucrt:stream.obj
 0001:00010bec       __dcrt_lowio_ensure_console_output_initialized 0000000180011bec f   libucrt:initcon.obj
 0001:00010c40       __dcrt_terminate_console_output 0000000180011c40 f   libucrt:initcon.obj
 0001:00010c5c       __dcrt_write_console       0000000180011c5c f   libucrt:initcon.obj
 0001:00010d30       _get_fpsr                  0000000180011d30 f   libucrt:fpsr.obj
 0001:00010d40       _set_fpsr                  0000000180011d40 f   libucrt:fpsr.obj
 0001:00010d4a       _fclrf                     0000000180011d4a f   libucrt:fpsr.obj
 0001:00010d5e       _frnd                      0000000180011d5e f   libucrt:fpsr.obj
 0001:00010d80       _raise_exc                 0000000180011d80 f   libucrt:fpexcept.obj
 0001:00010da8       _raise_exc_ex              0000000180011da8 f   libucrt:fpexcept.obj
 0001:000110b8       _set_errno_from_matherr    00000001800120b8 f   libucrt:fpexcept.obj
 0001:000110e8       _clrfp                     00000001800120e8 f   libucrt:fpctrl.obj
 0001:00011108       _ctrlfp                    0000000180012108 f   libucrt:fpctrl.obj
 0001:00011184       _set_statfp                0000000180012184 f   libucrt:fpctrl.obj
 0001:000111a4       _statfp                    00000001800121a4 f   libucrt:fpctrl.obj
 0001:000111c0       _FindPESection             00000001800121c0 f   LIBCMT:pesect.obj
 0001:00011210       _IsNonwritableInCurrentImage 0000000180012210 f   LIBCMT:pesect.obj
 0001:00011260       _ValidateImageBase         0000000180012260 f   LIBCMT:pesect.obj
 0001:000112a0       _alloca_probe              00000001800122a0 f   LIBCMT:chkstk.obj
 0001:000112a0       __chkstk                   00000001800122a0 f   LIBCMT:chkstk.obj
 0001:000112f0       strrchr                    00000001800122f0 f   libvcruntime:strrchr.obj
 0001:00011430       memcmp                     0000000180012430 f   libvcruntime:memcmp.obj
 0001:00011510       _guard_dispatch_icall_nop  0000000180012510 f   LIBCMT:guard_dispatch.obj
 0001:00011530       _guard_xfg_dispatch_icall_nop 0000000180012530 f   LIBCMT:guard_xfg_dispatch.obj
 0002:00000000       __imp_HeapAlloc            0000000180013000     kernel32:KERNEL32.dll
 0002:00000008       __imp_HeapReAlloc          0000000180013008     kernel32:KERNEL32.dll
 0002:00000010       __imp_HeapFree             0000000180013010     kernel32:KERNEL32.dll
 0002:00000018       __imp_GetProcessHeap       0000000180013018     kernel32:KERNEL32.dll
 0002:00000020       __imp_GetLocalTime         0000000180013020     kernel32:KERNEL32.dll
 0002:00000028       __imp_SystemTimeToFileTime 0000000180013028     kernel32:KERNEL32.dll
 0002:00000030       __imp_WriteConsoleW        0000000180013030     kernel32:KERNEL32.dll
 0002:00000038       __imp_CreateFileW          0000000180013038     kernel32:KERNEL32.dll
 0002:00000040       __imp_CloseHandle          0000000180013040     kernel32:KERNEL32.dll
 0002:00000048       __imp_GetConsoleMode       0000000180013048     kernel32:KERNEL32.dll
 0002:00000050       __imp_GetConsoleOutputCP   0000000180013050     kernel32:KERNEL32.dll
 0002:00000058       __imp_WriteFile            0000000180013058     kernel32:KERNEL32.dll
 0002:00000060       __imp_FlushFileBuffers     0000000180013060     kernel32:KERNEL32.dll
 0002:00000068       __imp_HeapSize             0000000180013068     kernel32:KERNEL32.dll
 0002:00000070       __imp_SetStdHandle         0000000180013070     kernel32:KERNEL32.dll
 0002:00000078       __imp_GetStringTypeW       0000000180013078     kernel32:KERNEL32.dll
 0002:00000080       __imp_SetFilePointerEx     0000000180013080     kernel32:KERNEL32.dll
 0002:00000088       __imp_HeapCreate           0000000180013088     kernel32:KERNEL32.dll
 0002:00000090       __imp_HeapDestroy          0000000180013090     kernel32:KERNEL32.dll
 0002:00000098       __imp_RtlCaptureContext    0000000180013098     kernel32:KERNEL32.dll
 0002:000000a0       __imp_RtlLookupFunctionEntry 00000001800130a0     kernel32:KERNEL32.dll
 0002:000000a8       __imp_RtlVirtualUnwind     00000001800130a8     kernel32:KERNEL32.dll
 0002:000000b0       __imp_UnhandledExceptionFilter 00000001800130b0     kernel32:KERNEL32.dll
 0002:000000b8       __imp_SetUnhandledExceptionFilter 00000001800130b8     kernel32:KERNEL32.dll
 0002:000000c0       __imp_GetCurrentProcess    00000001800130c0     kernel32:KERNEL32.dll
 0002:000000c8       __imp_TerminateProcess     00000001800130c8     kernel32:KERNEL32.dll
 0002:000000d0       __imp_IsProcessorFeaturePresent 00000001800130d0     kernel32:KERNEL32.dll
 0002:000000d8       __imp_QueryPerformanceCounter 00000001800130d8     kernel32:KERNEL32.dll
 0002:000000e0       __imp_GetCurrentProcessId  00000001800130e0     kernel32:KERNEL32.dll
 0002:000000e8       __imp_GetCurrentThreadId   00000001800130e8     kernel32:KERNEL32.dll
 0002:000000f0       __imp_GetSystemTimeAsFileTime 00000001800130f0     kernel32:KERNEL32.dll
 0002:000000f8       __imp_InitializeSListHead  00000001800130f8     kernel32:KERNEL32.dll
 0002:00000100       __imp_IsDebuggerPresent    0000000180013100     kernel32:KERNEL32.dll
 0002:00000108       __imp_GetStartupInfoW      0000000180013108     kernel32:KERNEL32.dll
 0002:00000110       __imp_GetModuleHandleW     0000000180013110     kernel32:KERNEL32.dll
 0002:00000118       __imp_RtlUnwindEx          0000000180013118     kernel32:KERNEL32.dll
 0002:00000120       __imp_InterlockedFlushSList 0000000180013120     kernel32:KERNEL32.dll
 0002:00000128       __imp_GetLastError         0000000180013128     kernel32:KERNEL32.dll
 0002:00000130       __imp_SetLastError         0000000180013130     kernel32:KERNEL32.dll
 0002:00000138       __imp_EnterCriticalSection 0000000180013138     kernel32:KERNEL32.dll
 0002:00000140       __imp_LeaveCriticalSection 0000000180013140     kernel32:KERNEL32.dll
 0002:00000148       __imp_DeleteCriticalSection 0000000180013148     kernel32:KERNEL32.dll
 0002:00000150       __imp_InitializeCriticalSectionAndSpinCount 0000000180013150     kernel32:KERNEL32.dll
 0002:00000158       __imp_TlsAlloc             0000000180013158     kernel32:KERNEL32.dll
 0002:00000160       __imp_TlsGetValue          0000000180013160     kernel32:KERNEL32.dll
 0002:00000168       __imp_TlsSetValue          0000000180013168     kernel32:KERNEL32.dll
 0002:00000170       __imp_TlsFree              0000000180013170     kernel32:KERNEL32.dll
 0002:00000178       __imp_FreeLibrary          0000000180013178     kernel32:KERNEL32.dll
 0002:00000180       __imp_GetProcAddress       0000000180013180     kernel32:KERNEL32.dll
 0002:00000188       __imp_LoadLibraryExW       0000000180013188     kernel32:KERNEL32.dll
 0002:00000190       __imp_RaiseException       0000000180013190     kernel32:KERNEL32.dll
 0002:00000198       __imp_ExitProcess          0000000180013198     kernel32:KERNEL32.dll
 0002:000001a0       __imp_GetModuleHandleExW   00000001800131a0     kernel32:KERNEL32.dll
 0002:000001a8       __imp_GetModuleFileNameW   00000001800131a8     kernel32:KERNEL32.dll
 0002:000001b0       __imp_GetStdHandle         00000001800131b0     kernel32:KERNEL32.dll
 0002:000001b8       __imp_GetFileType          00000001800131b8     kernel32:KERNEL32.dll
 0002:000001c0       __imp_FindClose            00000001800131c0     kernel32:KERNEL32.dll
 0002:000001c8       __imp_FindFirstFileExW     00000001800131c8     kernel32:KERNEL32.dll
 0002:000001d0       __imp_FindNextFileW        00000001800131d0     kernel32:KERNEL32.dll
 0002:000001d8       __imp_IsValidCodePage      00000001800131d8     kernel32:KERNEL32.dll
 0002:000001e0       __imp_GetACP               00000001800131e0     kernel32:KERNEL32.dll
 0002:000001e8       __imp_GetOEMCP             00000001800131e8     kernel32:KERNEL32.dll
 0002:000001f0       __imp_GetCPInfo            00000001800131f0     kernel32:KERNEL32.dll
 0002:000001f8       __imp_GetCommandLineA      00000001800131f8     kernel32:KERNEL32.dll
 0002:00000200       __imp_GetCommandLineW      0000000180013200     kernel32:KERNEL32.dll
 0002:00000208       __imp_MultiByteToWideChar  0000000180013208     kernel32:KERNEL32.dll
 0002:00000210       __imp_WideCharToMultiByte  0000000180013210     kernel32:KERNEL32.dll
 0002:00000218       __imp_GetEnvironmentStringsW 0000000180013218     kernel32:KERNEL32.dll
 0002:00000220       __imp_FreeEnvironmentStringsW 0000000180013220     kernel32:KERNEL32.dll
 0002:00000228       __imp_LCMapStringW         0000000180013228     kernel32:KERNEL32.dll
 0002:00000230       \177KERNEL32_NULL_THUNK_DATA 0000000180013230     kernel32:KERNEL32.dll
 0002:00000238       __imp_GdipBitmapLockBits   0000000180013238     gdiplus:gdiplus.dll
 0002:00000240       __imp_GdipCreateBitmapFromStream 0000000180013240     gdiplus:gdiplus.dll
 0002:00000248       __imp_GdipGetImagePixelFormat 0000000180013248     gdiplus:gdiplus.dll
 0002:00000250       __imp_GdipBitmapUnlockBits 0000000180013250     gdiplus:gdiplus.dll
 0002:00000258       __imp_GdipCloneImage       0000000180013258     gdiplus:gdiplus.dll
 0002:00000260       __imp_GdiplusShutdown      0000000180013260     gdiplus:gdiplus.dll
 0002:00000268       __imp_GdiplusStartup       0000000180013268     gdiplus:gdiplus.dll
 0002:00000270       __imp_GdipFree             0000000180013270     gdiplus:gdiplus.dll
 0002:00000278       __imp_GdipAlloc            0000000180013278     gdiplus:gdiplus.dll
 0002:00000280       __imp_GdipDisposeImage     0000000180013280     gdiplus:gdiplus.dll
 0002:00000288       \177gdiplus_NULL_THUNK_DATA 0000000180013288     gdiplus:gdiplus.dll
 0002:00000290       __imp_CoUninitialize       0000000180013290     ole32:ole32.dll
 0002:00000298       __imp_CoInitializeEx       0000000180013298     ole32:ole32.dll
 0002:000002a0       \177ole32_NULL_THUNK_DATA  00000001800132a0     ole32:ole32.dll
 0002:000002a8       __guard_check_icall_fptr   00000001800132a8     LIBCMT:guard_support.obj
 0002:000002b0       __guard_xfg_check_icall_fptr 00000001800132b0     LIBCMT:guard_support.obj
 0002:000002b8       __guard_dispatch_icall_fptr 00000001800132b8     LIBCMT:guard_support.obj
 0002:000002c0       __guard_xfg_dispatch_icall_fptr 00000001800132c0     LIBCMT:guard_support.obj
 0002:000002c8       __guard_xfg_table_dispatch_icall_fptr 00000001800132c8     LIBCMT:guard_support.obj
 0002:000002d0       __xc_a                     00000001800132d0     LIBCMT:initializers.obj
 0002:000002d8       __xc_z                     00000001800132d8     LIBCMT:initializers.obj
 0002:000002e0       __xi_a                     00000001800132e0     LIBCMT:initializers.obj
 0002:000002e8       __acrt_stdio_initializer   00000001800132e8     libucrt:stdio_initializer.obj
 0002:000002f0       __acrt_multibyte_initializer 00000001800132f0     libucrt:multibyte_initializer.obj
 0002:000002f8       __acrt_tran_fma3_initializer 00000001800132f8     libucrt:fma3_initializer.obj
 0002:00000300       __xi_z                     0000000180013300     LIBCMT:initializers.obj
 0002:00000308       __xp_a                     0000000180013308     LIBCMT:initializers.obj
 0002:00000310       __acrt_locale_terminator   0000000180013310     libucrt:locale_initializer.obj
 0002:00000318       __dcrt_console_output_terminator 0000000180013318     libucrt:console_output_initializer.obj
 0002:00000320       __acrt_stdio_terminator    0000000180013320     libucrt:stdio_initializer.obj
 0002:00000328       __xp_z                     0000000180013328     LIBCMT:initializers.obj
 0002:00000330       __xt_a                     0000000180013330     LIBCMT:initializers.obj
 0002:00000338       __xt_z                     0000000180013338     LIBCMT:initializers.obj
 0002:00000340       ??_C@_11LOCGONAA@@         0000000180013340     ico.obj
 0002:00000350       ??_7Image@Gdiplus@@6B@     0000000180013350     ico.obj
 0002:00000368       ??_7Bitmap@Gdiplus@@6B@    0000000180013368     ico.obj
 0002:00000380       ??_7MStream@@6B@           0000000180013380     ico.obj
 0002:000003f8       ??_C@_1BA@KIENHNBI@?$AAI?$AAC?$AAO?$AA?4?$AAP?$AAN?$AAG@ 00000001800133f8     ico.obj
 0002:00000408       ??_C@_1BA@HKGHICED@?$AAI?$AAC?$AAO?$AA?4?$AAD?$AAI?$AAB@ 0000000180013408     ico.obj
 0002:00000418       ??_C@_1O@PALLNO@?$AA?5?$AA?$FL?$AAP?$AAN?$AAG?$AA?$FN@ 0000000180013418     ico.obj
 0002:00000428       ??_C@_17OGLEMJPJ@?$AAI?$AAC?$AAO@ 0000000180013428     ico.obj
 0002:00000430       ??_C@_17IILLPF@?$AAC?$AAU?$AAR@ 0000000180013430     ico.obj
 0002:00000438       ??_C@_1DE@JEFKLGFF@?$AA?$CF?$AAi?$AA?5?$AAx?$AA?5?$AA?$CF?$AAi?$AA?5?$AAx?$AA?5?$AA?$CF?$AAi?$AAb?$AAp?$AAp@ 0000000180013438     ico.obj
 0002:00000470       IID_IUnknown               0000000180013470     uuid:unknwn_i.obj
 0002:00000480       IID_ISequentialStream      0000000180013480     uuid:objidl_i.obj
 0002:00000490       IID_IStream                0000000180013490     uuid:objidl_i.obj
 0002:000004a8       ??_7type_info@@6B@         00000001800134a8     LIBCMT:std_type_info_static.obj
 0002:000004b0       _pRawDllMain               00000001800134b0     LIBCMT:dll_dllmain.obj
 0002:000004b0       _pDefaultRawDllMain        00000001800134b0     LIBCMT:dll_dllmain.obj
 0002:000004d0       __xmm@ffffffffffffffffffffffffffffffff 00000001800134d0     LIBCMT:utility.obj
 0002:000004e0       _pDestructExceptionObject  00000001800134e0     libvcruntime:ehhelpers.obj
 0002:00000bf0       ??_C@_08EHJDFFNH@__based?$CI@ 0000000180013bf0     libvcruntime:undname.obj
 0002:00000c00       ??_C@_07KOLFKCDI@__cdecl@  0000000180013c00     libvcruntime:undname.obj
 0002:00000c08       ??_C@_08GHMPAG@__pascal@   0000000180013c08     libvcruntime:undname.obj
 0002:00000c18       ??_C@_09IFJBGAPI@__stdcall@ 0000000180013c18     libvcruntime:undname.obj
 0002:00000c28       ??_C@_0L@NPHFGOKO@__thiscall@ 0000000180013c28     libvcruntime:undname.obj
 0002:00000c38       ??_C@_0L@JMKHOMEK@__fastcall@ 0000000180013c38     libvcruntime:undname.obj
 0002:00000c48       ??_C@_0N@BCKKPABJ@__vectorcall@ 0000000180013c48     libvcruntime:undname.obj
 0002:00000c58       ??_C@_09HIJEGCPM@__clrcall@ 0000000180013c58     libvcruntime:undname.obj
 0002:00000c64       ??_C@_06GHPCKEAG@__eabi@   0000000180013c64     libvcruntime:undname.obj
 0002:00000c70       ??_C@_09IOPIDJLG@__swift_1@ 0000000180013c70     libvcruntime:undname.obj
 0002:00000c80       ??_C@_09KFNFGKHF@__swift_2@ 0000000180013c80     libvcruntime:undname.obj
 0002:00000c90       ??_C@_07JOMMBBKO@__ptr64@  0000000180013c90     libvcruntime:undname.obj
 0002:00000c98       ??_C@_0L@PILCLIHE@__restrict@ 0000000180013c98     libvcruntime:undname.obj
 0002:00000ca8       ??_C@_0M@GFIIJFMG@__unaligned@ 0000000180013ca8     libvcruntime:undname.obj
 0002:00000cb8       ??_C@_09DHDLOLLB@restrict?$CI@ 0000000180013cb8     libvcruntime:undname.obj
 0002:00000cc2       ??_C@_00CNPNBAHC@@         0000000180013cc2     libvcruntime:undname.obj
 0002:00000cc4       ??_C@_04NIHEBCM@?5new@     0000000180013cc4     libvcruntime:undname.obj
 0002:00000cd0       ??_C@_07FPCDHGMM@?5delete@ 0000000180013cd0     libvcruntime:undname.obj
 0002:00000cd8       ??_C@_01NEMOKFLO@?$DN@     0000000180013cd8     libvcruntime:undname.obj
 0002:00000cdc       ??_C@_02GPIOPFAK@?$DO?$DO@ 0000000180013cdc     libvcruntime:undname.obj
 0002:00000ce0       ??_C@_02FODMEDOG@?$DM?$DM@ 0000000180013ce0     libvcruntime:undname.obj
 0002:00000ce4       ??_C@_01DCLJPIOD@?$CB@     0000000180013ce4     libvcruntime:undname.obj
 0002:00000ce8       ??_C@_02EGOFBIJA@?$DN?$DN@ 0000000180013ce8     libvcruntime:undname.obj
 0002:00000cec       ??_C@_02FDNJECIE@?$CB?$DN@ 0000000180013cec     libvcruntime:undname.obj
 0002:00000cf0       ??_C@_02GPECMEKF@?$FL?$FN@ 0000000180013cf0     libvcruntime:undname.obj
 0002:00000cf8       ??_C@_08LHJFAFGD@operator@ 0000000180013cf8     libvcruntime:undname.obj
 0002:00000d04       ??_C@_02HBOOOICD@?9?$DO@   0000000180013d04     libvcruntime:undname.obj
 0002:00000d08       ??_C@_01NBENCBCI@?$CK@     0000000180013d08     libvcruntime:undname.obj
 0002:00000d0c       ??_C@_02ECNGHCIF@?$CL?$CL@ 0000000180013d0c     libvcruntime:undname.obj
 0002:00000d10       ??_C@_02BAABKJLB@?9?9@     0000000180013d10     libvcruntime:undname.obj
 0002:00000d14       ??_C@_01JOAMLHOP@?9@       0000000180013d14     libvcruntime:undname.obj
 0002:00000d18       ??_C@_01MIFGBAGJ@?$CL@     0000000180013d18     libvcruntime:undname.obj
 0002:00000d1c       ??_C@_01HNPIGOCE@?$CG@     0000000180013d1c     libvcruntime:undname.obj
 0002:00000d20       ??_C@_03MNHNFDLC@?9?$DO?$CK@ 0000000180013d20     libvcruntime:undname.obj
 0002:00000d24       ??_C@_01KMDKNFGN@?1@       0000000180013d24     libvcruntime:undname.obj
 0002:00000d28       ??_C@_01FGNFDNOH@?$CF@     0000000180013d28     libvcruntime:undname.obj
 0002:00000d2c       ??_C@_01MNNFJEPP@?$DM@     0000000180013d2c     libvcruntime:undname.obj
 0002:00000d30       ??_C@_02EHCHHCKH@?$DM?$DN@ 0000000180013d30     libvcruntime:undname.obj
 0002:00000d34       ??_C@_01PPODPGHN@?$DO@     0000000180013d34     libvcruntime:undname.obj
 0002:00000d38       ??_C@_02EEKDKGMJ@?$DO?$DN@ 0000000180013d38     libvcruntime:undname.obj
 0002:00000d3c       ??_C@_01IHBHIGKO@?0@       0000000180013d3c     libvcruntime:undname.obj
 0002:00000d40       ??_C@_02HCKGKOFO@?$CI?$CJ@ 0000000180013d40     libvcruntime:undname.obj
 0002:00000d44       ??_C@_01PJKLJHI@?$HO@      0000000180013d44     libvcruntime:undname.obj
 0002:00000d48       ??_C@_01JKBOJNNK@?$FO@     0000000180013d48     libvcruntime:undname.obj
 0002:00000d4c       ??_C@_01DNKMNLPK@?$HM@     0000000180013d4c     libvcruntime:undname.obj
 0002:00000d50       ??_C@_02PPKAJPJL@?$CG?$CG@ 0000000180013d50     libvcruntime:undname.obj
 0002:00000d54       ??_C@_02NONPIBCD@?$HM?$HM@ 0000000180013d54     libvcruntime:undname.obj
 0002:00000d58       ??_C@_02FPIMKNGF@?$CK?$DN@ 0000000180013d58     libvcruntime:undname.obj
 0002:00000d5c       ??_C@_02FOEOMHFC@?$CL?$DN@ 0000000180013d5c     libvcruntime:undname.obj
 0002:00000d60       ??_C@_02FKMDLLOA@?9?$DN@   0000000180013d60     libvcruntime:undname.obj
 0002:00000d64       ??_C@_02FJEHGPIO@?1?$DN@   0000000180013d64     libvcruntime:undname.obj
 0002:00000d68       ??_C@_02FENAOKFI@?$CF?$DN@ 0000000180013d68     libvcruntime:undname.obj
 0002:00000d6c       ??_C@_03IKFCCPFF@?$DO?$DO?$DN@ 0000000180013d6c     libvcruntime:undname.obj
 0002:00000d70       ??_C@_03CDNPDDLA@?$DM?$DM?$DN@ 0000000180013d70     libvcruntime:undname.obj
 0002:00000d74       ??_C@_02FGJGFEAB@?$CG?$DN@ 0000000180013d74     libvcruntime:undname.obj
 0002:00000d78       ??_C@_02DHLNPPGH@?$HM?$DN@ 0000000180013d78     libvcruntime:undname.obj
 0002:00000d7c       ??_C@_02MHEGNOJ@?$FO?$DN@  0000000180013d7c     libvcruntime:undname.obj
 0002:00000d80       ??_C@_09IFPLHPGF@?$GAvftable?8@ 0000000180013d80     libvcruntime:undname.obj
 0002:00000d90       ??_C@_09BLBHBJP@?$GAvbtable?8@ 0000000180013d90     libvcruntime:undname.obj
 0002:00000da0       ??_C@_07FEEIOKP@?$GAvcall?8@ 0000000180013da0     libvcruntime:undname.obj
 0002:00000da8       ??_C@_08LLFFHHDJ@?$GAtypeof?8@ 0000000180013da8     libvcruntime:undname.obj
 0002:00000db8       ??_C@_0BF@KDPPACIK@?$GAlocal?5static?5guard?8@ 0000000180013db8     libvcruntime:undname.obj
 0002:00000dd0       ??_C@_08OBABFOLI@?$GAstring?8@ 0000000180013dd0     libvcruntime:undname.obj
 0002:00000de0       ??_C@_0BD@JDLKDPAB@?$GAvbase?5destructor?8@ 0000000180013de0     libvcruntime:undname.obj
 0002:00000df8       ??_C@_0BN@DEGPLNFK@?$GAvector?5deleting?5destructor?8@ 0000000180013df8     libvcruntime:undname.obj
 0002:00000e18       ??_C@_0BO@OBMKPJIG@?$GAdefault?5constructor?5closure?8@ 0000000180013e18     libvcruntime:undname.obj
 0002:00000e38       ??_C@_0BN@IMDCHIKM@?$GAscalar?5deleting?5destructor?8@ 0000000180013e38     libvcruntime:undname.obj
 0002:00000e58       ??_C@_0BO@PFGOCPJJ@?$GAvector?5constructor?5iterator?8@ 0000000180013e58     libvcruntime:undname.obj
 0002:00000e78       ??_C@_0BN@LFPFMEDL@?$GAvector?5destructor?5iterator?8@ 0000000180013e78     libvcruntime:undname.obj
 0002:00000e98       ??_C@_0CE@IKBNEHA@?$GAvector?5vbase?5constructor?5itera@ 0000000180013e98     libvcruntime:undname.obj
 0002:00000ec0       ??_C@_0BL@NILFHHPC@?$GAvirtual?5displacement?5map?8@ 0000000180013ec0     libvcruntime:undname.obj
 0002:00000ee0       ??_C@_0CB@JONCMFFK@?$GAeh?5vector?5constructor?5iterator@ 0000000180013ee0     libvcruntime:undname.obj
 0002:00000f08       ??_C@_0CA@GCEOPDGL@?$GAeh?5vector?5destructor?5iterator?8@ 0000000180013f08     libvcruntime:undname.obj
 0002:00000f28       ??_C@_0CH@OOJPLCPH@?$GAeh?5vector?5vbase?5constructor?5it@ 0000000180013f28     libvcruntime:undname.obj
 0002:00000f50       ??_C@_0BL@LLKPOHJI@?$GAcopy?5constructor?5closure?8@ 0000000180013f50     libvcruntime:undname.obj
 0002:00000f70       ??_C@_0BA@KBCDOMBN@?$GAudt?5returning?8@ 0000000180013f70     libvcruntime:undname.obj
 0002:00000f80       ??_C@_03KLGMFNMG@?$GAEH@   0000000180013f80     libvcruntime:undname.obj
 0002:00000f84       ??_C@_05KHLCHHI@?$GARTTI@  0000000180013f84     libvcruntime:undname.obj
 0002:00000f90       ??_C@_0BA@KKLDJDLB@?$GAlocal?5vftable?8@ 0000000180013f90     libvcruntime:undname.obj
 0002:00000fa0       ??_C@_0CE@IIHCMGGL@?$GAlocal?5vftable?5constructor?5clos@ 0000000180013fa0     libvcruntime:undname.obj
 0002:00000fc4       ??_C@_06FHBGPFGH@?5new?$FL?$FN@ 0000000180013fc4     libvcruntime:undname.obj
 0002:00000fd0       ??_C@_09LBNFPBCA@?5delete?$FL?$FN@ 0000000180013fd0     libvcruntime:undname.obj
 0002:00000fe0       ??_C@_0P@HJKNJFNN@?$GAomni?5callsig?8@ 0000000180013fe0     libvcruntime:undname.obj
 0002:00000ff0       ??_C@_0BL@CNOONJFP@?$GAplacement?5delete?5closure?8@ 0000000180013ff0     libvcruntime:undname.obj
 0002:00001010       ??_C@_0BN@CKNJLHMB@?$GAplacement?5delete?$FL?$FN?5closure?8@ 0000000180014010     libvcruntime:undname.obj
 0002:00001030       ??_C@_0CG@CFDHKGGD@?$GAmanaged?5vector?5constructor?5ite@ 0000000180014030     libvcruntime:undname.obj
 0002:00001058       ??_C@_0CF@IMGKMJNO@?$GAmanaged?5vector?5destructor?5iter@ 0000000180014058     libvcruntime:undname.obj
 0002:00001080       ??_C@_0CG@HLDDJMAG@?$GAeh?5vector?5copy?5constructor?5ite@ 0000000180014080     libvcruntime:undname.obj
 0002:000010a8       ??_C@_0CM@FCBBDIGB@?$GAeh?5vector?5vbase?5copy?5construct@ 00000001800140a8     libvcruntime:undname.obj
 0002:000010d8       ??_C@_0BL@CLIPGLGB@?$GAdynamic?5initializer?5for?5?8@ 00000001800140d8     libvcruntime:undname.obj
 0002:000010f8       ??_C@_0CB@PDBIFEP@?$GAdynamic?5atexit?5destructor?5for?5@ 00000001800140f8     libvcruntime:undname.obj
 0002:00001120       ??_C@_0CD@CGAJBKEJ@?$GAvector?5copy?5constructor?5iterat@ 0000000180014120     libvcruntime:undname.obj
 0002:00001148       ??_C@_0CJ@GJELGAMM@?$GAvector?5vbase?5copy?5constructor?5@ 0000000180014148     libvcruntime:undname.obj
 0002:00001178       ??_C@_0CL@FGIJHLCE@?$GAmanaged?5vector?5copy?5constructo@ 0000000180014178     libvcruntime:undname.obj
 0002:000011a8       ??_C@_0BM@PMGGMLDN@?$GAlocal?5static?5thread?5guard?8@ 00000001800141a8     libvcruntime:undname.obj
 0002:000011c8       ??_C@_0N@BDNMDMOL@operator?5?$CC?$CC?5@ 00000001800141c8     libvcruntime:undname.obj
 0002:000011d8       ??_C@_0BC@GGEBGALA@operator?5co_await@ 00000001800141d8     libvcruntime:undname.obj
 0002:000011f0       ??_C@_0M@GAAIMMOH@operator?$DM?$DN?$DO@ 00000001800141f0     libvcruntime:undname.obj
 0002:00001200       ??_C@_0BC@DAFEJGAK@?5Type?5Descriptor?8@ 0000000180014200     libvcruntime:undname.obj
 0002:00001218       ??_C@_0BM@LDKODKLH@?5Base?5Class?5Descriptor?5at?5?$CI@ 0000000180014218     libvcruntime:undname.obj
 0002:00001238       ??_C@_0BD@LGICGFMM@?5Base?5Class?5Array?8@ 0000000180014238     libvcruntime:undname.obj
 0002:00001250       ??_C@_0BN@MECKDCOJ@?5Class?5Hierarchy?5Descriptor?8@ 0000000180014250     libvcruntime:undname.obj
 0002:00001270       ??_C@_0BK@CFCOFLF@?5Complete?5Object?5Locator?8@ 0000000180014270     libvcruntime:undname.obj
 0002:00001290       ??_C@_0BG@JNJLAMPM@?$GAanonymous?5namespace?8@ 0000000180014290     libvcruntime:undname.obj
 0002:000012c0       ??_C@_1DM@KHCHBNEB@?$AAa?$AAp?$AAi?$AA?9?$AAm?$AAs?$AA?9?$AAw?$AAi?$AAn?$AA?9?$AAc?$AAo?$AAr?$AAe@ 00000001800142c0     libvcruntime:winapi_downlevel.obj
 0002:00001300       ??_C@_1DK@LPPGFMPP@?$AAa?$AAp?$AAi?$AA?9?$AAm?$AAs?$AA?9?$AAw?$AAi?$AAn?$AA?9?$AAc?$AAo?$AAr?$AAe@ 0000000180014300     libvcruntime:winapi_downlevel.obj
 0002:00001340       ??_C@_1BC@GDMECMAK@?$AAk?$AAe?$AAr?$AAn?$AAe?$AAl?$AA3?$AA2@ 0000000180014340     libvcruntime:winapi_downlevel.obj
 0002:00001358       ??_C@_1BA@PFFKHIOG@?$AAa?$AAp?$AAi?$AA?9?$AAm?$AAs?$AA?9@ 0000000180014358     libvcruntime:winapi_downlevel.obj
 0002:00001370       ??_C@_08KNHFBNJ@FlsAlloc@  0000000180014370     libvcruntime:winapi_downlevel.obj
 0002:00001388       ??_C@_07PEJMOBNF@FlsFree@  0000000180014388     libvcruntime:winapi_downlevel.obj
 0002:00001398       ??_C@_0M@GDNOONDI@FlsGetValue@ 0000000180014398     libvcruntime:winapi_downlevel.obj
 0002:000013b0       ??_C@_0M@JCPCPOEF@FlsSetValue@ 00000001800143b0     libvcruntime:winapi_downlevel.obj
 0002:000013c8       ??_C@_0BM@HCFOFFN@InitializeCriticalSectionEx@ 00000001800143c8     libvcruntime:winapi_downlevel.obj
 0002:000013f0       ?standard_lookup_table_spectre@__crt_stdio_output@@3V?$spectre_mitigated_lookup_table@Ustate_transition_pair@__crt_stdio_output@@$0IA@@1@B 00000001800143f0     libucrt:output.obj
 0002:000017f0       ??_C@_1O@CEDCILHN@?$AA?$CI?$AAn?$AAu?$AAl?$AAl?$AA?$CJ@ 00000001800147f0     libucrt:output.obj
 0002:00001800       ??_C@_06OJHGLDPL@?$CInull?$CJ@ 0000000180014800     libucrt:output.obj
 0002:00001810       __acrt_exception_action_table 0000000180014810     libucrt:exception_filter.obj
 0002:000018d0       __acrt_signal_action_table_count 00000001800148d0     libucrt:exception_filter.obj
 0002:000018d8       __acrt_signal_action_first_fpe_index 00000001800148d8     libucrt:exception_filter.obj
 0002:000018e0       __acrt_signal_action_fpe_count 00000001800148e0     libucrt:exception_filter.obj
 0002:000018e8       ??_C@_1BI@BGOHAHKC@?$AAm?$AAs?$AAc?$AAo?$AAr?$AAe?$AAe?$AA?4?$AAd?$AAl?$AAl@ 00000001800148e8     libucrt:exit.obj
 0002:00001900       ??_C@_0P@MIGLKIOC@CorExitProcess@ 0000000180014900     libucrt:exit.obj
 0002:00001c00       ??_C@_03OEIAHPBN@INF@      0000000180014c00     libucrt:cvt.obj
 0002:00001c04       ??_C@_03OJHLLCGB@inf@      0000000180014c04     libucrt:cvt.obj
 0002:00001c08       ??_C@_03LKNCIKJB@NAN@      0000000180014c08     libucrt:cvt.obj
 0002:00001c0c       ??_C@_03LHCJEHON@nan@      0000000180014c0c     libucrt:cvt.obj
 0002:00001c10       ??_C@_09OFJJIMPC@NAN?$CISNAN?$CJ@ 0000000180014c10     libucrt:cvt.obj
 0002:00001c20       ??_C@_09IPFBKMDL@nan?$CIsnan?$CJ@ 0000000180014c20     libucrt:cvt.obj
 0002:00001c30       ??_C@_08IKHNHAJ@NAN?$CIIND?$CJ@ 0000000180014c30     libucrt:cvt.obj
 0002:00001c40       ??_C@_08OFCDMILK@nan?$CIind?$CJ@ 0000000180014c40     libucrt:cvt.obj
 0002:00001c4c       ??_C@_05KLBDPFGC@e?$CL000@ 0000000180014c4c     libucrt:cvt.obj
 0002:00001c60       __lc_time_c                0000000180014c60     libucrt:nlsdata.obj
 0002:00001f20       ??_C@_03KOEHGMDN@Sun@      0000000180014f20     libucrt:nlsdata.obj
 0002:00001f24       ??_C@_03PDAGKDH@Mon@       0000000180014f24     libucrt:nlsdata.obj
 0002:00001f28       ??_C@_03NAGEINEP@Tue@      0000000180014f28     libucrt:nlsdata.obj
 0002:00001f2c       ??_C@_03MHOMLAJA@Wed@      0000000180014f2c     libucrt:nlsdata.obj
 0002:00001f30       ??_C@_03IOFIKPDN@Thu@      0000000180014f30     libucrt:nlsdata.obj
 0002:00001f34       ??_C@_03IDIOELNC@Fri@      0000000180014f34     libucrt:nlsdata.obj
 0002:00001f38       ??_C@_03FEFJNEK@Sat@       0000000180014f38     libucrt:nlsdata.obj
 0002:00001f3c       ??_C@_06OOPIFAJ@Sunday@    0000000180014f3c     libucrt:nlsdata.obj
 0002:00001f44       ??_C@_06JLEDEDGH@Monday@   0000000180014f44     libucrt:nlsdata.obj
 0002:00001f50       ??_C@_07BAAGCFCM@Tuesday@  0000000180014f50     libucrt:nlsdata.obj
 0002:00001f58       ??_C@_09DLIGFAKA@Wednesday@ 0000000180014f58     libucrt:nlsdata.obj
 0002:00001f68       ??_C@_08HACCIKIA@Thursday@ 0000000180014f68     libucrt:nlsdata.obj
 0002:00001f74       ??_C@_06JECMNKMI@Friday@   0000000180014f74     libucrt:nlsdata.obj
 0002:00001f80       ??_C@_08INBOOONO@Saturday@ 0000000180014f80     libucrt:nlsdata.obj
 0002:00001f8c       ??_C@_03JIHJHPIE@Jan@      0000000180014f8c     libucrt:nlsdata.obj
 0002:00001f90       ??_C@_03HJBDCHOM@Feb@      0000000180014f90     libucrt:nlsdata.obj
 0002:00001f94       ??_C@_03ODNJBKGA@Mar@      0000000180014f94     libucrt:nlsdata.obj
 0002:00001f98       ??_C@_03LEOLGMJP@Apr@      0000000180014f98     libucrt:nlsdata.obj
 0002:00001f9c       ??_C@_03CNMDKL@May@        0000000180014f9c     libucrt:nlsdata.obj
 0002:00001fa0       ??_C@_03IDFGHECI@Jun@      0000000180014fa0     libucrt:nlsdata.obj
 0002:00001fa4       ??_C@_03LBGABGKK@Jul@      0000000180014fa4     libucrt:nlsdata.obj
 0002:00001fa8       ??_C@_03IFJFEIGA@Aug@      0000000180014fa8     libucrt:nlsdata.obj
 0002:00001fac       ??_C@_03GGCAPAJC@Sep@      0000000180014fac     libucrt:nlsdata.obj
 0002:00001fb0       ??_C@_03BMAOKBAD@Oct@      0000000180014fb0     libucrt:nlsdata.obj
 0002:00001fb4       ??_C@_03JPJOFNIA@Nov@      0000000180014fb4     libucrt:nlsdata.obj
 0002:00001fb8       ??_C@_03MKABNOCG@Dec@      0000000180014fb8     libucrt:nlsdata.obj
 0002:00001fc0       ??_C@_07CGJPFGJA@January@  0000000180014fc0     libucrt:nlsdata.obj
 0002:00001fc8       ??_C@_08GNJGEPFN@February@ 0000000180014fc8     libucrt:nlsdata.obj
 0002:00001fd4       ??_C@_05HPCKOFNC@March@    0000000180014fd4     libucrt:nlsdata.obj
 0002:00001fdc       ??_C@_05DMJDNLEJ@April@    0000000180014fdc     libucrt:nlsdata.obj
 0002:00001fe4       ??_C@_04CNLMGBGM@June@     0000000180014fe4     libucrt:nlsdata.obj
 0002:00001fec       ??_C@_04MIEPOIFP@July@     0000000180014fec     libucrt:nlsdata.obj
 0002:00001ff4       ??_C@_06LBBHFDDG@August@   0000000180014ff4     libucrt:nlsdata.obj
 0002:00002000       ??_C@_09BHHEALKD@September@ 0000000180015000     libucrt:nlsdata.obj
 0002:00002010       ??_C@_07JJNFCEND@October@  0000000180015010     libucrt:nlsdata.obj
 0002:00002018       ??_C@_08HCHEGEOA@November@ 0000000180015018     libucrt:nlsdata.obj
 0002:00002028       ??_C@_08EDHMEBNP@December@ 0000000180015028     libucrt:nlsdata.obj
 0002:00002034       ??_C@_02DEDBPAFC@AM@       0000000180015034     libucrt:nlsdata.obj
 0002:00002038       ??_C@_02CJNFDJBF@PM@       0000000180015038     libucrt:nlsdata.obj
 0002:00002040       ??_C@_08BPBNCDIB@MM?1dd?1yy@ 0000000180015040     libucrt:nlsdata.obj
 0002:00002050       ??_C@_0BE@CKGJFCPC@dddd?0?5MMMM?5dd?0?5yyyy@ 0000000180015050     libucrt:nlsdata.obj
 0002:00002068       ??_C@_08JCCMCCIL@HH?3mm?3ss@ 0000000180015068     libucrt:nlsdata.obj
 0002:00002078       ??_C@_17MBGCMIPB@?$AAS?$AAu?$AAn@ 0000000180015078     libucrt:nlsdata.obj
 0002:00002080       ??_C@_17KBOMKBF@?$AAM?$AAo?$AAn@ 0000000180015080     libucrt:nlsdata.obj
 0002:00002088       ??_C@_17BMKGEGOJ@?$AAT?$AAu?$AAe@ 0000000180015088     libucrt:nlsdata.obj
 0002:00002090       ??_C@_17CJEDCEPE@?$AAW?$AAe?$AAd@ 0000000180015090     libucrt:nlsdata.obj
 0002:00002098       ??_C@_17PDPHAADD@?$AAT?$AAh?$AAu@ 0000000180015098     libucrt:nlsdata.obj
 0002:000020a0       ??_C@_17HFOLPPLP@?$AAF?$AAr?$AAi@ 00000001800150a0     libucrt:nlsdata.obj
 0002:000020a8       ??_C@_17GGIBDPIH@?$AAS?$AAa?$AAt@ 00000001800150a8     libucrt:nlsdata.obj
 0002:000020b0       ??_C@_1O@IHNHDHPB@?$AAS?$AAu?$AAn?$AAd?$AAa?$AAy@ 00000001800150b0     libucrt:nlsdata.obj
 0002:000020c0       ??_C@_1O@MMNBFLIA@?$AAM?$AAo?$AAn?$AAd?$AAa?$AAy@ 00000001800150c0     libucrt:nlsdata.obj
 0002:000020d0       ??_C@_1BA@ENFBFFEK@?$AAT?$AAu?$AAe?$AAs?$AAd?$AAa?$AAy@ 00000001800150d0     libucrt:nlsdata.obj
 0002:000020e0       ??_C@_1BE@EBOGMDOH@?$AAW?$AAe?$AAd?$AAn?$AAe?$AAs?$AAd?$AAa?$AAy@ 00000001800150e0     libucrt:nlsdata.obj
 0002:000020f8       ??_C@_1BC@HHMNLIHE@?$AAT?$AAh?$AAu?$AAr?$AAs?$AAd?$AAa?$AAy@ 00000001800150f8     libucrt:nlsdata.obj
 0002:00002110       ??_C@_1O@PDICJHAG@?$AAF?$AAr?$AAi?$AAd?$AAa?$AAy@ 0000000180015110     libucrt:nlsdata.obj
 0002:00002120       ??_C@_1BC@ENMNNPAJ@?$AAS?$AAa?$AAt?$AAu?$AAr?$AAd?$AAa?$AAy@ 0000000180015120     libucrt:nlsdata.obj
 0002:00002138       ??_C@_17DKNBKCHM@?$AAJ?$AAa?$AAn@ 0000000180015138     libucrt:nlsdata.obj
 0002:00002140       ??_C@_17LMDJEKJN@?$AAF?$AAe?$AAb@ 0000000180015140     libucrt:nlsdata.obj
 0002:00002148       ??_C@_17CKNLEDEC@?$AAM?$AAa?$AAr@ 0000000180015148     libucrt:nlsdata.obj
 0002:00002150       ??_C@_17LFPOIHDD@?$AAA?$AAp?$AAr@ 0000000180015150     libucrt:nlsdata.obj
 0002:00002158       ??_C@_17PNNKMEED@?$AAM?$AAa?$AAy@ 0000000180015158     libucrt:nlsdata.obj
 0002:00002160       ??_C@_17KCJGOCPB@?$AAJ?$AAu?$AAn@ 0000000180015160     libucrt:nlsdata.obj
 0002:00002168       ??_C@_17IJPCKHK@?$AAJ?$AAu?$AAl@ 0000000180015168     libucrt:nlsdata.obj
 0002:00002170       ??_C@_17ICPELBCN@?$AAA?$AAu?$AAg@ 0000000180015170     libucrt:nlsdata.obj
 0002:00002178       ??_C@_17HCHCOKMG@?$AAS?$AAe?$AAp@ 0000000180015178     libucrt:nlsdata.obj
 0002:00002180       ??_C@_17FNLKOI@?$AAO?$AAc?$AAt@ 0000000180015180     libucrt:nlsdata.obj
 0002:00002188       ??_C@_17BBDMLCIG@?$AAN?$AAo?$AAv@ 0000000180015188     libucrt:nlsdata.obj
 0002:00002190       ??_C@_17EGKACKIF@?$AAD?$AAe?$AAc@ 0000000180015190     libucrt:nlsdata.obj
 0002:00002198       ??_C@_1BA@EFMEIEBA@?$AAJ?$AAa?$AAn?$AAu?$AAa?$AAr?$AAy@ 0000000180015198     libucrt:nlsdata.obj
 0002:000021a8       ??_C@_1BC@JGDDFFAM@?$AAF?$AAe?$AAb?$AAr?$AAu?$AAa?$AAr?$AAy@ 00000001800151a8     libucrt:nlsdata.obj
 0002:000021c0       ??_C@_1M@IKEENEDF@?$AAM?$AAa?$AAr?$AAc?$AAh@ 00000001800151c0     libucrt:nlsdata.obj
 0002:000021d0       ??_C@_1M@GJNLMHFD@?$AAA?$AAp?$AAr?$AAi?$AAl@ 00000001800151d0     libucrt:nlsdata.obj
 0002:000021e0       ??_C@_19EPFLPGAP@?$AAJ?$AAu?$AAn?$AAe@ 00000001800151e0     libucrt:nlsdata.obj
 0002:000021f0       ??_C@_19BIFMLPCD@?$AAJ?$AAu?$AAl?$AAy@ 00000001800151f0     libucrt:nlsdata.obj
 0002:00002200       ??_C@_1O@PAHLKOAC@?$AAA?$AAu?$AAg?$AAu?$AAs?$AAt@ 0000000180015200     libucrt:nlsdata.obj
 0002:00002210       ??_C@_1BE@DKAAMBJL@?$AAS?$AAe?$AAp?$AAt?$AAe?$AAm?$AAb?$AAe?$AAr@ 0000000180015210     libucrt:nlsdata.obj
 0002:00002228       ??_C@_1BA@EPANDLNG@?$AAO?$AAc?$AAt?$AAo?$AAb?$AAe?$AAr@ 0000000180015228     libucrt:nlsdata.obj
 0002:00002238       ??_C@_1BC@BGLIFPF@?$AAN?$AAo?$AAv?$AAe?$AAm?$AAb?$AAe?$AAr@ 0000000180015238     libucrt:nlsdata.obj
 0002:00002250       ??_C@_1BC@FEMKIFH@?$AAD?$AAe?$AAc?$AAe?$AAm?$AAb?$AAe?$AAr@ 0000000180015250     libucrt:nlsdata.obj
 0002:00002264       ??_C@_15ODEHAHHF@?$AAA?$AAM@ 0000000180015264     libucrt:nlsdata.obj
 0002:0000226c       ??_C@_15CLMNNGEL@?$AAP?$AAM@ 000000018001526c     libucrt:nlsdata.obj
 0002:00002278       ??_C@_1BC@IEBCMHCM@?$AAM?$AAM?$AA?1?$AAd?$AAd?$AA?1?$AAy?$AAy@ 0000000180015278     libucrt:nlsdata.obj
 0002:00002290       ??_C@_1CI@KNAKOEBC@?$AAd?$AAd?$AAd?$AAd?$AA?0?$AA?5?$AAM?$AAM?$AAM?$AAM?$AA?5?$AAd?$AAd?$AA?0?$AA?5@ 0000000180015290     libucrt:nlsdata.obj
 0002:000022b8       ??_C@_1BC@GDGBMEMK@?$AAH?$AAH?$AA?3?$AAm?$AAm?$AA?3?$AAs?$AAs@ 00000001800152b8     libucrt:nlsdata.obj
 0002:000022d0       ??_C@_1M@BMHNFIME@?$AAe?$AAn?$AA?9?$AAU?$AAS@ 00000001800152d0     libucrt:nlsdata.obj
 0002:00002300       ??_C@_1M@HPNHIDJI@?$AAj?$AAa?$AA?9?$AAJ?$AAP@ 0000000180015300     libucrt:mbctype.obj
 0002:00002310       ??_C@_1M@BIBDDEMK@?$AAz?$AAh?$AA?9?$AAC?$AAN@ 0000000180015310     libucrt:mbctype.obj
 0002:00002320       ??_C@_1M@JLOOOEGK@?$AAk?$AAo?$AA?9?$AAK?$AAR@ 0000000180015320     libucrt:mbctype.obj
 0002:00002330       ??_C@_1M@CLNBBOPM@?$AAz?$AAh?$AA?9?$AAT?$AAW@ 0000000180015330     libucrt:mbctype.obj
 0002:000023e0       ??_C@_1EA@JGEFHKEI@?$AAa?$AAp?$AAi?$AA?9?$AAm?$AAs?$AA?9?$AAw?$AAi?$AAn?$AA?9?$AAc?$AAo?$AAr?$AAe@ 00000001800153e0     libucrt:winapi_thunks.obj
 0002:00002420       ??_C@_1DI@IJCEHOCB@?$AAa?$AAp?$AAi?$AA?9?$AAm?$AAs?$AA?9?$AAw?$AAi?$AAn?$AA?9?$AAc?$AAo?$AAr?$AAe@ 0000000180015420     libucrt:winapi_thunks.obj
 0002:00002460       ??_C@_1EI@MPIAOHOC@?$AAa?$AAp?$AAi?$AA?9?$AAm?$AAs?$AA?9?$AAw?$AAi?$AAn?$AA?9?$AAc?$AAo?$AAr?$AAe@ 0000000180015460     libucrt:winapi_thunks.obj
 0002:000024b0       ??_C@_1FK@FPHCKFIE@?$AAa?$AAp?$AAi?$AA?9?$AAm?$AAs?$AA?9?$AAw?$AAi?$AAn?$AA?9?$AAc?$AAo?$AAr?$AAe@ 00000001800154b0     libucrt:winapi_thunks.obj
 0002:00002510       ??_C@_1EM@DILCGIIO@?$AAa?$AAp?$AAi?$AA?9?$AAm?$AAs?$AA?9?$AAw?$AAi?$AAn?$AA?9?$AAc?$AAo?$AAr?$AAe@ 0000000180015510     libucrt:winapi_thunks.obj
 0002:00002560       ??_C@_1DM@LNCGDDPN@?$AAa?$AAp?$AAi?$AA?9?$AAm?$AAs?$AA?9?$AAw?$AAi?$AAn?$AA?9?$AAc?$AAo?$AAr?$AAe@ 0000000180015560     libucrt:winapi_thunks.obj
 0002:000025a0       ??_C@_1DO@FPAPJEMD@?$AAa?$AAp?$AAi?$AA?9?$AAm?$AAs?$AA?9?$AAw?$AAi?$AAn?$AA?9?$AAc?$AAo?$AAr?$AAe@ 00000001800155a0     libucrt:winapi_thunks.obj
 0002:000025e0       ??_C@_1DK@NDHNAHIO@?$AAa?$AAp?$AAi?$AA?9?$AAm?$AAs?$AA?9?$AAw?$AAi?$AAn?$AA?9?$AAc?$AAo?$AAr?$AAe@ 00000001800155e0     libucrt:winapi_thunks.obj
 0002:00002620       ??_C@_1DM@KGHDGBCM@?$AAa?$AAp?$AAi?$AA?9?$AAm?$AAs?$AA?9?$AAw?$AAi?$AAn?$AA?9?$AAc?$AAo?$AAr?$AAe@ 0000000180015620     libucrt:winapi_thunks.obj
 0002:00002660       ??_C@_1EO@IJIOEFOH@?$AAa?$AAp?$AAi?$AA?9?$AAm?$AAs?$AA?9?$AAw?$AAi?$AAn?$AA?9?$AAr?$AAt?$AAc?$AAo@ 0000000180015660     libucrt:winapi_thunks.obj
 0002:000026b0       ??_C@_1FG@HHGEKANL@?$AAa?$AAp?$AAi?$AA?9?$AAm?$AAs?$AA?9?$AAw?$AAi?$AAn?$AA?9?$AAs?$AAe?$AAc?$AAu@ 00000001800156b0     libucrt:winapi_thunks.obj
 0002:00002710       ??_C@_1EG@DBIOJECG@?$AAe?$AAx?$AAt?$AA?9?$AAm?$AAs?$AA?9?$AAw?$AAi?$AAn?$AA?9?$AAn?$AAt?$AAu?$AAs@ 0000000180015710     libucrt:winapi_thunks.obj
 0002:00002760       ??_C@_1EO@FIHMJCLF@?$AAe?$AAx?$AAt?$AA?9?$AAm?$AAs?$AA?9?$AAw?$AAi?$AAn?$AA?9?$AAn?$AAt?$AAu?$AAs@ 0000000180015760     libucrt:winapi_thunks.obj
 0002:000027b0       ??_C@_1BC@DNHGCMLG@?$AAa?$AAd?$AAv?$AAa?$AAp?$AAi?$AA3?$AA2@ 00000001800157b0     libucrt:winapi_thunks.obj
 0002:000027c8       ??_C@_1M@OAIMIKLP@?$AAn?$AAt?$AAd?$AAl?$AAl@ 00000001800157c8     libucrt:winapi_thunks.obj
 0002:000027e0       ??_C@_1EG@DPGNFKGC@?$AAa?$AAp?$AAi?$AA?9?$AAm?$AAs?$AA?9?$AAw?$AAi?$AAn?$AA?9?$AAa?$AAp?$AAp?$AAm@ 00000001800157e0     libucrt:winapi_thunks.obj
 0002:00002828       ??_C@_1O@BCCLBEOE@?$AAu?$AAs?$AAe?$AAr?$AA3?$AA2@ 0000000180015828     libucrt:winapi_thunks.obj
 0002:00002838       ??_C@_1BA@IAIFMGEF@?$AAe?$AAx?$AAt?$AA?9?$AAm?$AAs?$AA?9@ 0000000180015838     libucrt:winapi_thunks.obj
 0002:00002850       ??_C@_0BA@FHFNEAED@AreFileApisANSI@ 0000000180015850     libucrt:winapi_thunks.obj
 0002:00002890       ??_C@_0O@KKBNKAPF@LCMapStringEx@ 0000000180015890     libucrt:winapi_thunks.obj
 0002:000028a8       ??_C@_0BB@HBDEELFH@LocaleNameToLCID@ 00000001800158a8     libucrt:winapi_thunks.obj
 0002:000028c0       ??_C@_0CF@OJOFEIGO@AppPolicyGetProcessTerminationM@ 00000001800158c0     libucrt:winapi_thunks.obj
 0002:000028f0       __newctype                 00000001800158f0     libucrt:ctype.obj
 0002:00002bf0       __newclmap                 0000000180015bf0     libucrt:ctype.obj
 0002:00002d70       __newcumap                 0000000180015d70     libucrt:ctype.obj
 0002:00002ef0       _wctype                    0000000180015ef0     libucrt:ctype.obj
 0002:00003100       ?large_power_data@?1??multiply_by_power_of_ten@__crt_strtox@@YA_NAEAUbig_integer@2@I@Z@4QBIB 0000000180016100     libucrt:cfout.obj
 0002:00003a10       ?large_power_indices@?1??multiply_by_power_of_ten@__crt_strtox@@YA_NAEAUbig_integer@2@I@Z@4QBUunpack_index@?1??12@YA_N0I@Z@B 0000000180016a10     libucrt:cfout.obj
 0002:00003aa8       ?small_powers_of_ten@?1??multiply_by_power_of_ten@__crt_strtox@@YA_NAEAUbig_integer@2@I@Z@4QBIB 0000000180016aa8     libucrt:cfout.obj
 0002:00003acc       ??_C@_01GBGANLPD@0@        0000000180016acc     libucrt:cfout.obj
 0002:00003ad0       ??_C@_05DNEBIAHO@1?$CDINF@ 0000000180016ad0     libucrt:cfout.obj
 0002:00003ad8       ??_C@_06IMKFLFPG@1?$CDQNAN@ 0000000180016ad8     libucrt:cfout.obj
 0002:00003ae0       ??_C@_06PGGFOGJG@1?$CDSNAN@ 0000000180016ae0     libucrt:cfout.obj
 0002:00003ae8       ??_C@_05PHHOCPM@1?$CDIND@  0000000180016ae8     libucrt:cfout.obj
[...]
 0002:0000974c       $unwind$??$?RV<lambda_aa87e3671a710a21b5dc78c0bdf72e11>@@AEAV<lambda_92619d2358a28f41a33ba319515a20b9>@@V<lambda_6992ecaafeb10aed2b74cb1fae11a551>@@@?$__crt_seh_guarded_call@X@@QEAAX$$QEAV<lambda_aa87e3671a710a21b5dc78c0bdf72e11>@@AEAV<lambda_92619d2358a28f41a33ba319515a20b9>@@$$QEAV<lambda_6992ecaafeb10aed2b74cb1fae11a551>@@@Z 000000018001c74c     libucrt:per_thread_data.obj
 0002:00009770       $unwind$??$?RV<lambda_f2e299630e499de9f9a165e60fcd3db5>@@AEAV<lambda_2ae9d31cdba2644fcbeaf08da7c24588>@@V<lambda_40d01ff24d0e7b3814fdbdcee8eab3c7>@@@?$__crt_seh_guarded_call@X@@QEAAX$$QEAV<lambda_f2e299630e499de9f9a165e60fcd3db5>@@AEAV<lambda_2ae9d31cdba2644fcbeaf08da7c24588>@@$$QEAV<lambda_40d01ff24d0e7b3814fdbdcee8eab3c7>@@@Z 000000018001c770     libucrt:per_thread_data.obj
 0002:00009794       $unwind$??$?RV<lambda_2d41944a1d46af3157314b8a01080d33>@@AEAV<lambda_8f455de75cd7d7f24b4096f044d8b9e6>@@V<lambda_aa500f224e6afead328df44964fe2772>@@@?$__crt_seh_guarded_call@X@@QEAAX$$QEAV<lambda_2d41944a1d46af3157314b8a01080d33>@@AEAV<lambda_8f455de75cd7d7f24b4096f044d8b9e6>@@$$QEAV<lambda_aa500f224e6afead328df44964fe2772>@@@Z 000000018001c794     libucrt:per_thread_data.obj
 0002:000097b8       $unwind$__acrt_fp_format   000000018001c7b8     libucrt:cvt.obj
 0002:000097d0       $unwind$?fp_format_e_internal@@YAHQEAD_KH_NIQEAU_strflt@@2QEAU__crt_locale_pointers@@@Z 000000018001c7d0     libucrt:cvt.obj
 0002:000097e8       $unwind$?fp_format_a@@YAHQEBNPEAD_KQEAD2H_NIQEAU__crt_locale_pointers@@W4__acrt_rounding_mode@@@Z 000000018001c7e8     libucrt:cvt.obj
 0002:00009804       $unwind$__dcrt_get_narrow_environment_from_os 000000018001c804     libucrt:get_environment_from_os.obj
 0002:00009804       $unwind$?fp_format_f_internal@@YAHQEAD_KHQEAU_strflt@@_NQEAU__crt_locale_pointers@@@Z 000000018001c804     libucrt:cvt.obj
 0002:00009804       $unwind$??$__acrt_wcs_to_mbs_cp@U__crt_win32_buffer_internal_dynamic_resizing@@@@YAHQEB_WAEAV?$__crt_win32_buffer@DU__crt_win32_buffer_internal_dynamic_resizing@@@@I@Z 000000018001c804     libucrt:argv_wildcards.obj
 0002:0000981c       $unwind$?fp_format_g@@YAHQEBNQEAD_K12H_NIW4__acrt_rounding_mode@@QEAU__crt_locale_pointers@@@Z 000000018001c81c     libucrt:cvt.obj
 0002:00009830       $unwind$__acrt_uninitialize_locale 000000018001c830     libucrt:wsetlocale.obj
 0002:00009830       $unwind$__acrt_get_sigabrt_handler 000000018001c830     libucrt:signal.obj
 0002:00009838       $unwind$??$?RV<lambda_410d79af7f07d98d83a3f525b3859a53>@@AEAV<lambda_3e16ef9562a7dcce91392c22ab16ea36>@@V<lambda_38119f0e861e05405d8a144b9b982f0a>@@@?$__crt_seh_guarded_call@X@@QEAAX$$QEAV<lambda_410d79af7f07d98d83a3f525b3859a53>@@AEAV<lambda_3e16ef9562a7dcce91392c22ab16ea36>@@$$QEAV<lambda_38119f0e861e05405d8a144b9b982f0a>@@@Z 000000018001c838     libucrt:wsetlocale.obj
 0002:00009860       $unwind$__acrt_initialize_lowio 000000018001c860     libucrt:ioinit.obj
 0002:00009880       $unwind$?initialize_inherited_file_handles_nolock@@YAXXZ 000000018001c880     libucrt:ioinit.obj
 0002:0000989c       $unwind$??$__acrt_mbs_to_wcs_cp@U__crt_win32_buffer_internal_dynamic_resizing@@@@YAHQEBDAEAV?$__crt_win32_buffer@_WU__crt_win32_buffer_internal_dynamic_resizing@@@@I@Z 000000018001c89c     libucrt:argv_wildcards.obj
 0002:000098b4       $unwind$??$common_expand_argv_wildcards@D@@YAHQEAPEADQEAPEAPEAD@Z 000000018001c8b4     libucrt:argv_wildcards.obj
 0002:000098cc       $unwind$??$copy_and_add_argument_to_buffer@D@@YAHQEBD0_KAEAV?$argument_list@D@?A0x5f5c8891@@@Z 000000018001c8cc     libucrt:argv_wildcards.obj
 0002:000098e8       $unwind$??$expand_argument_wildcards@D@@YAHQEAD0AEAV?$argument_list@D@?A0x5f5c8891@@@Z 000000018001c8e8     libucrt:argv_wildcards.obj
 0002:0000990c       $unwind$__acrt_GetModuleFileNameA 000000018001c90c     libucrt:getmodulefilenamea.obj
 0002:00009928       $unwind$__dcrt_write_console 000000018001c928     libucrt:initcon.obj
 0002:00009928       $unwind$??$__acrt_wcs_to_mbs_cp@U__crt_win32_buffer_no_resizing@@@@YAHQEB_WAEAV?$__crt_win32_buffer@DU__crt_win32_buffer_no_resizing@@@@I@Z 000000018001c928     libucrt:getmodulefilenamea.obj
 0002:0000993c       $unwind$_setmbcp_nolock    000000018001c93c     libucrt:mbctype.obj
 0002:0000995c       $unwind$__dcrt_lowio_ensure_console_output_initialized 000000018001c95c     libucrt:initcon.obj
 0002:0000995c       $unwind$_isleadbyte_l      000000018001c95c     libucrt:_wctype.obj
 0002:0000995c       $unwind$?getSystemCP@@YAHH@Z 000000018001c95c     libucrt:mbctype.obj
 0002:00009964       $unwind$?update_thread_multibyte_data_internal@@YAPEAU__crt_multibyte_data@@QEAU__acrt_ptd@@QEAPEAU1@@Z 000000018001c964     libucrt:mbctype.obj
 0002:0000998c       $unwind$?setmbcp_internal@@YAHH_NQEAU__acrt_ptd@@QEAPEAU__crt_multibyte_data@@@Z 000000018001c98c     libucrt:mbctype.obj
 0002:0000999c       $unwind$?setSBUpLow@@YAXPEAU__crt_multibyte_data@@@Z 000000018001c99c     libucrt:mbctype.obj
 0002:000099b8       $unwind$??$?RV<lambda_efdfa57d1f175319df784efa44bb7b81>@@AEAV<lambda_5f0a4c1567f8adc6734073e5d1e1b35c>@@V<lambda_2e8a7d3640ea6ccb4c2413664c2db6fd>@@@?$__crt_seh_guarded_call@X@@QEAAX$$QEAV<lambda_efdfa57d1f175319df784efa44bb7b81>@@AEAV<lambda_5f0a4c1567f8adc6734073e5d1e1b35c>@@$$QEAV<lambda_2e8a7d3640ea6ccb4c2413664c2db6fd>@@@Z 000000018001c9b8     libucrt:mbctype.obj
 0002:000099dc       $unwind$?x_ismbbtype_l@@YAHPEAU__crt_locale_pointers@@IHH@Z 000000018001c9dc     libucrt:ismbbyte.obj
 0002:000099ec       $unwind$__acrt_WideCharToMultiByte 000000018001c9ec     libucrt:widechartomultibyte.obj
 0002:000099f8       $unwind$__acrt_initialize_winapi_thunks 000000018001c9f8     libucrt:winapi_thunks.obj
 0002:00009a00       $unwind$_query_new_handler 000000018001ca00     libucrt:new_handler.obj
 0002:00009a20       $unwind$raise              000000018001ca20     libucrt:signal.obj
 0002:00009a5c       $unwind$??$?RV<lambda_450d765d439847d4c735a33c368b5fc0>@@AEAV<lambda_44731a7d0e6d81c3e6aa82d741081786>@@V<lambda_601a2a7da3b7a96e9554ac7215c4b07c>@@@?$__crt_seh_guarded_call@P6AXH@Z@@QEAAP6AXH@Z$$QEAV<lambda_450d765d439847d4c735a33c368b5fc0>@@AEAV<lambda_44731a7d0e6d81c3e6aa82d741081786>@@$$QEAV<lambda_601a2a7da3b7a96e9554ac7215c4b07c>@@@Z 000000018001ca5c     libucrt:signal.obj
 0002:00009a80       $unwind$?common_flush_all@@YAH_N@Z 000000018001ca80     libucrt:fflush.obj
 0002:00009a88       $unwind$??$?RV<lambda_842d9ff0dc9ef11c61343bbaebe7f885>@@AEAV<lambda_c5860995281e5c4ce005b3de8f5874ee>@@V<lambda_d90129c13df834fdcbf8d2b88dafcf2d>@@@?$__crt_seh_guarded_call@X@@QEAAX$$QEAV<lambda_842d9ff0dc9ef11c61343bbaebe7f885>@@AEAV<lambda_c5860995281e5c4ce005b3de8f5874ee>@@$$QEAV<lambda_d90129c13df834fdcbf8d2b88dafcf2d>@@@Z 000000018001ca88     libucrt:fflush.obj
 0002:00009aac       $unwind$??$?RV<lambda_886d6c58226a84441f68b9f2b8217b83>@@AEAV<lambda_ab61a845afdef5b7c387490eaf3616ee>@@V<lambda_f7f22ab5edc0698d5f6905b0d3f44752>@@@?$__crt_seh_guarded_call@X@@QEAAX$$QEAV<lambda_886d6c58226a84441f68b9f2b8217b83>@@AEAV<lambda_ab61a845afdef5b7c387490eaf3616ee>@@$$QEAV<lambda_f7f22ab5edc0698d5f6905b0d3f44752>@@@Z 000000018001caac     libucrt:fflush.obj
 0002:00009ad4       $unwind$iswctype           000000018001cad4     libucrt:iswctype.obj
 0002:00009ae0       $unwind$?__mbrtowc_utf8@__crt_mbstring@@YA_KPEA_WPEBD_KPEAU_Mbstatet@@@Z 000000018001cae0     libucrt:mbrtowc.obj
 0002:00009ae8       $unwind$?__mbsrtowcs_utf8@__crt_mbstring@@YA_KPEA_WPEAPEBD_KPEAU_Mbstatet@@@Z 000000018001cae8     libucrt:mbrtowc.obj
 0002:00009b00       $unwind$__acrt_update_thread_locale_data 000000018001cb00     libucrt:locale_refcounting.obj
 0002:00009b24       $unwind$__acrt_fltout      000000018001cb24     libucrt:cfout.obj
 0002:00009b44       $unwind$?divide@__crt_strtox@@YA_KAEAUbig_integer@1@AEBU21@@Z 000000018001cb44     libucrt:cfout.obj
 0002:00009b5c       $chain$0$?divide@__crt_strtox@@YA_KAEAUbig_integer@1@AEBU21@@Z 000000018001cb5c     libucrt:cfout.obj
 0002:00009b70       $chain$1$?divide@__crt_strtox@@YA_KAEAUbig_integer@1@AEBU21@@Z 000000018001cb70     libucrt:cfout.obj
 0002:00009b80       $unwind$_fcloseall         000000018001cb80     libucrt:closeall.obj
 0002:00009ba4       $unwind$__acrt_locale_free_monetary 000000018001cba4     libucrt:initmon.obj
 0002:00009bac       $unwind$__acrt_locale_free_time 000000018001cbac     libucrt:inittime.obj
 0002:00009bbc       $unwind$__acrt_GetStringTypeA 000000018001cbbc     libucrt:getstringtypea.obj
 0002:00009be4       $unwind$_free_osfhnd       000000018001cbe4     libucrt:osfinfo.obj
 0002:00009bf8       $unwind$__acrt_lowio_destroy_handle_array 000000018001cbf8     libucrt:osfinfo.obj
 0002:00009c08       $unwind$__acrt_lowio_ensure_fh_exists 000000018001cc08     libucrt:osfinfo.obj
 0002:00009c34       $unwind$qsort              000000018001cc34     libucrt:qsort.obj
 0002:00009c4c       $chain$4$qsort             000000018001cc4c     libucrt:qsort.obj
 0002:00009c70       $chain$5$qsort             000000018001cc70     libucrt:qsort.obj
 0002:00009c80       $unwind$strpbrk            000000018001cc80     libucrt:strpbrk.obj
 0002:00009c90       $unwind$fallbackMethod     000000018001cc90     libucrt:strpbrk.obj
 0002:00009ca0       $unwind$__acrt_LCMapStringA 000000018001cca0     libucrt:lcmapstringa.obj
 0002:00009cb0       $unwind$?__acrt_LCMapStringA_stat@@YAHPEAU__crt_locale_pointers@@PEB_WKPEBDHPEADHHH@Z 000000018001ccb0     libucrt:lcmapstringa.obj
 0002:00009cd8       $unwind$_close             000000018001ccd8     libucrt:close.obj
 0002:00009cd8       $unwind$_commit            000000018001ccd8     libucrt:commit.obj
 0002:00009ce0       $unwind$??$?RV<lambda_a37b2b86f63e897a80ea819b0eb08c01>@@AEAV<lambda_38ce7e780aa69e748d6df282ebc68efe>@@V<lambda_99fb1378e971ab6e7edea83e3a7a83a2>@@@?$__crt_seh_guarded_call@H@@QEAAH$$QEAV<lambda_a37b2b86f63e897a80ea819b0eb08c01>@@AEAV<lambda_38ce7e780aa69e748d6df282ebc68efe>@@$$QEAV<lambda_99fb1378e971ab6e7edea83e3a7a83a2>@@@Z 000000018001cce0     libucrt:commit.obj
 0002:00009d04       $unwind$_write             000000018001cd04     libucrt:write.obj
 0002:00009d34       $unwind$_write_nolock      000000018001cd34     libucrt:write.obj
 0002:00009d4c       $unwind$?write_double_translated_ansi_nolock@@YA?AUwrite_result@?A0x17268360@@HQEBDI@Z 000000018001cd4c     libucrt:write.obj
 0002:00009d70       $unwind$?write_text_ansi_nolock@@YA?AUwrite_result@?A0x17268360@@HQEBDI@Z 000000018001cd70     libucrt:write.obj
 0002:00009d70       $unwind$?write_text_utf16le_nolock@@YA?AUwrite_result@?A0x17268360@@HQEBDI@Z 000000018001cd70     libucrt:write.obj
 0002:00009d90       $unwind$?write_text_utf8_nolock@@YA?AUwrite_result@?A0x17268360@@HQEBDI@Z 000000018001cd90     libucrt:write.obj
 0002:00009db4       $unwind$?__mbrtoc32_utf8@__crt_mbstring@@YA_KPEA_UPEBD_KPEAU_Mbstatet@@@Z 000000018001cdb4     libucrt:mbrtoc32.obj
 0002:00009dd0       $xdatasym                  000000018001cdd0     libucrt:log10.obj
 0002:00009ddc       $unwind$__acrt_fenv_set_control 000000018001cddc     libucrt:_fenvutils.obj
 0002:00009dec       $unwind$fclose             000000018001cdec     libucrt:fclose.obj
 0002:00009e10       $unwind$_putwch_nolock     000000018001ce10     libucrt:putwch.obj
 0002:00009e18       $unwind$common_control87   000000018001ce18     libucrt:ieee.obj
 0002:00009e44       $unwind$_call_matherr      000000018001ce44     libucrt:libm_error.obj
 0002:00009e4c       $unwind$_handle_error      000000018001ce4c     libucrt:libm_error.obj
 0002:00009e6c       $unwind$__acrt_initialize_fma3 000000018001ce6c     libucrt:fma3_available.obj
 0002:00009e74       $unwind$_log_special_common 000000018001ce74     libucrt:log_special.obj
 0002:00009e80       $unwind$??$?RV<lambda_751a882b2c74d4b022dec766aa51a29a>@@AEAV<lambda_628dfdc04ba53c8bfc02c9951375f3f5>@@V<lambda_f6c7be5f7998530c34de24c7437d6b54>@@@?$__crt_seh_guarded_call@H@@QEAAH$$QEAV<lambda_751a882b2c74d4b022dec766aa51a29a>@@AEAV<lambda_628dfdc04ba53c8bfc02c9951375f3f5>@@$$QEAV<lambda_f6c7be5f7998530c34de24c7437d6b54>@@@Z 000000018001ce80     libucrt:close.obj
 0002:00009ea8       $xdatasym                  000000018001cea8     libucrt:fpsr.obj
 0002:00009eb0       $unwind$_raise_exc         000000018001ceb0     libucrt:fpexcept.obj
 0002:00009eb8       $unwind$_raise_exc_ex      000000018001ceb8     libucrt:fpexcept.obj
 0002:00009ecc       $unwind$_ctrlfp            000000018001cecc     libucrt:fpctrl.obj
 0002:00009ef4       $unwind$_IsNonwritableInCurrentImage 000000018001cef4     LIBCMT:pesect.obj
 0002:00009f18       $xdatasym                  000000018001cf18     LIBCMT:chkstk.obj
 0002:00009f20       $xdatasym                  000000018001cf20     libvcruntime:memcmp.obj
 0002:00009f30       .edata                     000000018001cf30     ico.exp
 0002:00009f58       rgpv                       000000018001cf58     ico.exp
 0002:00009f6c       rgszName                   000000018001cf6c     ico.exp
 0002:00009f80       rgwOrd                     000000018001cf80     ico.exp
 0002:00009f8a       szName                     000000018001cf8a     ico.exp
 0002:00009f92       $N00001                    000000018001cf92     ico.exp
 0002:00009f9d       $N00002                    000000018001cf9d     ico.exp
 0002:00009fa6       $N00003                    000000018001cfa6     ico.exp
 0002:00009faf       $N00004                    000000018001cfaf     ico.exp
 0002:00009fb8       $N00005                    000000018001cfb8     ico.exp
 0002:0000a320       .idata$6                   000000018001d320     kernel32:KERNEL32.dll
 0002:0000a352       .idata$6                   000000018001d352     ole32:ole32.dll
 0002:0000a424       .idata$6                   000000018001d424     gdiplus:gdiplus.dll
 0003:00000030       ?__vcrt_flsindex@@3KA      000000018001e030     libvcruntime:per_thread_data.obj
 0003:00000050       ?errno_no_memory@@3HA      000000018001e050     libucrt:errno.obj
 0003:00000054       ?doserrno_no_memory@@3KA   000000018001e054     libucrt:errno.obj
 0003:00000058       ?__acrt_flsindex@@3KA      000000018001e058     libucrt:per_thread_data.obj
 0003:00000510       _mbctypes                  000000018001e510     libucrt:mbctype.obj
 0003:00000620       _mbcasemaps                000000018001e620     libucrt:mbctype.obj
 0003:00000720       ?__rgctypeflag@@3PADA      000000018001e720     libucrt:mbctype.obj
 0003:00000730       ?__rgcode_page_info@@3PAUcode_page_info@@A 000000018001e730     libucrt:mbctype.obj
 0003:000009d0       ?dazSupported@?1??common_control87@@9@9 000000018001e9d0     libucrt:ieee.obj
 0003:000009e0       ?__dcrt_lowio_console_output_handle@@3PEAXEA 000000018001e9e0     libucrt:initcon.obj
 0003:000009f0       ?dazSupported@?1??_ctrlfp@@9@9 000000018001e9f0     libucrt:fpctrl.obj
 0003:00000b50       ?gHeapInit@?A0x8f3601b8@@3U?$atomic@H@std@@A 000000018001eb50     common-kernel64:Memory.obj
 0003:00000b54       ?gHeapCounter@?A0x8f3601b8@@3U?$atomic@H@std@@A 000000018001eb54     common-kernel64:Memory.obj
 0003:00000b58       ?ghHeap@?A0x8f3601b8@@3PEAXEA 000000018001eb58     common-kernel64:Memory.obj
 0003:00000b60       ?__proc_attached@@3HA      000000018001eb60     LIBCMT:dll_dllmain.obj
 0003:00000b70       GS_ExceptionRecord         000000018001eb70     LIBCMT:gs_report.obj
 0003:00000c10       GS_ContextRecord           000000018001ec10     LIBCMT:gs_report.obj
 0003:00001108       ?is_initialized_as_dll@@3_NA 000000018001f108     LIBCMT:utility.obj
 0003:00001109       ?module_local_atexit_table_initialized@@3_NA 000000018001f109     LIBCMT:utility.obj
 0003:00001110       ?module_local_atexit_table@@3U_onexit_table_t@@A 000000018001f110     LIBCMT:utility.obj
 0003:00001128       ?module_local_at_quick_exit_table@@3U_onexit_table_t@@A 000000018001f128     LIBCMT:utility.obj
 0003:000011a0       ?heap@@3V_HeapManager@@A   000000018001f1a0     libvcruntime:undname.obj
 0003:000011d0       ?__vcrt_startup_thread_ptd@@3U__vcrt_ptd@@A 000000018001f1d0     libvcruntime:per_thread_data.obj
 0003:00001250       __vcrt_lock_table          000000018001f250     libvcruntime:locks.obj
 0003:00001278       __vcrt_locks_initialized   000000018001f278     libvcruntime:locks.obj
 0003:00001280       ?module_handles@@3PAPEAUHINSTANCE__@@A 000000018001f280     libvcruntime:winapi_downlevel.obj
 0003:00001298       ?function_pointers@@3PAPEAXA 000000018001f298     libvcruntime:winapi_downlevel.obj
 0003:000012c8       ?c_termination_complete@@3JA 000000018001f2c8     libucrt:exit.obj
 0003:000012d0       ?thread_local_exit_callback_func@@3P6AXPEAXK0@ZEA 000000018001f2d0     libucrt:exit.obj
 0003:000012e0       ?program_name@?1???$common_configure_argv@D@@YAHW4_crt_argv_mode@@@Z@4PADA 000000018001f2e0     libucrt:argv_parsing.obj
 0003:00001438       ?__acrt_invalid_parameter_handler@@3V?$dual_state_global@P6AXPEB_W00I_K@Z@__crt_state_management@@A 000000018001f438     libucrt:invalid_parameter.obj
 0003:00001440       ?internal_state@?1??_mbtowc_l@@9@4U_Mbstatet@@A 000000018001f440     libucrt:mbtowc.obj
 0003:00001458       ?enable_percent_n@@3_KA    000000018001f458     libucrt:printf_count_output.obj
 0003:00001890       ?__acrt_lock_table@@3PAU_RTL_CRITICAL_SECTION@@A 000000018001f890     libucrt:locks.obj
 0003:00001ac0       ?__acrt_locks_initialized@@3IA 000000018001fac0     libucrt:locks.obj
 0003:00001ae0       ?fSystemSet@@3HA           000000018001fae0     libucrt:mbctype.obj
 0003:00001ae4       ?initialized@?1??__acrt_initialize_multibyte@@9@4_NA 000000018001fae4     libucrt:mbctype.obj
 0003:00001b20       ?module_handles@@3PAPEAUHINSTANCE__@@A 000000018001fb20     libucrt:winapi_thunks.obj
 0003:00001bc0       ?encoded_function_pointers@@3PAPEAXA 000000018001fbc0     libucrt:winapi_thunks.obj
 0003:00001cd8       ?__acrt_new_handler@@3V?$dual_state_global@P6AH_K@Z@__crt_state_management@@A 000000018001fcd8     libucrt:new_handler.obj
 0003:00001ce0       ?ctrlc_action@@3V?$dual_state_global@P6AXH@Z@__crt_state_management@@A 000000018001fce0     libucrt:signal.obj
 0003:00001ce8       ?ctrlbreak_action@@3V?$dual_state_global@P6AXH@Z@__crt_state_management@@A 000000018001fce8     libucrt:signal.obj
 0003:00001cf0       ?abort_action@@3V?$dual_state_global@P6AXH@Z@__crt_state_management@@A 000000018001fcf0     libucrt:signal.obj
 0003:00001cf8       ?term_action@@3V?$dual_state_global@P6AXH@Z@__crt_state_management@@A 000000018001fcf8     libucrt:signal.obj
 0003:00001d00       ?user_matherr@@3V?$dual_state_global@P6AHPEAU_exception@@@Z@__crt_state_management@@A 000000018001fd00     libucrt:matherr.obj
 0003:00001d08       ?__acrt_global_new_mode@@3V?$dual_state_global@J@__crt_state_management@@A 000000018001fd08     libucrt:new_mode.obj
 0003:00001d18       ?internal_pst@?1??__mbrtoc32_utf8@__crt_mbstring@@YA_KPEA_UPEBD_KPEAU_Mbstatet@@@Z@4U3@A 000000018001fd18     libucrt:mbrtoc32.obj
 0003:00001d20       ?__acrt_app_type@@3W4_crt_app_type@@A 000000018001fd20     libucrt:report_runtime_error.obj
 0005:00000000       MoveSmall                  0000000180022000     libvcruntime:memcpy.obj
 0005:00000040       MoveSmallYmm               0000000180022040     libvcruntime:memcpy.obj
 0005:00000064       MoveSmallYmmNT             0000000180022064     libvcruntime:memcpy.obj
 0005:00000088       MoveSmallXmm               0000000180022088     libvcruntime:memcpy.obj
 0005:000000b0       MsetTab                    00000001800220b0     libvcruntime:memset.obj
 0006:000000a0       $R000000                   00000001800230a0     ico.res
 0006:000003a8       $R000308                   00000001800233a8     ico.res
