 ConEmuBg.x64

 Timestamp is 64bdb28f (Mon Jul 24 01:06:55 2023)

 Preferred load address is 0000000180000000

 Start         Length     Name                   Class
 0001:00000000 0001c2a0H .text$mn                CODE
 0001:0001c2a0 00000040H .text$mn$00             CODE
 0001:0001c2e0 000004e0H .text$x                 CODE
 0002:00000000 00000448H .idata$5                DATA
 0002:00000448 00000028H .00cfg                  DATA
 0002:00000470 00000008H .CRT$XCA                DATA
 0002:00000478 00000008H .CRT$XCZ                DATA
 0002:00000480 00000008H .CRT$XIA                DATA
 0002:00000488 00000018H .CRT$XIC                DATA
 0002:000004a0 00000008H .CRT$XIZ                DATA
 0002:000004a8 00000008H .CRT$XLA                DATA
 0002:000004b0 00000008H .CRT$XLZ                DATA
 0002:000004b8 00000008H .CRT$XPA                DATA
 0002:000004c0 00000010H .CRT$XPX                DATA
 0002:000004d0 00000008H .CRT$XPXA               DATA
 0002:000004d8 00000008H .CRT$XPZ                DATA
 0002:000004e0 00000008H .CRT$XTA                DATA
 0002:000004e8 00000008H .CRT$XTZ                DATA
 0002:000004f0 00000000H .gehcont$y              DATA
 0002:000004f0 00000000H .gfids$y                DATA
 0002:000004f0 00009a90H .rdata                  DATA
 0002:00009f80 00000000H .rdata$CastGuardVftablesA DATA
 0002:00009f80 00000000H .rdata$CastGuardVftablesC DATA
 0002:00009f80 00000028H .rdata$T                DATA
 0002:00009fa8 00000304H .rdata$r                DATA
 0002:0000a2ac 00000068H .rdata$voltmd           DATA
 0002:0000a314 000003ccH .rdata$zzzdbg           DATA
 0002:0000a6e0 00000008H .rtc$IAA                DATA
 0002:0000a6e8 00000008H .rtc$IZZ                DATA
 0002:0000a6f0 00000008H .rtc$TAA                DATA
 0002:0000a6f8 00000008H .rtc$TZZ                DATA
 0002:0000a700 00000001H .tls                    DATA
 0002:0000a701 00000007H .tls$ZZZ                DATA
 0002:0000a708 000013d8H .xdata                  DATA
 0002:0000bae0 00000090H .xdata$x                DATA
 0002:0000bb70 00000190H .edata                  DATA
 0002:0000bd00 00000078H .idata$2                DATA
 0002:0000bd78 00000018H .idata$3                DATA
 0002:0000bd90 00000448H .idata$4                DATA
 0002:0000c1d8 000009a6H .idata$6                DATA
 0003:00000000 00002410H .data                   DATA
 0003:00002410 00000050H .data$r                 DATA
 0003:00002460 000000b0H .data$rs                DATA
 0003:00002510 0000a428H .bss                    DATA
 0004:00000000 00001764H .pdata                  DATA
 0005:00000000 000000f4H _RDATA                  DATA
 0006:00000000 000000a0H .rsrc$01                DATA
 0006:000000a0 000004a0H .rsrc$02                DATA

  Address         Publics by Value              Rva+Base               Lib:Object

 0000:00000000       ___safe_se_handler_table   0000000000000000     <absolute>
 0000:00000000       __guard_longjmp_table      0000000000000000     <absolute>
 0000:00000000       __x64_code_ranges_to_entry_points 0000000000000000     <absolute>
 0000:00000000       __arm64x_redirection_metadata 0000000000000000     <absolute>
 0000:00000000       __guard_fids_count         0000000000000000     <absolute>
 0000:00000000       __guard_iat_table          0000000000000000     <absolute>
 0000:00000000       __arm64x_extra_rfe_table   0000000000000000     <absolute>
 0000:00000000       __guard_iat_count          0000000000000000     <absolute>
 0000:00000000       __guard_longjmp_count      0000000000000000     <absolute>
 0000:00000000       __dynamic_value_reloc_table 0000000000000000     <absolute>
 0000:00000000       __hybrid_code_map          0000000000000000     <absolute>
 0000:00000000       __x64_code_ranges_to_entry_points_count 0000000000000000     <absolute>
 0000:00000000       __hybrid_auxiliary_iat     0000000000000000     <absolute>
 0000:00000000       __arm64x_extra_rfe_table_size 0000000000000000     <absolute>
 0000:00000000       __hybrid_auxiliary_iat_copy 0000000000000000     <absolute>
 0000:00000000       ___safe_se_handler_count   0000000000000000     <absolute>
 0000:00000000       __AbsoluteZero             0000000000000000     <absolute>
 0000:00000000       __guard_check_icall_a64n_fptr 0000000000000000     <absolute>
 0000:00000000       __guard_eh_cont_count      0000000000000000     <absolute>
 0000:00000000       __guard_fids_table         0000000000000000     <absolute>
 0000:00000000       __arm64x_redirection_metadata_count 0000000000000000     <absolute>
 0000:00000000       __enclave_config           0000000000000000     <absolute>
 0000:00000000       __guard_eh_cont_table      0000000000000000     <absolute>
 0000:00000000       __arm64x_native_entrypoint 0000000000000000     <absolute>
 0000:00000000       __hybrid_code_map_count    0000000000000000     <absolute>
 0000:00000100       __guard_flags              0000000000000100     <absolute>
 0000:00000000       __ImageBase                0000000180000000     <linker-defined>
 0001:00000000       ?ExitFARW3@@YAXPEAX@Z      0000000180001000 f   ConEmuBg.obj
 0001:00000000       ExitFARW                   0000000180001000 f   ConEmuBg.obj
 0001:00000038       ?ConfigureW3@@YAHPEAX@Z    0000000180001038 f   ConEmuBg.obj
 0001:00000068       ConfigureW                 0000000180001068 f   ConEmuBg.obj
 0001:00000098       ??$SafeDelete@UMSectionSimple@@@@YAXAEAPEAUMSectionSimple@@@Z 0000000180001098 f i ConEmuBg.obj
 0001:000000e0       ??$swprintf_c@$0IA@@@YAHAEAY0IA@_WPEB_WZZ 00000001800010e0 f i ConEmuBg.obj
 0001:0000010c       ??$wcscpy_c@$0BAE@@@YAHAEAY0BAE@_WPEB_W@Z 000000018000110c f i ConEmuBg.obj
 0001:00000158       ??1MStream@@UEAA@XZ        0000000180001158 f i ConEmuBg.obj
 0001:000001b0       ??_EMStream@@UEAAPEAXI@Z   00000001800011b0 f i ConEmuBg.obj
 0001:000001b0       ??_GMStream@@UEAAPEAXI@Z   00000001800011b0 f i ConEmuBg.obj
 0001:00000228       ?AddRef@MStream@@UEAAKXZ   0000000180001228 f i ConEmuBg.obj
 0001:000003a4       ?CheckXmlFile@@YA_N_N@Z    00000001800013a4 f   ConEmuBg.obj
 0001:0000086c       ?LockRegion@MStream@@UEAAJT_ULARGE_INTEGER@@0K@Z 000000018000186c f i ConEmuBg.obj
 0001:0000086c       ?Revert@MStream@@UEAAJXZ   000000018000186c f i ConEmuBg.obj
 0001:0000086c       ?UnlockRegion@MStream@@UEAAJT_ULARGE_INTEGER@@0K@Z 000000018000186c f i ConEmuBg.obj
 0001:0000086c       ?CopyTo@MStream@@UEAAJPEAUIStream@@T_ULARGE_INTEGER@@PEAT3@2@Z 000000018000186c f i ConEmuBg.obj
 0001:0000086c       ?Clone@MStream@@UEAAJPEAPEAUIStream@@@Z 000000018000186c f i ConEmuBg.obj
 0001:00000874       ?Close@CachedImage@@QEAAXXZ 0000000180001874 f i ConEmuBg.obj
 0001:00000904       ?Close@GDIPlusDecoder@@QEAAXXZ 0000000180001904 f i ConEmuBg.obj
 0001:000009e0       ?Commit@MStream@@UEAAJK@Z  00000001800019e0 f i ConEmuBg.obj
 0001:000009ec       ?CompareNames@@YA_NPEB_WPEA_W@Z 00000001800019ec f   ConEmuBg.obj
 0001:00000b2c       ?ExitPlugin@@YAXXZ         0000000180001b2c f   ConEmuBg.obj
 0001:00000b84       ?FMatch@@YA_NPEB_WPEA_W@Z  0000000180001b84 f   ConEmuBg.obj
 0001:00000cdc       ?FillPanelParams@@YAHPEAUPaintBackgroundArg@@PEAUBkPanelInfo@@PEAUDrawInfo@@@Z 0000000180001cdc f   ConEmuBg.obj
 0001:00001dcc       ?FormatSize@@YAXT_ULARGE_INTEGER@@PEA_W@Z 0000000180002dcc f   ConEmuBg.obj
 0001:00001ee0       ?FreeThreadProc@GDIPlusDecoder@@SAKPEAX@Z 0000000180002ee0 f i ConEmuBg.obj
 0001:00001f00       ?GdipDone@@YAXXZ           0000000180002f00 f   ConEmuBg.obj
 0001:00002018       ?GdipInit@@YA_NXZ          0000000180003018 f   ConEmuBg.obj
 0001:000020d8       ?GetImage@GDIPlusDecoder@@QEAAPEAUCachedImage@@PEB_W@Z 00000001800030d8 f i ConEmuBg.obj
 0001:00002620       ?GetMsgW@@YAPEB_WH@Z       0000000180003620 f   ConEmuBg.obj
 0001:00002654       ?GetPluginInfoWcmn@@YAXPEAX@Z 0000000180003654 f   ConEmuBg.obj
 0001:00002678       ?GetStatusLineCount@@YAHPEAUPaintBackgroundArg@@H@Z 0000000180003678 f   ConEmuBg.obj
 0001:00002898       ?HSV2RGB@@YAXAEBUHSVColor@@AEAURGBColor@@@Z 0000000180003898 f   ConEmuBg.obj
 0001:00002c7c       ?Init@CachedImage@@QEAA_NPEB_WPEAUHDC__@@IIQEAU2@@Z 0000000180003c7c f i ConEmuBg.obj
 0001:00002da4       ?Init@GDIPlusDecoder@@QEAA_NXZ 0000000180003da4 f i ConEmuBg.obj
 0001:000030a0       ?LoadFarVersion@@YAHXZ     00000001800040a0 f   ConEmuBg.obj
 0001:0000343c       ?OnConEmuLoaded@@YAXPEAUConEmuLoadedArg@@@Z 000000018000443c f   ConEmuBg.obj
 0001:00003470       ?OpenPluginWcmn@@YAPEAXH_J@Z 0000000180004470 f   ConEmuBg.obj
 0001:0000349c       ?OpenW@@YAPEAXPEBX@Z       000000018000449c f   ConEmuBg.obj
 0001:000034cc       ?PaintConEmuBackground@@YAHPEAUPaintBackgroundArg@@@Z 00000001800044cc f   ConEmuBg.obj
 0001:00003620       ?PaintPanel@@YAHPEAUPaintBackgroundArg@@HAEAKAEAH@Z 0000000180004620 f   ConEmuBg.obj
 0001:00004668       ?QueryInterface@MStream@@UEAAJAEBU_GUID@@PEAPEAX@Z 0000000180005668 f i ConEmuBg.obj
 0001:000046d0       ?RGB2HSV@@YAXAEBURGBColor@@AEAUHSVColor@@@Z 00000001800056d0 f   ConEmuBg.obj
 0001:000047c8       ?Read@MStream@@UEAAJPEAXKPEAK@Z 00000001800057c8 f i ConEmuBg.obj
 0001:0000483c       ?Release@MStream@@UEAAKXZ  000000018000583c f i ConEmuBg.obj
 0001:0000486c       ?ReportFail@@YAXPEB_W@Z    000000018000586c f   ConEmuBg.obj
 0001:00004954       ?Seek@MStream@@UEAAJT_LARGE_INTEGER@@KPEAT_ULARGE_INTEGER@@@Z 0000000180005954 f i ConEmuBg.obj
 0001:000049b8       ?SetSize@MStream@@UEAAJT_ULARGE_INTEGER@@@Z 00000001800059b8 f i ConEmuBg.obj
 0001:00004a64       ?SettingsLoad@@YAXXZ       0000000180005a64 f   ConEmuBg.obj
 0001:00004ad8       ?SettingsLoadReg@@YAXPEB_W@Z 0000000180005ad8 f   ConEmuBg.obj
 0001:00004c94       ?SettingsSave@@YAXXZ       0000000180005c94 f   ConEmuBg.obj
 0001:00004cc4       ?SettingsSaveReg@@YAXPEB_W@Z 0000000180005cc4 f   ConEmuBg.obj
 0001:00004db0       ?StartPlugin@@YAXH@Z       0000000180005db0 f   ConEmuBg.obj
 0001:00004ef8       ?Stat@MStream@@UEAAJPEAUtagSTATSTG@@K@Z 0000000180005ef8 f i ConEmuBg.obj
 0001:00004f74       ?StringCchCatW@@YAJPEA_W_KPEB_W@Z 0000000180005f74 f i ConEmuBg.obj
 0001:00005030       ?StringCchCopyW@@YAJPEA_W_KPEB_W@Z 0000000180006030 f i ConEmuBg.obj
 0001:0000509c       ?StringCchVPrintfW@@YAJPEA_W_KPEB_WPEAD@Z 000000018000609c f i ConEmuBg.obj
 0001:00005140       ?WasXmlLoaded@@YA_NXZ      0000000180006140 f   ConEmuBg.obj
 0001:0000514c       ?Write@MStream@@UEAAJPEBXKPEAK@Z 000000018000614c f i ConEmuBg.obj
 0001:00005214       DllMain                    0000000180006214 f   ConEmuBg.obj
 0001:00005264       GetMinFarVersionW          0000000180006264 f   ConEmuBg.obj
 0001:0000526c       SetStartupInfoW            000000018000626c f   ConEmuBg.obj
 0001:000052cc       __local_stdio_printf_options 00000001800062cc f i ConEmuBg.obj
 0001:000055ec       ?ConfigureW1900@@YAHH@Z    00000001800065ec f   ConEmuBg1900.obj
 0001:00005600       ?ExitFARW1900@@YAXXZ       0000000180006600 f   ConEmuBg1900.obj
 0001:0000563c       ?FMatchW1900@@YA_NPEB_WPEA_W@Z 000000018000663c f   ConEmuBg1900.obj
 0001:00005660       ?GetMsgW1900@@YAPEB_WH@Z   0000000180006660 f   ConEmuBg1900.obj
 0001:0000568c       ?GetPluginInfoW1900@@YAXPEAX@Z 000000018000668c f   ConEmuBg1900.obj
 0001:00005714       ?OpenW1900@@YAPEAXPEBX@Z   0000000180006714 f   ConEmuBg1900.obj
 0001:00005714       ?OpenW2800@@YAPEAXPEBX@Z   0000000180006714 f   ConEmuBg2800.obj
 0001:0000572c       ?SetStartupInfoW1900@@YAXPEAX@Z 000000018000672c f   ConEmuBg1900.obj
 0001:00005878       ?SettingsLoadW1900@@YAXXZ  0000000180006878 f   ConEmuBg1900.obj
 0001:00005a30       ?SettingsSaveW1900@@YAXXZ  0000000180006a30 f   ConEmuBg1900.obj
 0001:00005ea4       ?ConfigureW2800@@YAHH@Z    0000000180006ea4 f   ConEmuBg2800.obj
 0001:00005eb8       ?ExitFARW2800@@YAXXZ       0000000180006eb8 f   ConEmuBg2800.obj
 0001:00005ef4       ?FMatchW2800@@YA_NPEB_WPEA_W@Z 0000000180006ef4 f   ConEmuBg2800.obj
 0001:00005f18       ?GetMsgW2800@@YAPEB_WH@Z   0000000180006f18 f   ConEmuBg2800.obj
 0001:00005f44       ?GetPluginInfoW2800@@YAXPEAX@Z 0000000180006f44 f   ConEmuBg2800.obj
 0001:00005fcc       ?SetStartupInfoW2800@@YAXPEAX@Z 0000000180006fcc f   ConEmuBg2800.obj
 0001:00006118       ?SettingsLoadW2800@@YAXXZ  0000000180007118 f   ConEmuBg2800.obj
 0001:000062dc       ?SettingsSaveW2800@@YAXXZ  00000001800072dc f   ConEmuBg2800.obj
 0001:00006434       GetGlobalInfoW             0000000180007434 f   ConEmuBg2800.obj
 0001:000067d4       ?ConfigureW995@@YAHH@Z     00000001800077d4 f   ConEmuBg995.obj
 0001:000067e8       ?ExitFARW995@@YAXXZ        00000001800077e8 f   ConEmuBg995.obj
 0001:0000683c       ?FMatchW995@@YA_NPEB_WPEA_W@Z 000000018000783c f   ConEmuBg995.obj
 0001:00006860       ?GetMsgW995@@YAPEB_WH@Z    0000000180007860 f   ConEmuBg995.obj
 0001:00006888       ?GetPluginInfoW995@@YAXPEAX@Z 0000000180007888 f   ConEmuBg995.obj
 0001:000068fc       ?SetStartupInfoW995@@YAXPEAX@Z 00000001800078fc f   ConEmuBg995.obj
 0001:00006a98       ?SettingsLoadW995@@YAXXZ   0000000180007a98 f   ConEmuBg995.obj
 0001:00006aa4       ?SettingsSaveW995@@YAXXZ   0000000180007aa4 f   ConEmuBg995.obj
 0001:00006ab0       OpenPluginW                0000000180007ab0 f   ConEmuBg995.obj
 0001:00006e54       ?FMatchA@@YA_NPEBDPEAD@Z   0000000180007e54 f   ConEmuBgA.obj
 0001:00006e74       ?SettingsLoadA@@YAXXZ      0000000180007e74 f   ConEmuBgA.obj
 0001:00006e80       ?SettingsSaveA@@YAXXZ      0000000180007e80 f   ConEmuBgA.obj
 0001:00006e8c       Configure                  0000000180007e8c f   ConEmuBgA.obj
 0001:00006ea0       ExitFAR                    0000000180007ea0 f   ConEmuBgA.obj
 0001:00006efc       GetMinFarVersion           0000000180007efc f   ConEmuBgA.obj
 0001:00006f24       GetPluginInfo              0000000180007f24 f   ConEmuBgA.obj
 0001:00006fb0       OpenPlugin                 0000000180007fb0 f   ConEmuBgA.obj
 0001:00006fd0       SetStartupInfo             0000000180007fd0 f   ConEmuBgA.obj
 0001:00007191       GetFileVersionInfoSizeW    0000000180008191 f   version:VERSION.dll
 0001:00007197       GetFileVersionInfoW        0000000180008197 f   version:VERSION.dll
 0001:0000719d       VerQueryValueW             000000018000819d f   version:VERSION.dll
 0001:000071a4       ??2@YAPEAX_K@Z             00000001800081a4 f   common-kernel64:Memory.obj
 0001:000071cc       ??3@YAXPEAX@Z              00000001800081cc f   common-kernel64:Memory.obj
 0001:000071cc       ??_V@YAXPEAX@Z             00000001800081cc f   common-kernel64:Memory.obj
 0001:000071d4       ??_U@YAPEAX_K@Z            00000001800081d4 f   common-kernel64:Memory.obj
 0001:000071dc       ?HeapDeinitialize@@YAXXZ   00000001800081dc f   common-kernel64:Memory.obj
 0001:00007240       ?HeapInitialize@@YA_NXZ    0000000180008240 f   common-kernel64:Memory.obj
 0001:0000727c       ?xf_calloc@@YAPEAX_K0@Z    000000018000827c f   common-kernel64:Memory.obj
 0001:000072ac       ?xf_free@@YAXPEAX@Z        00000001800082ac f   common-kernel64:Memory.obj
 0001:00007324       ?xf_malloc@@YAPEAX_K@Z     0000000180008324 f   common-kernel64:Memory.obj
 0001:0000734c       ?xf_realloc@@YAPEAXPEAX_K@Z 000000018000834c f   common-kernel64:Memory.obj
 0001:00007374       ?StringCchVPrintfA@@YAJPEAD_KPEBD0@Z 0000000180008374 f i common-kernel64:MStrSafe.obj
 0001:0000741c       ?sprintf_c@@YAHPEAD_JPEBDZZ 000000018000841c f   common-kernel64:MStrSafe.obj
 0001:0000745c       ?swprintf_c@@YAHPEA_W_JPEB_WZZ 000000018000845c f   common-kernel64:MStrSafe.obj
 0001:0000749c       ??0CEStr@@QEAA@PEB_W00000000@Z 000000018000849c f   common-kernel64:CEStr.obj
 0001:00007610       ??0CEStr@@QEAA@XZ          0000000180008610 f   common-kernel64:CEStr.obj
 0001:00007620       ??1CEStr@@QEAA@XZ          0000000180008620 f   common-kernel64:CEStr.obj
 0001:00007628       ??BCEStr@@QEBAPEB_WXZ      0000000180008628 f   common-kernel64:CEStr.obj
 0001:00007628       ?data@CEStr@@QEBAPEA_WXZ   0000000180008628 f   common-kernel64:CEStr.obj
 0001:0000762c       ?Detach@CEStr@@QEAAPEA_WXZ 000000018000862c f   common-kernel64:CEStr.obj
 0001:0000763c       ?GetBuffer@CEStr@@QEAAPEA_W_J@Z 000000018000863c f   common-kernel64:CEStr.obj
 0001:0000770c       ?GetLen@CEStr@@QEBA_JXZ    000000018000870c f   common-kernel64:CEStr.obj
 0001:00007730       ?GetMaxCount@CEStr@@QEAA_JXZ 0000000180008730 f   common-kernel64:CEStr.obj
 0001:0000775c       ?Release@CEStr@@QEAAXXZ    000000018000875c f   common-kernel64:CEStr.obj
 0001:00007780       ?Set@CEStr@@QEAAPEB_WPEB_W_J@Z 0000000180008780 f   common-kernel64:CEStr.obj
 0001:0000785c       ?SetAt@CEStr@@QEAA_W_J_W@Z 000000018000885c f   common-kernel64:CEStr.obj
 0001:000078b4       ?StringCchCopyNW@@YAJPEA_W_KPEB_W1@Z 00000001800088b4 f i common-kernel64:CEStr.obj
 0001:00007928       ?lstrdup@@YA?AUCEStr@@PEB_W_K@Z 0000000180008928 f   common-kernel64:MStrDup.obj
 0001:0000799c       ??0MSectionLockSimple@@QEAA@XZ 000000018000899c f   common-kernel64:MSectionSimple.obj
 0001:000079a8       ??0MSectionSimple@@QEAA@_N@Z 00000001800089a8 f   common-kernel64:MSectionSimple.obj
 0001:000079e0       ??1MSectionLockSimple@@QEAA@XZ 00000001800089e0 f   common-kernel64:MSectionSimple.obj
 0001:000079f4       ??1MSectionSimple@@QEAA@XZ 00000001800089f4 f   common-kernel64:MSectionSimple.obj
 0001:00007a14       ?Lock@MSectionLockSimple@@QEAAHPEAUMSectionSimple@@K@Z 0000000180008a14 f   common-kernel64:MSectionSimple.obj
 0001:00007ab0       ?TryEnter@MSectionSimple@@QEAA_NXZ 0000000180008ab0 f   common-kernel64:MSectionSimple.obj
 0001:00007ad8       ?Unlock@MSectionLockSimple@@QEAAXXZ 0000000180008ad8 f   common-kernel64:MSectionSimple.obj
 0001:00007b00       ??$sprintf_c@$0CI@@@YAHAEAY0CI@DPEBDZZ 0000000180008b00 f i common-kernel64:WThreads.obj
 0001:00007b2c       ?SetThreadName@@YAXKPEAD@Z 0000000180008b2c f   common-kernel64:WThreads.obj
 0001:00007b64       ?apiCreateThread@@YAPEAXP6AKPEAX@Z0PEAKPEBDH@Z 0000000180008b64 f   common-kernel64:WThreads.obj
 0001:00007cac       ?apiTerminateThreadEx@@YAHPEAXKPEBDH@Z 0000000180008cac f   common-kernel64:WThreads.obj
 0001:00007db4       ?apiThreadHelper@@YAKPEAX@Z 0000000180008db4 f   common-kernel64:WThreads.obj
 0001:00007fc0       ??0exception@std@@QEAA@AEBV01@@Z 0000000180008fc0 f i libcpmt:xthrow.obj
 0001:00007ff4       ??_Gexception@std@@UEAAPEAXI@Z 0000000180008ff4 f i libcpmt:xthrow.obj
 0001:00007ff4       ??_Gbad_exception@std@@UEAAPEAXI@Z 0000000180008ff4 f i libvcruntime:frame.obj
 0001:00007ff4       ??_Eexception@std@@UEAAPEAXI@Z 0000000180008ff4 f i libcpmt:xthrow.obj
 0001:00007ff4       ??_Ebad_exception@std@@UEAAPEAXI@Z 0000000180008ff4 f i libvcruntime:frame.obj
 0001:00008038       ?what@exception@std@@UEBAPEBDXZ 0000000180009038 f i libcpmt:xthrow.obj
 0001:0000804c       ??3@YAXPEAX_K@Z            000000018000904c f   LIBCMT:delete_scalar_size.obj
 0001:00008054       __raise_securityfailure    0000000180009054 f   LIBCMT:gs_report.obj
 0001:00008088       __report_gsfailure         0000000180009088 f   LIBCMT:gs_report.obj
 0001:0000815c       __report_rangecheckfailure 000000018000915c f   LIBCMT:gs_report.obj
 0001:00008170       __report_securityfailure   0000000180009170 f   LIBCMT:gs_report.obj
 0001:000082f0       __GSHandlerCheck           00000001800092f0 f   LIBCMT:gshandler.obj
 0001:00008310       __GSHandlerCheckCommon     0000000180009310 f   LIBCMT:gshandler.obj
 0001:0000836c       __GSHandlerCheck_EH4       000000018000936c f   LIBCMT:gshandlereh4.obj
 0001:00008400       __security_check_cookie    0000000180009400 f   LIBCMT:amdsecgs.obj
 0001:00008420       ??_Etype_info@@UEAAPEAXI@Z 0000000180009420 f i LIBCMT:std_type_info_static.obj
 0001:00008420       ??_Gtype_info@@UEAAPEAXI@Z 0000000180009420 f i LIBCMT:std_type_info_static.obj
 0001:0000876c       _DllMainCRTStartup         000000018000976c f   LIBCMT:dll_dllmain.obj
 0001:000087ac       __security_init_cookie     00000001800097ac f   LIBCMT:gs_support.obj
 0001:00008858       ?__scrt_initialize_type_info@@YAXXZ 0000000180009858 f   LIBCMT:tncleanup.obj
 0001:00008868       ?__scrt_uninitialize_type_info@@YAXXZ 0000000180009868 f   LIBCMT:tncleanup.obj
 0001:00008874       __local_stdio_scanf_options 0000000180009874 f i LIBCMT:default_local_stdio_options.obj
 0001:0000887c       __scrt_initialize_default_local_stdio_options 000000018000987c f   LIBCMT:default_local_stdio_options.obj
 0001:00008898       __scrt_acquire_startup_lock 0000000180009898 f   LIBCMT:utility.obj
 0001:000088d4       __scrt_dllmain_after_initialize_c 00000001800098d4 f   LIBCMT:utility.obj
 0001:00008908       __scrt_dllmain_before_initialize_c 0000000180009908 f   LIBCMT:utility.obj
 0001:00008920       __scrt_dllmain_crt_thread_attach 0000000180009920 f   LIBCMT:utility.obj
 0001:00008948       __scrt_dllmain_crt_thread_detach 0000000180009948 f   LIBCMT:utility.obj
 0001:00008960       __scrt_dllmain_exception_filter 0000000180009960 f   LIBCMT:utility.obj
 0001:000089c0       __scrt_dllmain_uninitialize_c 00000001800099c0 f   LIBCMT:utility.obj
 0001:000089f0       __scrt_dllmain_uninitialize_critical 00000001800099f0 f   LIBCMT:utility.obj
 0001:00008a04       __scrt_initialize_crt      0000000180009a04 f   LIBCMT:utility.obj
 0001:00008a50       __scrt_initialize_onexit_tables 0000000180009a50 f   LIBCMT:utility.obj
 0001:00008adc       __scrt_is_nonwritable_in_current_image 0000000180009adc f   LIBCMT:utility.obj
 0001:00008b74       __scrt_release_startup_lock 0000000180009b74 f   LIBCMT:utility.obj
 0001:00008b98       __scrt_uninitialize_crt    0000000180009b98 f   LIBCMT:utility.obj
 0001:00008bc4       __scrt_get_dyn_tls_init_callback 0000000180009bc4 f   LIBCMT:dyn_tls_init.obj
 0001:00008bcc       __crt_debugger_hook        0000000180009bcc f   LIBCMT:utility_desktop.obj
 0001:00008bd4       __scrt_fastfail            0000000180009bd4 f   LIBCMT:utility_desktop.obj
 0001:00008d20       _RTC_Initialize            0000000180009d20 f   LIBCMT:initsect.obj
 0001:00008d5c       _RTC_Terminate             0000000180009d5c f   LIBCMT:initsect.obj
 0001:00008d98       _guard_check_icall_nop     0000000180009d98 f i LIBCMT:guard_support.obj
 0001:00008d9c       __isa_available_init       0000000180009d9c f   LIBCMT:cpu_disp.obj
 0001:00008f40       _get_startup_argv_mode     0000000180009f40 f   LIBCMT:argv_mode.obj
 0001:00008f48       __scrt_is_ucrt_dll_in_use  0000000180009f48 f   LIBCMT:ucrt_detection.obj
 0001:00008f60       wcschr                     0000000180009f60 f   libvcruntime:wcschr.obj
 0001:00008fdc       wcsrchr                    0000000180009fdc f   libvcruntime:wcsrchr.obj
 0001:0000908c       wcsstr                     000000018000a08c f   libvcruntime:wcsstr.obj
 0001:000092a4       ??$_CallSETranslator@V__FrameHandler4@@@@YAHPEAUEHExceptionRecord@@PEA_KPEAU_CONTEXT@@PEAU_xDISPATCHER_CONTEXT@@PEAUFuncInfo4@FH4@@K1H@Z 000000018000a2a4 f i libvcruntime:risctrnsctrl.obj
 0001:000092f8       ?DecompFuncInfo@FH4@@YA_JPEAEAEAUFuncInfo4@1@_KH_N@Z 000000018000a2f8 f i libvcruntime:risctrnsctrl.obj
 0001:0000941c       ?ExecutionInCatch@__FrameHandler4@@SA_NPEAU_xDISPATCHER_CONTEXT@@PEAUFuncInfo4@FH4@@@Z 000000018000a41c f   libvcruntime:risctrnsctrl.obj
 0001:00009424       ?FrameUnwindToEmptyState@__FrameHandler4@@SAXPEA_KPEAU_xDISPATCHER_CONTEXT@@PEAUFuncInfo4@FH4@@@Z 000000018000a424 f   libvcruntime:risctrnsctrl.obj
 0001:00009458       ?GetEstablisherFrame@__FrameHandler4@@SAPEA_KPEA_KPEAU_xDISPATCHER_CONTEXT@@PEAUFuncInfo4@FH4@@0@Z 000000018000a458 f   libvcruntime:risctrnsctrl.obj
 0001:0000947c       ?GetRangeOfTrysToCheck@__FrameHandler4@@SA?AU?$pair@Viterator@TryBlockMap4@FH4@@V123@@std@@AEAVTryBlockMap4@FH4@@HPEAU_xDISPATCHER_CONTEXT@@PEAUFuncInfo4@5@H@Z 000000018000a47c f   libvcruntime:risctrnsctrl.obj
 0001:000095e4       ?UnwindNestedFrames@__FrameHandler4@@SAXPEA_KPEAUEHExceptionRecord@@PEAU_CONTEXT@@0PEAXPEAUFuncInfo4@FH4@@HHPEAUHandlerType4@5@PEAU_xDISPATCHER_CONTEXT@@E@Z 000000018000a5e4 f   libvcruntime:risctrnsctrl.obj
 0001:00009704       ?setBuffer@TryBlockMap4@FH4@@QEAAXViterator@12@@Z 000000018000a704 f i libvcruntime:risctrnsctrl.obj
 0001:000098c4       _CreateFrameInfo           000000018000a8c4 f   libvcruntime:risctrnsctrl.obj
 0001:00009900       _FindAndUnlinkFrame        000000018000a900 f   libvcruntime:risctrnsctrl.obj
 0001:00009954       _GetImageBase              000000018000a954 f   libvcruntime:risctrnsctrl.obj
 0001:00009968       _GetThrowImageBase         000000018000a968 f   libvcruntime:risctrnsctrl.obj
 0001:0000997c       _SetImageBase              000000018000a97c f   libvcruntime:risctrnsctrl.obj
 0001:00009994       _SetThrowImageBase         000000018000a994 f   libvcruntime:risctrnsctrl.obj
 0001:000099ac       __CxxFrameHandler4         000000018000a9ac f   libvcruntime:risctrnsctrl.obj
 0001:00009a80       memcpy_repmovs             000000018000aa80 f   libvcruntime:memcpy.obj
 0001:00009aa0       memmove                    000000018000aaa0 f   libvcruntime:memcpy.obj
 0001:00009aa0       memcpy                     000000018000aaa0 f   libvcruntime:memcpy.obj
 0001:0000a130       memset_repmovs             000000018000b130 f   libvcruntime:memset.obj
 0001:0000a150       memset                     000000018000b150 f   libvcruntime:memset.obj
 0001:0000a2e0       _CxxThrowException         000000018000b2e0 f   libvcruntime:throw.obj
 0001:0000a380       strchr                     000000018000b380 f   libvcruntime:strchr.obj
 0001:0000a400       strrchr                    000000018000b400 f   libvcruntime:strrchr.obj
 0001:0000a52c       __C_specific_handler       000000018000b52c f   libvcruntime:riscchandler.obj
 0001:0000a738       __std_exception_copy       000000018000b738 f   libvcruntime:std_exception.obj
 0001:0000a7c8       __std_exception_destroy    000000018000b7c8 f   libvcruntime:std_exception.obj
 0001:0000a7f0       __std_type_info_compare    000000018000b7f0 f   libvcruntime:std_type_info.obj
 0001:0000a818       __std_type_info_destroy_list 000000018000b818 f   libvcruntime:std_type_info.obj
 0001:0000a844       __vcrt_initialize          000000018000b844 f   libvcruntime:initialization.obj
 0001:0000a86c       __vcrt_thread_attach       000000018000b86c f   libvcruntime:initialization.obj
 0001:0000a880       __vcrt_thread_detach       000000018000b880 f   libvcruntime:initialization.obj
 0001:0000a894       __vcrt_uninitialize        000000018000b894 f   libvcruntime:initialization.obj
 0001:0000a8b0       __vcrt_uninitialize_critical 000000018000b8b0 f   libvcruntime:initialization.obj
 0001:0000a8c0       __DestructExceptionObject  000000018000b8c0 f   libvcruntime:ehhelpers.obj
 0001:0000a930       ?_CallMemberFunction0@@YAXQEAX0@Z 000000018000b930 f i libvcruntime:ehhelpers.obj
 0001:0000a934       _IsExceptionObjectToBeDestroyed 000000018000b934 f   libvcruntime:ehhelpers.obj
 0001:0000a964       __AdjustPointer            000000018000b964 f   libvcruntime:ehhelpers.obj
 0001:0000a988       __FrameUnwindFilter        000000018000b988 f   libvcruntime:ehhelpers.obj
 0001:0000a9f0       __vcrt_freefls             000000018000b9f0 f   libvcruntime:per_thread_data.obj
 0001:0000aa10       __vcrt_freeptd             000000018000ba10 f   libvcruntime:per_thread_data.obj
 0001:0000aa60       __vcrt_getptd              000000018000ba60 f   libvcruntime:per_thread_data.obj
 0001:0000aa7c       __vcrt_getptd_noexit       000000018000ba7c f   libvcruntime:per_thread_data.obj
 0001:0000ab3c       __vcrt_initialize_ptd      000000018000bb3c f   libvcruntime:per_thread_data.obj
 0001:0000ab84       __vcrt_uninitialize_ptd    000000018000bb84 f   libvcruntime:per_thread_data.obj
 0001:0000aba8       ?StateFromControlPc@__FrameHandler4@@SAHPEAUFuncInfo4@FH4@@PEAU_xDISPATCHER_CONTEXT@@@Z 000000018000bba8 f   libvcruntime:ehstate.obj
 0001:0000abb0       ?StateFromIp@__FrameHandler4@@SAHPEAUFuncInfo4@FH4@@PEAU_xDISPATCHER_CONTEXT@@_K@Z 000000018000bbb0 f   libvcruntime:ehstate.obj
 0001:0000b820       ??$TypeMatchHelper@V__FrameHandler3@@@@YAHPEBU_s_HandlerType@@PEBU_s_CatchableType@@PEBU_s_ThrowInfo@@@Z 000000018000c820 f i libvcruntime:frame.obj
 0001:0000b960       ??$TypeMatchHelper@V__FrameHandler4@@@@YAHPEAUHandlerType4@FH4@@PEBU_s_CatchableType@@PEBU_s_ThrowInfo@@@Z 000000018000c960 f i libvcruntime:frame.obj
 0001:0000baa4       ??$__InternalCxxFrameHandler@V__FrameHandler4@@@@YA?AW4_EXCEPTION_DISPOSITION@@PEAUEHExceptionRecord@@PEA_KPEAU_CONTEXT@@PEAU_xDISPATCHER_CONTEXT@@PEAUFuncInfo4@FH4@@H1E@Z 000000018000caa4 f i libvcruntime:frame.obj
 0001:0000bd38       ??0HandlerMap4@FH4@@QEAA@PEBUTryBlockMapEntry4@1@_KH@Z 000000018000cd38 f i libvcruntime:frame.obj
 0001:0000bdb4       ??0TryBlockMap4@FH4@@QEAA@PEBUFuncInfo4@1@_K@Z 000000018000cdb4 f i libvcruntime:frame.obj
 0001:0000be8c       ??0bad_exception@std@@QEAA@AEBV01@@Z 000000018000ce8c f i libvcruntime:frame.obj
 0001:0000bec8       ??0bad_exception@std@@QEAA@XZ 000000018000cec8 f i libvcruntime:frame.obj
 0001:0000bee8       ??1bad_exception@std@@UEAA@XZ 000000018000cee8 f i libvcruntime:frame.obj
 0001:0000befc       ?CxxCallCatchBlock@__FrameHandler4@@SAPEAXPEAU_EXCEPTION_RECORD@@@Z 000000018000cefc f   libvcruntime:frame.obj
 0001:0000c14c       ?DecompHandler@HandlerMap4@FH4@@AEAAXXZ 000000018000d14c f i libvcruntime:frame.obj
 0001:0000c38c       ?FrameUnwindToState@__FrameHandler4@@SAXPEA_KPEAU_xDISPATCHER_CONTEXT@@PEAUFuncInfo4@FH4@@H@Z 000000018000d38c f   libvcruntime:frame.obj
 0001:0000c7ec       ?ReadEntry@UWMap4@FH4@@AEAAXPEAPEAE@Z 000000018000d7ec f i libvcruntime:frame.obj
 0001:0000c88c       ?_CallMemberFunction1@@YAXQEAX00@Z 000000018000d88c f i libvcruntime:frame.obj
 0001:0000c898       ?_CallMemberFunction2@@YAXQEAX00H@Z 000000018000d898 f i libvcruntime:frame.obj
 0001:0000c8a8       ?getStartStop@UWMap4@FH4@@QEAAXHHAEAViterator@12@0@Z 000000018000d8a8 f i libvcruntime:frame.obj
 0001:0000c978       ?getStateFromIterators@UWMap4@FH4@@SAHAEBViterator@12@H0H0@Z 000000018000d978 f i libvcruntime:frame.obj
 0001:0000ca50       _NLG_Notify                000000018000da50 f   libvcruntime:notify.obj
 0001:0000ca70       __NLG_Dispatch2            000000018000da70 f   libvcruntime:notify.obj
 0001:0000ca80       __NLG_Return2              000000018000da80 f   libvcruntime:notify.obj
 0001:0000ca84       __except_validate_context_record 000000018000da84 f   libvcruntime:jbcxrval.obj
 0001:0000cabc       __vcrt_initialize_locks    000000018000dabc f   libvcruntime:locks.obj
 0001:0000caf0       __vcrt_uninitialize_locks  000000018000daf0 f   libvcruntime:locks.obj
 0001:0000cc78       __vcrt_FlsAlloc            000000018000dc78 f   libvcruntime:winapi_downlevel.obj
 0001:0000ccc0       __vcrt_FlsFree             000000018000dcc0 f   libvcruntime:winapi_downlevel.obj
 0001:0000cd08       __vcrt_FlsGetValue         000000018000dd08 f   libvcruntime:winapi_downlevel.obj
 0001:0000cd50       __vcrt_FlsSetValue         000000018000dd50 f   libvcruntime:winapi_downlevel.obj
 0001:0000cda4       __vcrt_InitializeCriticalSectionEx 000000018000dda4 f   libvcruntime:winapi_downlevel.obj
 0001:0000ce20       _CallSettingFrame          000000018000de20 f   libvcruntime:handlers.obj
 0001:0000ce70       _CallSettingFrame_LookupContinuationIndex 000000018000de70 f   libvcruntime:handlers.obj
 0001:0000cea0       _CallSettingFrame_NotifyContinuationAddr 000000018000dea0 f   libvcruntime:handlers.obj
 0001:0000ced0       _CallSettingFrameEncoded   000000018000ded0 f   libvcruntime:handlers.obj
 0001:0000d2b8       ??$ensure_buffer_is_big_enough@D@formatting_buffer@__crt_stdio_output@@QEAA_N_K@Z 000000018000e2b8 f i libucrt:output.obj
 0001:0000d360       ??$ensure_buffer_is_big_enough@_W@formatting_buffer@__crt_stdio_output@@QEAA_N_K@Z 000000018000e360 f i libucrt:output.obj
 0001:0000d40c       ??$is_wide_character_specifier@_W@__crt_stdio_output@@YA_N_K_WW4length_modifier@0@@Z 000000018000e40c f i libucrt:output.obj
 0001:0000d44c       ??$type_case_integer_parse_into_buffer@I@?$output_processor@DV?$string_output_adapter@D@__crt_stdio_output@@V?$standard_base@DV?$string_output_adapter@D@__crt_stdio_output@@@2@@__crt_stdio_output@@AEAAXII_N@Z 000000018000e44c f i libucrt:output.obj
 0001:0000d4d4       ??$type_case_integer_parse_into_buffer@I@?$output_processor@_WV?$string_output_adapter@_W@__crt_stdio_output@@V?$standard_base@_WV?$string_output_adapter@_W@__crt_stdio_output@@@2@@__crt_stdio_output@@AEAAXII_N@Z 000000018000e4d4 f i libucrt:output.obj
 0001:0000d578       ??$type_case_integer_parse_into_buffer@_K@?$output_processor@DV?$string_output_adapter@D@__crt_stdio_output@@V?$standard_base@DV?$string_output_adapter@D@__crt_stdio_output@@@2@@__crt_stdio_output@@AEAAX_KI_N@Z 000000018000e578 f i libucrt:output.obj
 0001:0000d608       ??$type_case_integer_parse_into_buffer@_K@?$output_processor@_WV?$string_output_adapter@_W@__crt_stdio_output@@V?$standard_base@_WV?$string_output_adapter@_W@__crt_stdio_output@@@2@@__crt_stdio_output@@AEAAX_KI_N@Z 000000018000e608 f i libucrt:output.obj
 0001:0000d6ac       ??$write_multiple_characters@V?$string_output_adapter@D@__crt_stdio_output@@D@__crt_stdio_output@@YAXAEBV?$string_output_adapter@D@0@DHQEAH@Z 000000018000e6ac f i libucrt:output.obj
 0001:0000d724       ??$write_multiple_characters@V?$string_output_adapter@_W@__crt_stdio_output@@D@__crt_stdio_output@@YAXAEBV?$string_output_adapter@_W@0@DHQEAH@Z 000000018000e724 f i libucrt:output.obj
 0001:0000d79c       ??0_LocaleUpdate@@QEAA@QEAU__crt_locale_pointers@@@Z 000000018000e79c f i libucrt:output.obj
 0001:0000d840       ?crop_zeroes@__crt_stdio_output@@YAXPEADQEAU__crt_locale_pointers@@@Z 000000018000e840 f i libucrt:output.obj
 0001:0000d8e0       ?force_decimal_point@__crt_stdio_output@@YAXPEADQEAU__crt_locale_pointers@@@Z 000000018000e8e0 f i libucrt:output.obj
 0001:0000d958       ?parse_int_from_format_string@?$output_processor@DV?$string_output_adapter@D@__crt_stdio_output@@V?$standard_base@DV?$string_output_adapter@D@__crt_stdio_output@@@2@@__crt_stdio_output@@AEAA_NQEAH@Z 000000018000e958 f i libucrt:output.obj
 0001:0000d9fc       ?parse_int_from_format_string@?$output_processor@_WV?$string_output_adapter@_W@__crt_stdio_output@@V?$standard_base@_WV?$string_output_adapter@_W@__crt_stdio_output@@@2@@__crt_stdio_output@@AEAA_NQEAH@Z 000000018000e9fc f i libucrt:output.obj
 0001:0000daa0       ?process@?$output_processor@DV?$string_output_adapter@D@__crt_stdio_output@@V?$standard_base@DV?$string_output_adapter@D@__crt_stdio_output@@@2@@__crt_stdio_output@@QEAAHXZ 000000018000eaa0 f i libucrt:output.obj
 0001:0000dca8       ?process@?$output_processor@_WV?$string_output_adapter@_W@__crt_stdio_output@@V?$standard_base@_WV?$string_output_adapter@_W@__crt_stdio_output@@@2@@__crt_stdio_output@@QEAAHXZ 000000018000eca8 f i libucrt:output.obj
 0001:0000df14       ?state_case_normal@?$output_processor@DV?$string_output_adapter@D@__crt_stdio_output@@V?$standard_base@DV?$string_output_adapter@D@__crt_stdio_output@@@2@@__crt_stdio_output@@AEAA_NXZ 000000018000ef14 f i libucrt:output.obj
 0001:0000df88       ?state_case_normal_tchar@?$output_processor@DV?$string_output_adapter@D@__crt_stdio_output@@V?$standard_base@DV?$string_output_adapter@D@__crt_stdio_output@@@2@@__crt_stdio_output@@AEAA_ND@Z 000000018000ef88 f i libucrt:output.obj
 0001:0000e030       ?state_case_size@?$output_processor@DV?$string_output_adapter@D@__crt_stdio_output@@V?$standard_base@DV?$string_output_adapter@D@__crt_stdio_output@@@2@@__crt_stdio_output@@AEAA_NXZ 000000018000f030 f i libucrt:output.obj
 0001:0000e1a0       ?state_case_size@?$output_processor@_WV?$string_output_adapter@_W@__crt_stdio_output@@V?$standard_base@_WV?$string_output_adapter@_W@__crt_stdio_output@@@2@@__crt_stdio_output@@AEAA_NXZ 000000018000f1a0 f i libucrt:output.obj
 0001:0000e334       ?state_case_type@?$output_processor@DV?$string_output_adapter@D@__crt_stdio_output@@V?$standard_base@DV?$string_output_adapter@D@__crt_stdio_output@@@2@@__crt_stdio_output@@AEAA_NXZ 000000018000f334 f i libucrt:output.obj
 0001:0000e59c       ?state_case_type@?$output_processor@_WV?$string_output_adapter@_W@__crt_stdio_output@@V?$standard_base@_WV?$string_output_adapter@_W@__crt_stdio_output@@@2@@__crt_stdio_output@@AEAA_NXZ 000000018000f59c f i libucrt:output.obj
 0001:0000e870       ?to_integer_size@__crt_stdio_output@@YA_KW4length_modifier@1@@Z 000000018000f870 f i libucrt:output.obj
 0001:0000e8d8       ?type_case_Z@?$output_processor@DV?$string_output_adapter@D@__crt_stdio_output@@V?$standard_base@DV?$string_output_adapter@D@__crt_stdio_output@@@2@@__crt_stdio_output@@AEAA_NXZ 000000018000f8d8 f i libucrt:output.obj
 0001:0000e94c       ?type_case_Z@?$output_processor@_WV?$string_output_adapter@_W@__crt_stdio_output@@V?$standard_base@_WV?$string_output_adapter@_W@__crt_stdio_output@@@2@@__crt_stdio_output@@AEAA_NXZ 000000018000f94c f i libucrt:output.obj
 0001:0000e9c8       ?type_case_a@?$output_processor@DV?$string_output_adapter@D@__crt_stdio_output@@V?$standard_base@DV?$string_output_adapter@D@__crt_stdio_output@@@2@@__crt_stdio_output@@AEAA_NXZ 000000018000f9c8 f i libucrt:output.obj
 0001:0000eb84       ?type_case_a@?$output_processor@_WV?$string_output_adapter@_W@__crt_stdio_output@@V?$standard_base@_WV?$string_output_adapter@_W@__crt_stdio_output@@@2@@__crt_stdio_output@@AEAA_NXZ 000000018000fb84 f i libucrt:output.obj
 0001:0000ed64       ?type_case_c_tchar@?$output_processor@DV?$string_output_adapter@D@__crt_stdio_output@@V?$standard_base@DV?$string_output_adapter@D@__crt_stdio_output@@@2@@__crt_stdio_output@@AEAA_ND@Z 000000018000fd64 f i libucrt:output.obj
 0001:0000ee2c       ?type_case_c_tchar@?$output_processor@_WV?$string_output_adapter@_W@__crt_stdio_output@@V?$standard_base@_WV?$string_output_adapter@_W@__crt_stdio_output@@@2@@__crt_stdio_output@@AEAA_N_W@Z 000000018000fe2c f i libucrt:output.obj
 0001:0000eed4       ?type_case_integer@?$output_processor@DV?$string_output_adapter@D@__crt_stdio_output@@V?$standard_base@DV?$string_output_adapter@D@__crt_stdio_output@@@2@@__crt_stdio_output@@AEAA_NI_N@Z 000000018000fed4 f i libucrt:output.obj
 0001:0000f054       ?type_case_integer@?$output_processor@_WV?$string_output_adapter@_W@__crt_stdio_output@@V?$standard_base@_WV?$string_output_adapter@_W@__crt_stdio_output@@@2@@__crt_stdio_output@@AEAA_NI_N@Z 0000000180010054 f i libucrt:output.obj
 0001:0000f1dc       ?type_case_n@?$output_processor@DV?$string_output_adapter@D@__crt_stdio_output@@V?$standard_base@DV?$string_output_adapter@D@__crt_stdio_output@@@2@@__crt_stdio_output@@AEAA_NXZ 00000001800101dc f i libucrt:output.obj
 0001:0000f1dc       ?type_case_n@?$output_processor@_WV?$string_output_adapter@_W@__crt_stdio_output@@V?$standard_base@_WV?$string_output_adapter@_W@__crt_stdio_output@@@2@@__crt_stdio_output@@AEAA_NXZ 00000001800101dc f i libucrt:output.obj
 0001:0000f264       ?type_case_s@?$output_processor@DV?$string_output_adapter@D@__crt_stdio_output@@V?$standard_base@DV?$string_output_adapter@D@__crt_stdio_output@@@2@@__crt_stdio_output@@AEAA_NXZ 0000000180010264 f i libucrt:output.obj
 0001:0000f2fc       ?type_case_s@?$output_processor@_WV?$string_output_adapter@_W@__crt_stdio_output@@V?$standard_base@_WV?$string_output_adapter@_W@__crt_stdio_output@@@2@@__crt_stdio_output@@AEAA_NXZ 00000001800102fc f i libucrt:output.obj
 0001:0000f3c4       ?write_stored_string_tchar@?$output_processor@DV?$string_output_adapter@D@__crt_stdio_output@@V?$standard_base@DV?$string_output_adapter@D@__crt_stdio_output@@@2@@__crt_stdio_output@@AEAA_ND@Z 00000001800103c4 f i libucrt:output.obj
 0001:0000f4a0       ?write_stored_string_tchar@?$output_processor@_WV?$string_output_adapter@_W@__crt_stdio_output@@V?$standard_base@_WV?$string_output_adapter@_W@__crt_stdio_output@@@2@@__crt_stdio_output@@AEAA_N_W@Z 00000001800104a0 f i libucrt:output.obj
 0001:0000f588       ?write_string@?$string_output_adapter@D@__crt_stdio_output@@QEBAXQEBDHQEAHAEAV__crt_deferred_errno_cache@@@Z 0000000180010588 f i libucrt:output.obj
 0001:0000f62c       ?write_string@?$string_output_adapter@_W@__crt_stdio_output@@QEBAXQEB_WHQEAHAEAV__crt_deferred_errno_cache@@@Z 000000018001062c f i libucrt:output.obj
 0001:0000f6d4       __stdio_common_vsprintf    00000001800106d4 f   libucrt:output.obj
 0001:0000f6dc       __stdio_common_vswprintf   00000001800106dc f   libucrt:output.obj
 0001:0000f6e4       ??$parse_integer@KV?$c_string_character_source@D@__crt_strtox@@@__crt_strtox@@YAKQEAU__crt_locale_pointers@@V?$c_string_character_source@D@0@H_N@Z 00000001800106e4 f i libucrt:strtox.obj
 0001:0000f9e8       ??$parse_integer@KV?$c_string_character_source@_W@__crt_strtox@@@__crt_strtox@@YAKQEAU__crt_locale_pointers@@V?$c_string_character_source@_W@0@H_N@Z 00000001800109e8 f i libucrt:strtox.obj
 0001:00010090       _ischartype_l              0000000180011090 f i libucrt:strtox.obj
 0001:00010108       strtol                     0000000180011108 f   libucrt:strtox.obj
 0001:00010134       wcstol                     0000000180011134 f   libucrt:strtox.obj
 0001:00010160       wcstoul                    0000000180011160 f   libucrt:strtox.obj
 0001:0001018c       wcsncmp                    000000018001118c f   libucrt:wcsncmp.obj
 0001:000101b8       __acrt_call_reportfault    00000001800111b8 f   libucrt:invalid_parameter.obj
 0001:00010314       __acrt_initialize_invalid_parameter_handler 0000000180011314 f   libucrt:invalid_parameter.obj
 0001:0001031c       _invalid_parameter         000000018001131c f   libucrt:invalid_parameter.obj
 0001:000103cc       _invalid_parameter_noinfo  00000001800113cc f   libucrt:invalid_parameter.obj
 0001:000103ec       _invoke_watson             00000001800113ec f   libucrt:invalid_parameter.obj
 0001:00010434       _initterm                  0000000180011434 f   libucrt:initterm.obj
 0001:00010498       _initterm_e                0000000180011498 f   libucrt:initterm.obj
 0001:000104d8       _seh_filter_dll            00000001800114d8 f   libucrt:exception_filter.obj
 0001:000104ec       _seh_filter_exe            00000001800114ec f   libucrt:exception_filter.obj
 0001:000108dc       __acrt_initialize_thread_local_exit_callback 00000001800118dc f   libucrt:exit.obj
 0001:000108e4       _cexit                     00000001800118e4 f   libucrt:exit.obj
 0001:000108f4       _exit                      00000001800118f4 f   libucrt:exit.obj
 0001:00010900       _is_c_termination_complete 0000000180011900 f   libucrt:exit.obj
 0001:00010ac8       __acrt_allocate_buffer_for_argv 0000000180011ac8 f   libucrt:argv_parsing.obj
 0001:00010b28       _configure_narrow_argv     0000000180011b28 f   libucrt:argv_parsing.obj
 0001:00010ea0       __dcrt_uninitialize_environments_nolock 0000000180011ea0 f   libucrt:environment_initialization.obj
 0001:00010ed8       _initialize_narrow_environment 0000000180011ed8 f   libucrt:environment_initialization.obj
 0001:00011034       _execute_onexit_table      0000000180012034 f   libucrt:onexit.obj
 0001:00011070       _initialize_onexit_table   0000000180012070 f   libucrt:onexit.obj
 0001:000110d0       __acrt_uninitialize_command_line 00000001800120d0 f   libucrt:argv_data.obj
 0001:000111c8       __acrt_initialize          00000001800121c8 f   libucrt:initialization.obj
 0001:000111dc       __acrt_thread_attach       00000001800121dc f   libucrt:initialization.obj
 0001:000111f0       __acrt_thread_detach       00000001800121f0 f   libucrt:initialization.obj
 0001:00011200       __acrt_uninitialize        0000000180012200 f   libucrt:initialization.obj
 0001:00011238       __acrt_uninitialize_critical 0000000180012238 f   libucrt:initialization.obj
 0001:00011248       terminate                  0000000180012248 f   libucrt:terminate.obj
 0001:00011268       abort                      0000000180012268 f   libucrt:abort.obj
 0001:000112c0       free                       00000001800122c0 f   libucrt:free.obj
 0001:000112d4       malloc                     00000001800122d4 f   libucrt:malloc.obj
 0001:000112dc       strcpy_s                   00000001800122dc f   libucrt:strcpy_s.obj
 0001:0001133c       calloc                     000000018001233c f   libucrt:calloc.obj
 0001:00011360       strncmp                    0000000180012360 f   libucrt:strncmp.obj
 0001:000113e0       __acrt_errno_from_os_error 00000001800123e0 f   libucrt:errno.obj
 0001:00011428       __acrt_errno_map_os_error  0000000180012428 f   libucrt:errno.obj
 0001:00011478       __doserrno                 0000000180012478 f   libucrt:errno.obj
 0001:00011498       _errno                     0000000180012498 f   libucrt:errno.obj
 0001:000114b8       _free_base                 00000001800124b8 f   libucrt:free_base.obj
 0001:000114f8       _malloc_base               00000001800124f8 f   libucrt:malloc_base.obj
 0001:00011558       _mbtowc_l                  0000000180012558 f   libucrt:mbtowc.obj
 0001:000116d8       mbtowc                     00000001800126d8 f   libucrt:mbtowc.obj
 0001:000116e0       _wctomb_s_l                00000001800126e0 f   libucrt:wctomb.obj
 0001:0001187c       strnlen                    000000018001287c f   libucrt:strnlen.obj
 0001:000119cc       wcsnlen                    00000001800129cc f   libucrt:strnlen.obj
 0001:00011f1c       __acrt_freeptd             0000000180012f1c f   libucrt:per_thread_data.obj
 0001:00011f60       __acrt_getptd              0000000180012f60 f   libucrt:per_thread_data.obj
 0001:00012034       __acrt_getptd_head         0000000180013034 f   libucrt:per_thread_data.obj
 0001:000120dc       __acrt_getptd_noexit       00000001800130dc f   libucrt:per_thread_data.obj
 0001:000121a8       __acrt_initialize_ptd      00000001800131a8 f   libucrt:per_thread_data.obj
 0001:000121e4       __acrt_uninitialize_ptd    00000001800131e4 f   libucrt:per_thread_data.obj
 0001:00012208       __acrt_update_locale_info  0000000180013208 f   libucrt:locale_update.obj
 0001:0001223c       __acrt_update_multibyte_info 000000018001323c f   libucrt:locale_update.obj
 0001:00012c7c       __acrt_fp_format           0000000180013c7c f   libucrt:cvt.obj
 0001:00012fb4       _fileno                    0000000180013fb4 f   libucrt:fileno.obj
 0001:00012fdc       __acrt_initialize_stdio    0000000180013fdc f   libucrt:_file.obj
 0001:000130fc       __acrt_uninitialize_stdio  00000001800140fc f   libucrt:_file.obj
 0001:00013158       _lock_file                 0000000180014158 f   libucrt:_file.obj
 0001:00013164       _unlock_file               0000000180014164 f   libucrt:_file.obj
 0001:00013170       _get_printf_count_output   0000000180014170 f   libucrt:printf_count_output.obj
 0001:000131f8       __acrt_set_locale_changed  00000001800141f8 f   libucrt:wsetlocale.obj
 0001:00013204       __acrt_uninitialize_locale 0000000180014204 f   libucrt:wsetlocale.obj
 0001:00013430       __acrt_initialize_lowio    0000000180014430 f   libucrt:ioinit.obj
 0001:0001346c       __acrt_uninitialize_lowio  000000018001446c f   libucrt:ioinit.obj
 0001:000134ac       __pctype_func              00000001800144ac f   libucrt:ctype.obj
 0001:000134dc       iswctype                   00000001800144dc f   libucrt:iswctype.obj
 0001:00013548       _isctype_l                 0000000180014548 f   libucrt:isctype.obj
 0001:00013650       __acrt_initialize_locks    0000000180014650 f   libucrt:locks.obj
 0001:00013698       __acrt_lock                0000000180014698 f   libucrt:locks.obj
 0001:000136b4       __acrt_uninitialize_locks  00000001800146b4 f   libucrt:locks.obj
 0001:000136ec       __acrt_unlock              00000001800146ec f   libucrt:locks.obj
 0001:00013708       __acrt_get_process_end_policy 0000000180014708 f   libucrt:win_policies.obj
 0001:00013744       _calloc_base               0000000180014744 f   libucrt:calloc_base.obj
 0001:000137d0       ??$__acrt_mbs_to_wcs_cp@U__crt_win32_buffer_internal_dynamic_resizing@@@@YAHQEBDAEAV?$__crt_win32_buffer@_WU__crt_win32_buffer_internal_dynamic_resizing@@@@I@Z 00000001800147d0 f i libucrt:argv_wildcards.obj
 0001:00013948       ??$__acrt_wcs_to_mbs_cp@U__crt_win32_buffer_internal_dynamic_resizing@@@@YAHQEB_WAEAV?$__crt_win32_buffer@DU__crt_win32_buffer_internal_dynamic_resizing@@@@I@Z 0000000180014948 f i libucrt:argv_wildcards.obj
 0001:00014178       __acrt_expand_narrow_argv_wildcards 0000000180015178 f   libucrt:argv_wildcards.obj
 0001:00014180       ??$__acrt_wcs_to_mbs_cp@U__crt_win32_buffer_no_resizing@@@@YAHQEB_WAEAV?$__crt_win32_buffer@DU__crt_win32_buffer_no_resizing@@@@I@Z 0000000180015180 f i libucrt:getmodulefilenamea.obj
 0001:00014294       __acrt_GetModuleFileNameA  0000000180015294 f   libucrt:getmodulefilenamea.obj
 0001:00014adc       __acrt_initialize_multibyte 0000000180015adc f   libucrt:mbctype.obj
 0001:00014b3c       __acrt_update_thread_multibyte_data 0000000180015b3c f   libucrt:mbctype.obj
 0001:00014b58       _setmbcp_nolock            0000000180015b58 f   libucrt:mbctype.obj
 0001:00014e8c       _ismbblead                 0000000180015e8c f   libucrt:ismbbyte.obj
 0001:00014ea0       __acrt_initialize_command_line 0000000180015ea0 f   libucrt:argv_data.obj
 0001:00014ec8       __acrt_MultiByteToWideChar 0000000180015ec8 f   libucrt:multibytetowidechar.obj
 0001:00014f24       __acrt_WideCharToMultiByte 0000000180015f24 f   libucrt:widechartomultibyte.obj
 0001:00014fd4       __dcrt_get_narrow_environment_from_os 0000000180015fd4 f   libucrt:get_environment_from_os.obj
 0001:000150d8       _recalloc_base             00000001800160d8 f   libucrt:recalloc.obj
 0001:00015348       __acrt_AppPolicyGetProcessTerminationMethodInternal 0000000180016348 f   libucrt:winapi_thunks.obj
 0001:00015398       __acrt_AreFileApisANSI     0000000180016398 f   libucrt:winapi_thunks.obj
 0001:000153d4       __acrt_FlsAlloc            00000001800163d4 f   libucrt:winapi_thunks.obj
 0001:0001541c       __acrt_FlsFree             000000018001641c f   libucrt:winapi_thunks.obj
 0001:00015464       __acrt_FlsGetValue         0000000180016464 f   libucrt:winapi_thunks.obj
 0001:000154ac       __acrt_FlsSetValue         00000001800164ac f   libucrt:winapi_thunks.obj
 0001:00015500       __acrt_InitializeCriticalSectionEx 0000000180016500 f   libucrt:winapi_thunks.obj
 0001:00015564       __acrt_LCMapStringEx       0000000180016564 f   libucrt:winapi_thunks.obj
 0001:00015640       __acrt_LocaleNameToLCID    0000000180016640 f   libucrt:winapi_thunks.obj
 0001:00015690       __acrt_initialize_winapi_thunks 0000000180016690 f   libucrt:winapi_thunks.obj
 0001:000156c4       __acrt_uninitialize_winapi_thunks 00000001800166c4 f   libucrt:winapi_thunks.obj
 0001:00015708       __acrt_initialize_heap     0000000180016708 f   libucrt:heap_handle.obj
 0001:00015724       __acrt_uninitialize_heap   0000000180016724 f   libucrt:heap_handle.obj
 0001:00015730       __acrt_execute_initializers 0000000180016730 f   libucrt:shared_initialization.obj
 0001:000157b0       __acrt_execute_uninitializers 00000001800167b0 f   libucrt:shared_initialization.obj
 0001:000157ec       __acrt_initialize_new_handler 00000001800167ec f   libucrt:new_handler.obj
 0001:000157f4       _callnewh                  00000001800167f4 f   libucrt:new_handler.obj
 0001:00015824       _query_new_handler         0000000180016824 f   libucrt:new_handler.obj
 0001:000158a0       __acrt_get_sigabrt_handler 00000001800168a0 f   libucrt:signal.obj
 0001:000158d0       __acrt_initialize_signal_handlers 00000001800168d0 f   libucrt:signal.obj
 0001:000158f0       raise                      00000001800168f0 f   libucrt:signal.obj
 0001:00015b5c       __acrt_has_user_matherr    0000000180016b5c f   libucrt:matherr.obj
 0001:00015b7c       __acrt_initialize_user_matherr 0000000180016b7c f   libucrt:matherr.obj
 0001:00015b84       __acrt_invoke_user_matherr 0000000180016b84 f   libucrt:matherr.obj
 0001:00015d90       __acrt_stdio_flush_nolock  0000000180016d90 f   libucrt:fflush.obj
 0001:00015e0c       _fflush_nolock             0000000180016e0c f   libucrt:fflush.obj
 0001:00015e58       _flushall                  0000000180016e58 f   libucrt:fflush.obj
 0001:00015e60       _query_new_mode            0000000180016e60 f   libucrt:new_mode.obj
 0001:00015e68       _isleadbyte_l              0000000180016e68 f i libucrt:_wctype.obj
 0001:00015eb4       ?__mbrtowc_utf8@__crt_mbstring@@YA_KPEA_WPEBD_KPEAU_Mbstatet@@@Z 0000000180016eb4 f   libucrt:mbrtowc.obj
 0001:00015ef0       ?__mbsrtowcs_utf8@__crt_mbstring@@YA_KPEA_WPEAPEBD_KPEAU_Mbstatet@@@Z 0000000180016ef0 f   libucrt:mbrtowc.obj
 0001:00016068       ?__c32rtomb_utf8@__crt_mbstring@@YA_KPEAD_UPEAU_Mbstatet@@@Z 0000000180017068 f   libucrt:c32rtomb.obj
 0001:0001611c       __acrt_add_locale_ref      000000018001711c f   libucrt:locale_refcounting.obj
 0001:000161a8       __acrt_free_locale         00000001800171a8 f   libucrt:locale_refcounting.obj
 0001:00016320       __acrt_locale_add_lc_time_reference 0000000180017320 f   libucrt:locale_refcounting.obj
 0001:00016348       __acrt_locale_free_lc_time_if_unreferenced 0000000180017348 f   libucrt:locale_refcounting.obj
 0001:00016380       __acrt_locale_release_lc_time_reference 0000000180017380 f   libucrt:locale_refcounting.obj
 0001:000163a8       __acrt_release_locale_ref  00000001800173a8 f   libucrt:locale_refcounting.obj
 0001:00016450       __acrt_update_thread_locale_data 0000000180017450 f   libucrt:locale_refcounting.obj
 0001:000164c0       _updatetlocinfoEx_nolock   00000001800174c0 f   libucrt:locale_refcounting.obj
 0001:00016528       __acrt_fp_strflt_to_string 0000000180017528 f   libucrt:_fptostr.obj
 0001:00016690       ?divide@__crt_strtox@@YA_KAEAUbig_integer@1@AEBU21@@Z 0000000180017690 f i libucrt:cfout.obj
 0001:00016abc       __acrt_fltout              0000000180017abc f   libucrt:cfout.obj
 0001:00017d88       fegetround                 0000000180018d88 f   libucrt:fegetround.obj
 0001:00017d9c       _fcloseall                 0000000180018d9c f   libucrt:closeall.obj
 0001:00017e50       __acrt_stdio_free_buffer_nolock 0000000180018e50 f   libucrt:_freebuf.obj
 0001:00017e90       _isatty                    0000000180018e90 f   libucrt:isatty.obj
 0001:00017ef0       __acrt_locale_free_monetary 0000000180018ef0 f   libucrt:initmon.obj
 0001:00017ffc       __acrt_locale_free_numeric 0000000180018ffc f   libucrt:initnum.obj
 0001:000180c0       __acrt_locale_free_time    00000001800190c0 f   libucrt:inittime.obj
 0001:000181c8       __acrt_GetStringTypeA      00000001800191c8 f   libucrt:getstringtypea.obj
 0001:00018358       __acrt_lowio_create_handle_array 0000000180019358 f   libucrt:osfinfo.obj
 0001:00018400       __acrt_lowio_destroy_handle_array 0000000180019400 f   libucrt:osfinfo.obj
 0001:00018450       __acrt_lowio_ensure_fh_exists 0000000180019450 f   libucrt:osfinfo.obj
 0001:000184f8       __acrt_lowio_lock_fh       00000001800194f8 f   libucrt:osfinfo.obj
 0001:00018520       __acrt_lowio_unlock_fh     0000000180019520 f   libucrt:osfinfo.obj
 0001:00018548       _free_osfhnd               0000000180019548 f   libucrt:osfinfo.obj
 0001:00018604       _get_osfhandle             0000000180019604 f   libucrt:osfinfo.obj
 0001:0001867c       __acrt_GetStringTypeW      000000018001967c f   libucrt:getstringtypew.obj
 0001:00018690       qsort                      0000000180019690 f   libucrt:qsort.obj
 0001:00018a30       strncpy_s                  0000000180019a30 f   libucrt:strncpy_s.obj
 0001:00018bb0       strpbrk                    0000000180019bb0 f   libucrt:strpbrk.obj
 0001:00018f78       _mbsdec                    0000000180019f78 f   libucrt:mbsdec.obj
 0001:00018f80       _mbsdec_l                  0000000180019f80 f   libucrt:mbsdec.obj
 0001:0001932c       __acrt_LCMapStringA        000000018001a32c f   libucrt:lcmapstringa.obj
 0001:000193dc       _msize_base                000000018001a3dc f   libucrt:msize.obj
 0001:00019418       _realloc_base              000000018001a418 f   libucrt:realloc_base.obj
 0001:00019494       __acrt_DownlevelLocaleNameToLCID 000000018001a494 f   libucrt:lcidtoname_downlevel.obj
 0001:000195d0       _commit                    000000018001a5d0 f   libucrt:commit.obj
 0001:00019ee0       _write                     000000018001aee0 f   libucrt:write.obj
 0001:00019fcc       _write_nolock              000000018001afcc f   libucrt:write.obj
 0001:0001a2b0       ?__mbrtoc32_utf8@__crt_mbstring@@YA_KPEA_UPEBD_KPEAU_Mbstatet@@@Z 000000018001b2b0 f   libucrt:mbrtoc32.obj
 0001:0001a488       _controlfp_s               000000018001b488 f   libucrt:contrlfp.obj
 0001:0001a4ec       fegetenv                   000000018001b4ec f   libucrt:fegetenv.obj
 0001:0001a50c       fesetenv                   000000018001b50c f   libucrt:fesetenv.obj
 0001:0001a558       feholdexcept               000000018001b558 f   libucrt:feholdexcept.obj
 0001:0001a5a8       ceil                       000000018001b5a8 f   libucrt:ceil.obj
 0001:0001a670       log10                      000000018001b670 f   libucrt:log10.obj
 0001:0001ac1c       __acrt_fenv_get_common_round_control 000000018001bc1c f   libucrt:_fenvutils.obj
 0001:0001ac28       __acrt_fenv_get_control    000000018001bc28 f   libucrt:_fenvutils.obj
 0001:0001ad1c       __acrt_fenv_get_status     000000018001bd1c f   libucrt:_fenvutils.obj
 0001:0001ad70       __acrt_fenv_set_control    000000018001bd70 f   libucrt:_fenvutils.obj
 0001:0001aeb8       __acrt_fenv_set_status     000000018001beb8 f   libucrt:_fenvutils.obj
 0001:0001afd8       _lseeki64_nolock           000000018001bfd8 f   libucrt:lseek.obj
 0001:0001afe0       _fclose_nolock             000000018001bfe0 f   libucrt:fclose.obj
 0001:0001b064       fclose                     000000018001c064 f   libucrt:fclose.obj
 0001:0001b0c8       __ascii_wcsnicmp           000000018001c0c8 f   libucrt:wcsnicmp.obj
 0001:0001b114       _query_app_type            000000018001c114 f   libucrt:report_runtime_error.obj
 0001:0001b11c       __strncnt                  000000018001c11c f   libucrt:strncnt.obj
 0001:0001b134       _putwch_nolock             000000018001c134 f   libucrt:putwch.obj
 0001:0001b170       _clearfp                   000000018001c170 f   libucrt:ieee.obj
 0001:0001b1e0       _control87                 000000018001c1e0 f   libucrt:ieee.obj
 0001:0001b5cc       _handle_error              000000018001c5cc f   libucrt:libm_error.obj
 0001:0001b6f4       _handle_nan                000000018001c6f4 f   libucrt:libm_error.obj
 0001:0001b710       __acrt_initialize_fma3     000000018001c710 f   libucrt:fma3_available.obj
 0001:0001b780       _log10_special             000000018001c780 f   libucrt:log_special.obj
 0001:0001b8ac       _close                     000000018001c8ac f   libucrt:close.obj
 0001:0001b950       _close_nolock              000000018001c950 f   libucrt:close.obj
 0001:0001ba10       ?__acrt_stdio_free_stream@@YAXV__crt_stdio_stream@@@Z 000000018001ca10 f   libucrt:stream.obj
 0001:0001ba2c       __dcrt_lowio_ensure_console_output_initialized 000000018001ca2c f   libucrt:initcon.obj
 0001:0001ba80       __dcrt_terminate_console_output 000000018001ca80 f   libucrt:initcon.obj
 0001:0001ba9c       __dcrt_write_console       000000018001ca9c f   libucrt:initcon.obj
 0001:0001bb70       _get_fpsr                  000000018001cb70 f   libucrt:fpsr.obj
 0001:0001bb80       _set_fpsr                  000000018001cb80 f   libucrt:fpsr.obj
 0001:0001bb8a       _fclrf                     000000018001cb8a f   libucrt:fpsr.obj
 0001:0001bb9e       _frnd                      000000018001cb9e f   libucrt:fpsr.obj
 0001:0001bbc0       _raise_exc                 000000018001cbc0 f   libucrt:fpexcept.obj
 0001:0001bbe8       _raise_exc_ex              000000018001cbe8 f   libucrt:fpexcept.obj
 0001:0001bef8       _set_errno_from_matherr    000000018001cef8 f   libucrt:fpexcept.obj
 0001:0001bf28       _clrfp                     000000018001cf28 f   libucrt:fpctrl.obj
 0001:0001bf48       _ctrlfp                    000000018001cf48 f   libucrt:fpctrl.obj
 0001:0001bfc4       _set_statfp                000000018001cfc4 f   libucrt:fpctrl.obj
 0001:0001bfe4       _statfp                    000000018001cfe4 f   libucrt:fpctrl.obj
 0001:0001c000       _FindPESection             000000018001d000 f   LIBCMT:pesect.obj
 0001:0001c050       _IsNonwritableInCurrentImage 000000018001d050 f   LIBCMT:pesect.obj
 0001:0001c0a0       _ValidateImageBase         000000018001d0a0 f   LIBCMT:pesect.obj
 0001:0001c0d0       __GSHandlerCheck_SEH       000000018001d0d0 f   LIBCMT:gshandlerseh.obj
 0001:0001c170       _alloca_probe              000000018001d170 f   LIBCMT:chkstk.obj
 0001:0001c170       __chkstk                   000000018001d170 f   LIBCMT:chkstk.obj
 0001:0001c1d0       memcmp                     000000018001d1d0 f   libvcruntime:memcmp.obj
 0001:0001c2b0       _guard_dispatch_icall_nop  000000018001d2b0 f   LIBCMT:guard_dispatch.obj
 0001:0001c2d0       _guard_xfg_dispatch_icall_nop 000000018001d2d0 f   LIBCMT:guard_xfg_dispatch.obj
 0002:00000000       __imp_RegQueryValueExW     000000018001e000     advapi32:ADVAPI32.dll
 0002:00000008       __imp_RegOpenKeyExW        000000018001e008     advapi32:ADVAPI32.dll
 0002:00000010       __imp_RegCreateKeyExW      000000018001e010     advapi32:ADVAPI32.dll
 0002:00000018       __imp_RegCloseKey          000000018001e018     advapi32:ADVAPI32.dll
 0002:00000020       __imp_RegSetValueExW       000000018001e020     advapi32:ADVAPI32.dll
 0002:00000028       \177ADVAPI32_NULL_THUNK_DATA 000000018001e028     advapi32:ADVAPI32.dll
 0002:00000030       __imp_SetTextColor         000000018001e030     gdi32:GDI32.dll
 0002:00000038       __imp_StretchBlt           000000018001e038     gdi32:GDI32.dll
 0002:00000040       __imp_SetBkMode            000000018001e040     gdi32:GDI32.dll
 0002:00000048       __imp_SelectObject         000000018001e048     gdi32:GDI32.dll
 0002:00000050       __imp_DeleteObject         000000018001e050     gdi32:GDI32.dll
 0002:00000058       __imp_DeleteDC             000000018001e058     gdi32:GDI32.dll
 0002:00000060       __imp_CreateSolidBrush     000000018001e060     gdi32:GDI32.dll
 0002:00000068       __imp_CreateFontIndirectW  000000018001e068     gdi32:GDI32.dll
 0002:00000070       __imp_CreateCompatibleDC   000000018001e070     gdi32:GDI32.dll
 0002:00000078       __imp_CreateCompatibleBitmap 000000018001e078     gdi32:GDI32.dll
 0002:00000080       __imp_BitBlt               000000018001e080     gdi32:GDI32.dll
 0002:00000088       \177GDI32_NULL_THUNK_DATA  000000018001e088     gdi32:GDI32.dll
 0002:00000090       __imp_HeapAlloc            000000018001e090     kernel32:KERNEL32.dll
 0002:00000098       __imp_HeapReAlloc          000000018001e098     kernel32:KERNEL32.dll
 0002:000000a0       __imp_HeapFree             000000018001e0a0     kernel32:KERNEL32.dll
 0002:000000a8       __imp_GetProcessHeap       000000018001e0a8     kernel32:KERNEL32.dll
 0002:000000b0       __imp_WaitForSingleObject  000000018001e0b0     kernel32:KERNEL32.dll
 0002:000000b8       __imp_GetCurrentProcessId  000000018001e0b8     kernel32:KERNEL32.dll
 0002:000000c0       __imp_GetLocalTime         000000018001e0c0     kernel32:KERNEL32.dll
 0002:000000c8       __imp_VirtualProtect       000000018001e0c8     kernel32:KERNEL32.dll
 0002:000000d0       __imp_FreeLibrary          000000018001e0d0     kernel32:KERNEL32.dll
 0002:000000d8       __imp_GetModuleFileNameW   000000018001e0d8     kernel32:KERNEL32.dll
 0002:000000e0       __imp_GetProcAddress       000000018001e0e0     kernel32:KERNEL32.dll
 0002:000000e8       __imp_LoadLibraryW         000000018001e0e8     kernel32:KERNEL32.dll
 0002:000000f0       __imp_lstrcmpW             000000018001e0f0     kernel32:KERNEL32.dll
 0002:000000f8       __imp_lstrcmpiW            000000018001e0f8     kernel32:KERNEL32.dll
 0002:00000100       __imp_lstrcpynW            000000018001e100     kernel32:KERNEL32.dll
 0002:00000108       __imp_lstrcpyW             000000018001e108     kernel32:KERNEL32.dll
 0002:00000110       __imp_GetLastError         000000018001e110     kernel32:KERNEL32.dll
 0002:00000118       __imp_SystemTimeToFileTime 000000018001e118     kernel32:KERNEL32.dll
 0002:00000120       __imp_WideCharToMultiByte  000000018001e120     kernel32:KERNEL32.dll
 0002:00000128       __imp_GetConsoleScreenBufferInfo 000000018001e128     kernel32:KERNEL32.dll
 0002:00000130       __imp_ReadConsoleOutputW   000000018001e130     kernel32:KERNEL32.dll
 0002:00000138       __imp_lstrcpynA            000000018001e138     kernel32:KERNEL32.dll
 0002:00000140       __imp_lstrcpyA             000000018001e140     kernel32:KERNEL32.dll
 0002:00000148       __imp_lstrlenA             000000018001e148     kernel32:KERNEL32.dll
 0002:00000150       __imp_MultiByteToWideChar  000000018001e150     kernel32:KERNEL32.dll
 0002:00000158       __imp_GetConsoleOutputCP   000000018001e158     kernel32:KERNEL32.dll
 0002:00000160       __imp_WriteFile            000000018001e160     kernel32:KERNEL32.dll
 0002:00000168       __imp_FlushFileBuffers     000000018001e168     kernel32:KERNEL32.dll
 0002:00000170       __imp_HeapSize             000000018001e170     kernel32:KERNEL32.dll
 0002:00000178       __imp_SetStdHandle         000000018001e178     kernel32:KERNEL32.dll
 0002:00000180       __imp_GetStringTypeW       000000018001e180     kernel32:KERNEL32.dll
 0002:00000188       __imp_SetFilePointerEx     000000018001e188     kernel32:KERNEL32.dll
 0002:00000190       __imp_CloseHandle          000000018001e190     kernel32:KERNEL32.dll
 0002:00000198       __imp_OutputDebugStringW   000000018001e198     kernel32:KERNEL32.dll
 0002:000001a0       __imp_GetTempPathW         000000018001e1a0     kernel32:KERNEL32.dll
 0002:000001a8       __imp_ReadFile             000000018001e1a8     kernel32:KERNEL32.dll
 0002:000001b0       __imp_GetFileInformationByHandle 000000018001e1b0     kernel32:KERNEL32.dll
 0002:000001b8       __imp_GetDriveTypeW        000000018001e1b8     kernel32:KERNEL32.dll
 0002:000001c0       __imp_GetDiskFreeSpaceExW  000000018001e1c0     kernel32:KERNEL32.dll
 0002:000001c8       __imp_FindNextChangeNotification 000000018001e1c8     kernel32:KERNEL32.dll
 0002:000001d0       __imp_FindFirstChangeNotificationW 000000018001e1d0     kernel32:KERNEL32.dll
 0002:000001d8       __imp_FindCloseChangeNotification 000000018001e1d8     kernel32:KERNEL32.dll
 0002:000001e0       __imp_ExpandEnvironmentStringsW 000000018001e1e0     kernel32:KERNEL32.dll
 0002:000001e8       __imp_CreateFileW          000000018001e1e8     kernel32:KERNEL32.dll
 0002:000001f0       __imp_GetStdHandle         000000018001e1f0     kernel32:KERNEL32.dll
 0002:000001f8       __imp_GetConsoleMode       000000018001e1f8     kernel32:KERNEL32.dll
 0002:00000200       __imp_WriteConsoleW        000000018001e200     kernel32:KERNEL32.dll
 0002:00000208       __imp_lstrlenW             000000018001e208     kernel32:KERNEL32.dll
 0002:00000210       __imp_HeapCreate           000000018001e210     kernel32:KERNEL32.dll
 0002:00000218       __imp_HeapDestroy          000000018001e218     kernel32:KERNEL32.dll
 0002:00000220       __imp_DebugBreak           000000018001e220     kernel32:KERNEL32.dll
 0002:00000228       __imp_InitializeCriticalSection 000000018001e228     kernel32:KERNEL32.dll
 0002:00000230       __imp_EnterCriticalSection 000000018001e230     kernel32:KERNEL32.dll
 0002:00000238       __imp_LeaveCriticalSection 000000018001e238     kernel32:KERNEL32.dll
 0002:00000240       __imp_TryEnterCriticalSection 000000018001e240     kernel32:KERNEL32.dll
 0002:00000248       __imp_DeleteCriticalSection 000000018001e248     kernel32:KERNEL32.dll
 0002:00000250       __imp_Sleep                000000018001e250     kernel32:KERNEL32.dll
 0002:00000258       __imp_GetTickCount         000000018001e258     kernel32:KERNEL32.dll
 0002:00000260       __imp_IsDebuggerPresent    000000018001e260     kernel32:KERNEL32.dll
 0002:00000268       __imp_RaiseException       000000018001e268     kernel32:KERNEL32.dll
 0002:00000270       __imp_SetLastError         000000018001e270     kernel32:KERNEL32.dll
 0002:00000278       __imp_CreateThread         000000018001e278     kernel32:KERNEL32.dll
 0002:00000280       __imp_GetCurrentThreadId   000000018001e280     kernel32:KERNEL32.dll
 0002:00000288       __imp_TerminateThread      000000018001e288     kernel32:KERNEL32.dll
 0002:00000290       __imp_ResumeThread         000000018001e290     kernel32:KERNEL32.dll
 0002:00000298       __imp_RtlCaptureContext    000000018001e298     kernel32:KERNEL32.dll
 0002:000002a0       __imp_RtlLookupFunctionEntry 000000018001e2a0     kernel32:KERNEL32.dll
 0002:000002a8       __imp_RtlVirtualUnwind     000000018001e2a8     kernel32:KERNEL32.dll
 0002:000002b0       __imp_UnhandledExceptionFilter 000000018001e2b0     kernel32:KERNEL32.dll
 0002:000002b8       __imp_SetUnhandledExceptionFilter 000000018001e2b8     kernel32:KERNEL32.dll
 0002:000002c0       __imp_GetCurrentProcess    000000018001e2c0     kernel32:KERNEL32.dll
 0002:000002c8       __imp_TerminateProcess     000000018001e2c8     kernel32:KERNEL32.dll
 0002:000002d0       __imp_IsProcessorFeaturePresent 000000018001e2d0     kernel32:KERNEL32.dll
 0002:000002d8       __imp_QueryPerformanceCounter 000000018001e2d8     kernel32:KERNEL32.dll
 0002:000002e0       __imp_GetSystemTimeAsFileTime 000000018001e2e0     kernel32:KERNEL32.dll
 0002:000002e8       __imp_InitializeSListHead  000000018001e2e8     kernel32:KERNEL32.dll
 0002:000002f0       __imp_GetStartupInfoW      000000018001e2f0     kernel32:KERNEL32.dll
 0002:000002f8       __imp_GetModuleHandleW     000000018001e2f8     kernel32:KERNEL32.dll
 0002:00000300       __imp_RtlUnwindEx          000000018001e300     kernel32:KERNEL32.dll
 0002:00000308       __imp_RtlPcToFileHeader    000000018001e308     kernel32:KERNEL32.dll
 0002:00000310       __imp_InterlockedFlushSList 000000018001e310     kernel32:KERNEL32.dll
 0002:00000318       __imp_EncodePointer        000000018001e318     kernel32:KERNEL32.dll
 0002:00000320       __imp_InitializeCriticalSectionAndSpinCount 000000018001e320     kernel32:KERNEL32.dll
 0002:00000328       __imp_TlsAlloc             000000018001e328     kernel32:KERNEL32.dll
 0002:00000330       __imp_TlsGetValue          000000018001e330     kernel32:KERNEL32.dll
 0002:00000338       __imp_TlsSetValue          000000018001e338     kernel32:KERNEL32.dll
 0002:00000340       __imp_TlsFree              000000018001e340     kernel32:KERNEL32.dll
 0002:00000348       __imp_LoadLibraryExW       000000018001e348     kernel32:KERNEL32.dll
 0002:00000350       __imp_ExitProcess          000000018001e350     kernel32:KERNEL32.dll
 0002:00000358       __imp_GetModuleHandleExW   000000018001e358     kernel32:KERNEL32.dll
 0002:00000360       __imp_GetFileType          000000018001e360     kernel32:KERNEL32.dll
 0002:00000368       __imp_FindClose            000000018001e368     kernel32:KERNEL32.dll
 0002:00000370       __imp_FindFirstFileExW     000000018001e370     kernel32:KERNEL32.dll
 0002:00000378       __imp_FindNextFileW        000000018001e378     kernel32:KERNEL32.dll
 0002:00000380       __imp_IsValidCodePage      000000018001e380     kernel32:KERNEL32.dll
 0002:00000388       __imp_GetACP               000000018001e388     kernel32:KERNEL32.dll
 0002:00000390       __imp_GetOEMCP             000000018001e390     kernel32:KERNEL32.dll
 0002:00000398       __imp_GetCPInfo            000000018001e398     kernel32:KERNEL32.dll
 0002:000003a0       __imp_GetCommandLineA      000000018001e3a0     kernel32:KERNEL32.dll
 0002:000003a8       __imp_GetCommandLineW      000000018001e3a8     kernel32:KERNEL32.dll
 0002:000003b0       __imp_GetEnvironmentStringsW 000000018001e3b0     kernel32:KERNEL32.dll
 0002:000003b8       __imp_FreeEnvironmentStringsW 000000018001e3b8     kernel32:KERNEL32.dll
 0002:000003c0       __imp_LCMapStringW         000000018001e3c0     kernel32:KERNEL32.dll
 0002:000003c8       \177KERNEL32_NULL_THUNK_DATA 000000018001e3c8     kernel32:KERNEL32.dll
 0002:000003d0       __imp_CharUpperBuffW       000000018001e3d0     user32:USER32.dll
 0002:000003d8       __imp_CharLowerBuffW       000000018001e3d8     user32:USER32.dll
 0002:000003e0       __imp_GetDC                000000018001e3e0     user32:USER32.dll
 0002:000003e8       __imp_FillRect             000000018001e3e8     user32:USER32.dll
 0002:000003f0       __imp_MessageBoxW          000000018001e3f0     user32:USER32.dll
 0002:000003f8       __imp_ReleaseDC            000000018001e3f8     user32:USER32.dll
 0002:00000400       __imp_DrawTextW            000000018001e400     user32:USER32.dll
 0002:00000408       \177USER32_NULL_THUNK_DATA 000000018001e408     user32:USER32.dll
 0002:00000410       __imp_GetFileVersionInfoW  000000018001e410     version:VERSION.dll
 0002:00000418       __imp_VerQueryValueW       000000018001e418     version:VERSION.dll
 0002:00000420       __imp_GetFileVersionInfoSizeW 000000018001e420     version:VERSION.dll
 0002:00000428       \177VERSION_NULL_THUNK_DATA 000000018001e428     version:VERSION.dll
 0002:00000430       __imp_CoInitializeEx       000000018001e430     ole32:ole32.dll
 0002:00000438       __imp_CoUninitialize       000000018001e438     ole32:ole32.dll
 0002:00000440       \177ole32_NULL_THUNK_DATA  000000018001e440     ole32:ole32.dll
 0002:00000448       __guard_check_icall_fptr   000000018001e448     LIBCMT:guard_support.obj
 0002:00000450       __guard_xfg_check_icall_fptr 000000018001e450     LIBCMT:guard_support.obj
 0002:00000458       __guard_dispatch_icall_fptr 000000018001e458     LIBCMT:guard_support.obj
 0002:00000460       __guard_xfg_dispatch_icall_fptr 000000018001e460     LIBCMT:guard_support.obj
 0002:00000468       __guard_xfg_table_dispatch_icall_fptr 000000018001e468     LIBCMT:guard_support.obj
 0002:00000470       __xc_a                     000000018001e470     LIBCMT:initializers.obj
 0002:00000478       __xc_z                     000000018001e478     LIBCMT:initializers.obj
 0002:00000480       __xi_a                     000000018001e480     LIBCMT:initializers.obj
 0002:00000488       __acrt_stdio_initializer   000000018001e488     libucrt:stdio_initializer.obj
 0002:00000490       __acrt_multibyte_initializer 000000018001e490     libucrt:multibyte_initializer.obj
 0002:00000498       __acrt_tran_fma3_initializer 000000018001e498     libucrt:fma3_initializer.obj
 0002:000004a0       __xi_z                     000000018001e4a0     LIBCMT:initializers.obj
 0002:000004a8       __xl_a                     000000018001e4a8     LIBCMT:tlssup.obj
 0002:000004b0       __xl_z                     000000018001e4b0     LIBCMT:tlssup.obj
 0002:000004b8       __xp_a                     000000018001e4b8     LIBCMT:initializers.obj
 0002:000004c0       __acrt_locale_terminator   000000018001e4c0     libucrt:locale_initializer.obj
 0002:000004c8       __dcrt_console_output_terminator 000000018001e4c8     libucrt:console_output_initializer.obj
 0002:000004d0       __acrt_stdio_terminator    000000018001e4d0     libucrt:stdio_initializer.obj
 0002:000004d8       __xp_z                     000000018001e4d8     LIBCMT:initializers.obj
 0002:000004e0       __xt_a                     000000018001e4e0     LIBCMT:initializers.obj
 0002:000004e8       __xt_z                     000000018001e4e8     LIBCMT:initializers.obj
 0002:000004f0       ??_C@_1BM@GCLEPEKO@?$AAP?$AAl?$AAu?$AAg?$AAi?$AAn?$AAE?$AAn?$AAa?$AAb?$AAl?$AAe?$AAd@ 000000018001e4f0     ConEmuBg.obj
 0002:00000510       ??_C@_1BM@NBLKFLKP@?$AAX?$AAm?$AAl?$AAC?$AAo?$AAn?$AAf?$AAi?$AAg?$AAF?$AAi?$AAl?$AAe@ 000000018001e510     ConEmuBg.obj
 0002:00000530       ??_C@_08BCACMCCB@ExitFARW@ 000000018001e530     ConEmuBg.obj
 0002:00000540       ??_C@_0L@DJCGGOCO@ConfigureW@ 000000018001e540     ConEmuBg.obj
 0002:00000550       ??_C@_1BO@DPOJIDLN@?$AAB?$AAa?$AAc?$AAk?$AAg?$AAr?$AAo?$AAu?$AAn?$AAd?$AA?4?$AAx?$AAm?$AAl@ 000000018001e550     ConEmuBg.obj
 0002:00000570       ??_C@_11LOCGONAA@@         000000018001e570     ConEmuBg.obj
 0002:00000580       ??_7MStream@@6B@           000000018001e580     ConEmuBg.obj
 0002:000005f8       ??_C@_13FPGAJAPJ@?$AA?2@   000000018001e5f8     ConEmuBg.obj
 0002:00000600       ??_C@_1FG@DPPGENBC@?$AAL?$AAo?$AAa?$AAd?$AAA?$AAp?$AAp?$AAV?$AAe?$AAr?$AAs?$AAi?$AAo?$AAn?$AA?4@ 000000018001e600     ConEmuBg.obj
 0002:00000660       ??_C@_1FK@HILEEFML@?$AAL?$AAo?$AAa?$AAd?$AAA?$AAp?$AAp?$AAV?$AAe?$AAr?$AAs?$AAi?$AAo?$AAn?$AA?4@ 000000018001e660     ConEmuBg.obj
 0002:000006c0       ??_C@_1GC@BINFLBDC@?$AAL?$AAo?$AAa?$AAd?$AAA?$AAp?$AAp?$AAV?$AAe?$AAr?$AAs?$AAi?$AAo?$AAn?$AA?5@ 000000018001e6c0     ConEmuBg.obj
 0002:00000730       ??_C@_1GC@CPPHDKJK@?$AAL?$AAo?$AAa?$AAd?$AAA?$AAp?$AAp?$AAV?$AAe?$AAr?$AAs?$AAi?$AAo?$AAn?$AA?4@ 000000018001e730     ConEmuBg.obj
 0002:000007a0       ??_C@_1EG@IINOBDEG@?$AAI?$AAn?$AAv?$AAa?$AAl?$AAi?$AAd?$AA?5?$AAa?$AAs?$AAM?$AAo?$AAd?$AAu?$AAl@ 000000018001e7a0     ConEmuBg.obj
 0002:000007e8       ??_C@_1CA@GGFPMHLH@?$AA?6?$AAE?$AAr?$AAr?$AAC?$AAo?$AAd?$AAe?$AA?$DN?$AA0?$AAx?$AA?$CF?$AA0?$AA8?$AAX@ 000000018001e7e8     ConEmuBg.obj
 0002:00000810       ??_C@_1FG@LNADFPCE@?$AAL?$AAo?$AAa?$AAd?$AAF?$AAa?$AAr?$AAV?$AAe?$AAr?$AAs?$AAi?$AAo?$AAn?$AA?4@ 000000018001e810     ConEmuBg.obj
 0002:00000868       ??_C@_1CC@JLFNPNCD@?$AAC?$AAo?$AAn?$AAE?$AAm?$AAu?$AAB?$AAg?$AA?0?$AA?5?$AAP?$AAI?$AAD?$AA?$DN?$AA?$CF@ 000000018001e868     ConEmuBg.obj
 0002:00000890       ??_C@_1O@DPFEOIGE@?$AA?$DM?$AAN?$AAU?$AAL?$AAL?$AA?$DO@ 000000018001e890     ConEmuBg.obj
 0002:000008a0       ??_C@_1BI@NADJHDOD@?$AA?6?$AAE?$AAx?$AAp?$AAa?$AAn?$AAd?$AAe?$AAd?$AA?3?$AA?5@ 000000018001e8a0     ConEmuBg.obj
 0002:000008b8       ??_C@_1CA@DIJECNLO@?$AA?6?$AAC?$AAo?$AAn?$AAf?$AAi?$AAg?$AA?5?$AAv?$AAa?$AAl?$AAu?$AAe?$AA?3?$AA?5@ 000000018001e8b8     ConEmuBg.obj
 0002:000008e0       ??_C@_1GC@JKFCNIDB@?$AAT?$AAo?$AAo?$AA?5?$AAl?$AAo?$AAn?$AAg?$AA?5?$AAx?$AAm?$AAl?$AA?5?$AAp?$AAa@ 000000018001e8e0     ConEmuBg.obj
 0002:00000950       ??_C@_1EE@OPEIBADO@?$AAC?$AAa?$AAn?$AA?8?$AAt?$AA?5?$AAi?$AAn?$AAi?$AAt?$AAi?$AAa?$AAl?$AAi?$AAz@ 000000018001e950     ConEmuBg.obj
 0002:000009a0       ??_C@_1EA@MFDKJDBE@?$AAC?$AAo?$AAn?$AAf?$AAi?$AAg?$AAu?$AAr?$AAa?$AAt?$AAi?$AAo?$AAn?$AA?5?$AAx@ 000000018001e9a0     ConEmuBg.obj
 0002:000009e0       ??_C@_1FM@NIEBMEBA@?$AAC?$AAa?$AAn?$AA?8?$AAt?$AA?5?$AAa?$AAl?$AAl?$AAo?$AAc?$AAa?$AAt?$AAe?$AA?5@ 000000018001e9e0     ConEmuBg.obj
 0002:00000a40       ??_C@_1GA@PEKCNEOL@?$AAC?$AAa?$AAn?$AA?8?$AAt?$AA?5?$AAr?$AAe?$AAa?$AAd?$AA?5?$AA?$CF?$AAu?$AA?5?$AAb@ 000000018001ea40     ConEmuBg.obj
 0002:00000aa0       ??_C@_1HE@IENNFNAG@?$AAC?$AAo?$AAn?$AAf?$AAi?$AAg?$AAu?$AAr?$AAa?$AAt?$AAi?$AAo?$AAn?$AA?5?$AAx@ 000000018001eaa0     ConEmuBg.obj
 0002:00000b20       ??_C@_1HA@MHONNEJA@?$AAC?$AAr?$AAe?$AAa?$AAt?$AAe?$AAC?$AAo?$AAm?$AAp?$AAa?$AAt?$AAi?$AAb?$AAl@ 000000018001eb20     ConEmuBg.obj
 0002:00000b90       ??_C@_1GC@KCIBPHOM@?$AAG?$AAe?$AAt?$AAM?$AAo?$AAd?$AAu?$AAl?$AAe?$AAF?$AAi?$AAl?$AAe?$AAN?$AAa@ 000000018001eb90     ConEmuBg.obj
 0002:00000bf8       ??_C@_1BI@LOJECBFD@?$AAG?$AAd?$AAi?$AAP?$AAl?$AAu?$AAs?$AA?4?$AAd?$AAl?$AAl@ 000000018001ebf8     ConEmuBg.obj
 0002:00000c10       ??_C@_1CO@CNEBCEFN@?$AAG?$AAd?$AAi?$AAP?$AAl?$AAu?$AAs?$AA?4?$AAd?$AAl?$AAl?$AA?5?$AAn?$AAo?$AAt@ 000000018001ec10     ConEmuBg.obj
 0002:00000c40       ??_C@_0P@NIGHOHPH@GdiplusStartup@ 000000018001ec40     ConEmuBg.obj
 0002:00000c50       ??_C@_0BA@OMKIAPCJ@GdiplusShutdown@ 000000018001ec50     ConEmuBg.obj
 0002:00000c60       ??_C@_0BJ@IPKMAACN@GdipCreateBitmapFromFile@ 000000018001ec60     ConEmuBg.obj
 0002:00000c80       ??_C@_0BC@DPLNHGNM@GdipGetImageWidth@ 000000018001ec80     ConEmuBg.obj
[...]
 0002:0000b3fc       $unwind$?fp_format_g@@YAHQEBNQEAD_K12H_NIW4__acrt_rounding_mode@@QEAU__crt_locale_pointers@@@Z 00000001800293fc     libucrt:cvt.obj
 0002:0000b410       $unwind$__acrt_uninitialize_locale 0000000180029410     libucrt:wsetlocale.obj
 0002:0000b410       $unwind$__acrt_get_sigabrt_handler 0000000180029410     libucrt:signal.obj
 0002:0000b418       $unwind$??$?RV<lambda_410d79af7f07d98d83a3f525b3859a53>@@AEAV<lambda_3e16ef9562a7dcce91392c22ab16ea36>@@V<lambda_38119f0e861e05405d8a144b9b982f0a>@@@?$__crt_seh_guarded_call@X@@QEAAX$$QEAV<lambda_410d79af7f07d98d83a3f525b3859a53>@@AEAV<lambda_3e16ef9562a7dcce91392c22ab16ea36>@@$$QEAV<lambda_38119f0e861e05405d8a144b9b982f0a>@@@Z 0000000180029418     libucrt:wsetlocale.obj
 0002:0000b440       $unwind$__acrt_initialize_lowio 0000000180029440     libucrt:ioinit.obj
 0002:0000b460       $unwind$?initialize_inherited_file_handles_nolock@@YAXXZ 0000000180029460     libucrt:ioinit.obj
 0002:0000b47c       $unwind$iswctype           000000018002947c     libucrt:iswctype.obj
 0002:0000b488       $unwind$_isctype_l         0000000180029488     libucrt:isctype.obj
 0002:0000b4a4       $unwind$??$common_expand_argv_wildcards@D@@YAHQEAPEADQEAPEAPEAD@Z 00000001800294a4     libucrt:argv_wildcards.obj
 0002:0000b4bc       $unwind$??$copy_and_add_argument_to_buffer@D@@YAHQEBD0_KAEAV?$argument_list@D@?A0x5f5c8891@@@Z 00000001800294bc     libucrt:argv_wildcards.obj
 0002:0000b4d8       $unwind$??$expand_argument_wildcards@D@@YAHQEAD0AEAV?$argument_list@D@?A0x5f5c8891@@@Z 00000001800294d8     libucrt:argv_wildcards.obj
 0002:0000b4fc       $unwind$__acrt_GetModuleFileNameA 00000001800294fc     libucrt:getmodulefilenamea.obj
 0002:0000b518       $unwind$_setmbcp_nolock    0000000180029518     libucrt:mbctype.obj
 0002:0000b538       $unwind$__dcrt_lowio_ensure_console_output_initialized 0000000180029538     libucrt:initcon.obj
 0002:0000b538       $unwind$_isleadbyte_l      0000000180029538     libucrt:_wctype.obj
 0002:0000b538       $unwind$?getSystemCP@@YAHH@Z 0000000180029538     libucrt:mbctype.obj
 0002:0000b540       $unwind$?update_thread_multibyte_data_internal@@YAPEAU__crt_multibyte_data@@QEAU__acrt_ptd@@QEAPEAU1@@Z 0000000180029540     libucrt:mbctype.obj
 0002:0000b568       $unwind$?setmbcp_internal@@YAHH_NQEAU__acrt_ptd@@QEAPEAU__crt_multibyte_data@@@Z 0000000180029568     libucrt:mbctype.obj
 0002:0000b578       $unwind$?setSBUpLow@@YAXPEAU__crt_multibyte_data@@@Z 0000000180029578     libucrt:mbctype.obj
 0002:0000b594       $unwind$??$?RV<lambda_efdfa57d1f175319df784efa44bb7b81>@@AEAV<lambda_5f0a4c1567f8adc6734073e5d1e1b35c>@@V<lambda_2e8a7d3640ea6ccb4c2413664c2db6fd>@@@?$__crt_seh_guarded_call@X@@QEAAX$$QEAV<lambda_efdfa57d1f175319df784efa44bb7b81>@@AEAV<lambda_5f0a4c1567f8adc6734073e5d1e1b35c>@@$$QEAV<lambda_2e8a7d3640ea6ccb4c2413664c2db6fd>@@@Z 0000000180029594     libucrt:mbctype.obj
 0002:0000b5b8       $unwind$?x_ismbbtype_l@@YAHPEAU__crt_locale_pointers@@IHH@Z 00000001800295b8     libucrt:ismbbyte.obj
 0002:0000b5c8       $unwind$__acrt_WideCharToMultiByte 00000001800295c8     libucrt:widechartomultibyte.obj
 0002:0000b5d4       $unwind$__acrt_initialize_winapi_thunks 00000001800295d4     libucrt:winapi_thunks.obj
 0002:0000b5dc       $unwind$_query_new_handler 00000001800295dc     libucrt:new_handler.obj
 0002:0000b5fc       $unwind$raise              00000001800295fc     libucrt:signal.obj
 0002:0000b638       $unwind$??$?RV<lambda_450d765d439847d4c735a33c368b5fc0>@@AEAV<lambda_44731a7d0e6d81c3e6aa82d741081786>@@V<lambda_601a2a7da3b7a96e9554ac7215c4b07c>@@@?$__crt_seh_guarded_call@P6AXH@Z@@QEAAP6AXH@Z$$QEAV<lambda_450d765d439847d4c735a33c368b5fc0>@@AEAV<lambda_44731a7d0e6d81c3e6aa82d741081786>@@$$QEAV<lambda_601a2a7da3b7a96e9554ac7215c4b07c>@@@Z 0000000180029638     libucrt:signal.obj
 0002:0000b65c       $unwind$?common_flush_all@@YAH_N@Z 000000018002965c     libucrt:fflush.obj
 0002:0000b664       $unwind$??$?RV<lambda_842d9ff0dc9ef11c61343bbaebe7f885>@@AEAV<lambda_c5860995281e5c4ce005b3de8f5874ee>@@V<lambda_d90129c13df834fdcbf8d2b88dafcf2d>@@@?$__crt_seh_guarded_call@X@@QEAAX$$QEAV<lambda_842d9ff0dc9ef11c61343bbaebe7f885>@@AEAV<lambda_c5860995281e5c4ce005b3de8f5874ee>@@$$QEAV<lambda_d90129c13df834fdcbf8d2b88dafcf2d>@@@Z 0000000180029664     libucrt:fflush.obj
 0002:0000b688       $unwind$??$?RV<lambda_886d6c58226a84441f68b9f2b8217b83>@@AEAV<lambda_ab61a845afdef5b7c387490eaf3616ee>@@V<lambda_f7f22ab5edc0698d5f6905b0d3f44752>@@@?$__crt_seh_guarded_call@X@@QEAAX$$QEAV<lambda_886d6c58226a84441f68b9f2b8217b83>@@AEAV<lambda_ab61a845afdef5b7c387490eaf3616ee>@@$$QEAV<lambda_f7f22ab5edc0698d5f6905b0d3f44752>@@@Z 0000000180029688     libucrt:fflush.obj
 0002:0000b6b0       $unwind$?__mbsrtowcs_utf8@__crt_mbstring@@YA_KPEA_WPEAPEBD_KPEAU_Mbstatet@@@Z 00000001800296b0     libucrt:mbrtowc.obj
 0002:0000b6c8       $unwind$__acrt_update_thread_locale_data 00000001800296c8     libucrt:locale_refcounting.obj
 0002:0000b6ec       $unwind$__acrt_fltout      00000001800296ec     libucrt:cfout.obj
 0002:0000b70c       $unwind$?divide@__crt_strtox@@YA_KAEAUbig_integer@1@AEBU21@@Z 000000018002970c     libucrt:cfout.obj
 0002:0000b724       $chain$0$?divide@__crt_strtox@@YA_KAEAUbig_integer@1@AEBU21@@Z 0000000180029724     libucrt:cfout.obj
 0002:0000b738       $chain$1$?divide@__crt_strtox@@YA_KAEAUbig_integer@1@AEBU21@@Z 0000000180029738     libucrt:cfout.obj
 0002:0000b748       $unwind$_fcloseall         0000000180029748     libucrt:closeall.obj
 0002:0000b76c       $unwind$__acrt_locale_free_monetary 000000018002976c     libucrt:initmon.obj
 0002:0000b774       $unwind$__acrt_locale_free_time 0000000180029774     libucrt:inittime.obj
 0002:0000b784       $unwind$__acrt_GetStringTypeA 0000000180029784     libucrt:getstringtypea.obj
 0002:0000b7ac       $unwind$__acrt_lowio_destroy_handle_array 00000001800297ac     libucrt:osfinfo.obj
 0002:0000b7bc       $unwind$__acrt_lowio_ensure_fh_exists 00000001800297bc     libucrt:osfinfo.obj
 0002:0000b7e8       $unwind$qsort              00000001800297e8     libucrt:qsort.obj
 0002:0000b800       $chain$4$qsort             0000000180029800     libucrt:qsort.obj
 0002:0000b824       $chain$5$qsort             0000000180029824     libucrt:qsort.obj
 0002:0000b834       $unwind$strpbrk            0000000180029834     libucrt:strpbrk.obj
 0002:0000b844       $unwind$fallbackMethod     0000000180029844     libucrt:strpbrk.obj
 0002:0000b854       $unwind$_mbsdec_l          0000000180029854     libucrt:mbsdec.obj
 0002:0000b860       $unwind$__acrt_LCMapStringA 0000000180029860     libucrt:lcmapstringa.obj
 0002:0000b870       $unwind$?__acrt_LCMapStringA_stat@@YAHPEAU__crt_locale_pointers@@PEB_WKPEBDHPEADHHH@Z 0000000180029870     libucrt:lcmapstringa.obj
 0002:0000b898       $unwind$_close             0000000180029898     libucrt:close.obj
 0002:0000b898       $unwind$_commit            0000000180029898     libucrt:commit.obj
 0002:0000b8a0       $unwind$??$?RV<lambda_a37b2b86f63e897a80ea819b0eb08c01>@@AEAV<lambda_38ce7e780aa69e748d6df282ebc68efe>@@V<lambda_99fb1378e971ab6e7edea83e3a7a83a2>@@@?$__crt_seh_guarded_call@H@@QEAAH$$QEAV<lambda_a37b2b86f63e897a80ea819b0eb08c01>@@AEAV<lambda_38ce7e780aa69e748d6df282ebc68efe>@@$$QEAV<lambda_99fb1378e971ab6e7edea83e3a7a83a2>@@@Z 00000001800298a0     libucrt:commit.obj
 0002:0000b8c4       $unwind$_write             00000001800298c4     libucrt:write.obj
 0002:0000b8f4       $unwind$_write_nolock      00000001800298f4     libucrt:write.obj
 0002:0000b90c       $unwind$?write_double_translated_ansi_nolock@@YA?AUwrite_result@?A0x17268360@@HQEBDI@Z 000000018002990c     libucrt:write.obj
 0002:0000b930       $unwind$?write_text_ansi_nolock@@YA?AUwrite_result@?A0x17268360@@HQEBDI@Z 0000000180029930     libucrt:write.obj
 0002:0000b930       $unwind$?write_text_utf16le_nolock@@YA?AUwrite_result@?A0x17268360@@HQEBDI@Z 0000000180029930     libucrt:write.obj
 0002:0000b950       $unwind$?write_text_utf8_nolock@@YA?AUwrite_result@?A0x17268360@@HQEBDI@Z 0000000180029950     libucrt:write.obj
 0002:0000b974       $unwind$?__mbrtoc32_utf8@__crt_mbstring@@YA_KPEA_UPEBD_KPEAU_Mbstatet@@@Z 0000000180029974     libucrt:mbrtoc32.obj
 0002:0000b990       $xdatasym                  0000000180029990     libucrt:log10.obj
 0002:0000b99c       $unwind$__acrt_fenv_set_control 000000018002999c     libucrt:_fenvutils.obj
 0002:0000b9ac       $unwind$fclose             00000001800299ac     libucrt:fclose.obj
 0002:0000b9d0       $unwind$_putwch_nolock     00000001800299d0     libucrt:putwch.obj
 0002:0000b9d8       $unwind$common_control87   00000001800299d8     libucrt:ieee.obj
 0002:0000ba04       $unwind$_handle_error      0000000180029a04     libucrt:libm_error.obj
 0002:0000ba24       $unwind$__acrt_initialize_fma3 0000000180029a24     libucrt:fma3_available.obj
 0002:0000ba2c       $unwind$_log_special_common 0000000180029a2c     libucrt:log_special.obj
 0002:0000ba38       $unwind$??$?RV<lambda_751a882b2c74d4b022dec766aa51a29a>@@AEAV<lambda_628dfdc04ba53c8bfc02c9951375f3f5>@@V<lambda_f6c7be5f7998530c34de24c7437d6b54>@@@?$__crt_seh_guarded_call@H@@QEAAH$$QEAV<lambda_751a882b2c74d4b022dec766aa51a29a>@@AEAV<lambda_628dfdc04ba53c8bfc02c9951375f3f5>@@$$QEAV<lambda_f6c7be5f7998530c34de24c7437d6b54>@@@Z 0000000180029a38     libucrt:close.obj
 0002:0000ba60       $xdatasym                  0000000180029a60     libucrt:fpsr.obj
 0002:0000ba68       $unwind$_raise_exc         0000000180029a68     libucrt:fpexcept.obj
 0002:0000ba70       $unwind$_raise_exc_ex      0000000180029a70     libucrt:fpexcept.obj
 0002:0000ba84       $unwind$_ctrlfp            0000000180029a84     libucrt:fpctrl.obj
 0002:0000baac       $unwind$_IsNonwritableInCurrentImage 0000000180029aac     LIBCMT:pesect.obj
 0002:0000bad0       $xdatasym                  0000000180029ad0     LIBCMT:chkstk.obj
 0002:0000bad8       $xdatasym                  0000000180029ad8     libvcruntime:memcmp.obj
 0002:0000bb70       .edata                     0000000180029b70     ConEmuBg.x64.exp
 0002:0000bb98       rgpv                       0000000180029b98     ConEmuBg.x64.exp
 0002:0000bbd4       rgszName                   0000000180029bd4     ConEmuBg.x64.exp
 0002:0000bc10       rgwOrd                     0000000180029c10     ConEmuBg.x64.exp
 0002:0000bc2e       szName                     0000000180029c2e     ConEmuBg.x64.exp
 0002:0000bc3f       $N00001                    0000000180029c3f     ConEmuBg.x64.exp
 0002:0000bc4e       $N00002                    0000000180029c4e     ConEmuBg.x64.exp
 0002:0000bc5d       $N00003                    0000000180029c5d     ConEmuBg.x64.exp
 0002:0000bc63       $N00004                    0000000180029c63     ConEmuBg.x64.exp
 0002:0000bc6d       $N00005                    0000000180029c6d     ConEmuBg.x64.exp
 0002:0000bc78       $N00006                    0000000180029c78     ConEmuBg.x64.exp
 0002:0000bc80       $N00007                    0000000180029c80     ConEmuBg.x64.exp
 0002:0000bc89       $N00008                    0000000180029c89     ConEmuBg.x64.exp
 0002:0000bc98       $N00009                    0000000180029c98     ConEmuBg.x64.exp
 0002:0000bca9       $N00010                    0000000180029ca9     ConEmuBg.x64.exp
 0002:0000bcbb       $N00011                    0000000180029cbb     ConEmuBg.x64.exp
 0002:0000bcc9       $N00012                    0000000180029cc9     ConEmuBg.x64.exp
 0002:0000bcd4       $N00013                    0000000180029cd4     ConEmuBg.x64.exp
 0002:0000bce0       $N00014                    0000000180029ce0     ConEmuBg.x64.exp
 0002:0000bcef       $N00015                    0000000180029cef     ConEmuBg.x64.exp
 0002:0000c21a       .idata$6                   000000018002a21a     version:VERSION.dll
 0002:0000c4f4       .idata$6                   000000018002a4f4     kernel32:KERNEL32.dll
 0002:0000c560       .idata$6                   000000018002a560     user32:USER32.dll
 0002:0000c626       .idata$6                   000000018002a626     gdi32:GDI32.dll
 0002:0000c686       .idata$6                   000000018002a686     advapi32:ADVAPI32.dll
 0002:0000c6b8       .idata$6                   000000018002a6b8     ole32:ole32.dll
 0003:000000b0       ?items@?1??ConfigureProc@@YAHH@Z@4PAUFarDialogItem@@A 000000018002b0b0     ConEmuBg1900.obj
 0003:00000370       ?items@?1??ConfigureProc@@YAHH@Z@4PAUFarDialogItem@@A 000000018002b370     ConEmuBg2800.obj
 0003:000006f0       ?items@?1??ConfigureProc@@YAHH@Z@4PAUFarDialogItem@@A 000000018002b6f0     ConEmuBg995.obj
 0003:000008b0       ?items@?1??ConfigureProc@@YAHH@Z@4PAUFarDialogItem@@A 000000018002b8b0     ConEmuBgA.obj
 0003:00001a30       ?__vcrt_flsindex@@3KA      000000018002ca30     libvcruntime:per_thread_data.obj
 0003:00001a50       ?errno_no_memory@@3HA      000000018002ca50     libucrt:errno.obj
 0003:00001a54       ?doserrno_no_memory@@3KA   000000018002ca54     libucrt:errno.obj
 0003:00001a58       ?__acrt_flsindex@@3KA      000000018002ca58     libucrt:per_thread_data.obj
 0003:00001f20       _mbctypes                  000000018002cf20     libucrt:mbctype.obj
 0003:00002030       _mbcasemaps                000000018002d030     libucrt:mbctype.obj
 0003:00002130       ?__rgctypeflag@@3PADA      000000018002d130     libucrt:mbctype.obj
 0003:00002140       ?__rgcode_page_info@@3PAUcode_page_info@@A 000000018002d140     libucrt:mbctype.obj
 0003:000023e0       ?dazSupported@?1??common_control87@@9@9 000000018002d3e0     libucrt:ieee.obj
 0003:000023f0       ?__dcrt_lowio_console_output_handle@@3PEAXEA 000000018002d3f0     libucrt:initcon.obj
 0003:00002400       ?dazSupported@?1??_ctrlfp@@9@9 000000018002d400     libucrt:fpctrl.obj
 0003:00002790       ?gfRegisterBackground@@3P6AHPEAURegisterBackgroundArg@@@ZEA 000000018002d790     ConEmuBg.obj
 0003:000027a0       ?bWasRegistered@?1??StartPlugin@@YAXH@Z@4_NA 000000018002d7a0     ConEmuBg.obj
 0003:000027b8       ?szMenu@?1??GetPluginInfoW1900@@YAXPEAX@Z@4PAPEA_WA 000000018002d7b8     ConEmuBg1900.obj
 0003:000027c0       ?szMenu1@?1??GetPluginInfoW1900@@YAXPEAX@Z@4PA_WA 000000018002d7c0     ConEmuBg1900.obj
 0003:000029d0       ?szMenu@?1??GetPluginInfoW2800@@YAXPEAX@Z@4PAPEA_WA 000000018002d9d0     ConEmuBg2800.obj
 0003:000029e0       ?szMenu1@?1??GetPluginInfoW2800@@YAXPEAX@Z@4PA_WA 000000018002d9e0     ConEmuBg2800.obj
 0003:00002bf0       ?gszRootKeyW995@@3PEA_WEA  000000018002dbf0     ConEmuBg995.obj
 0003:00002bf8       ?szMenu@?1??GetPluginInfoW995@@YAXPEAX@Z@4PAPEA_WA 000000018002dbf8     ConEmuBg995.obj
 0003:00002c00       ?szMenu1@?1??GetPluginInfoW995@@YAXPEAX@Z@4PA_WA 000000018002dc00     ConEmuBg995.obj
 0003:00002e10       ?gszRootKeyA@@3PEA_WEA     000000018002de10     ConEmuBgA.obj
 0003:00002e18       ?szMenu@?1??GetPluginInfo@@9@4PAPEADA 000000018002de18     ConEmuBgA.obj
 0003:00002e20       ?szMenu1@?1??GetPluginInfo@@9@4PADA 000000018002de20     ConEmuBgA.obj
 0003:00002f28       ?gHeapInit@?A0x8f3601b8@@3U?$atomic@H@std@@A 000000018002df28     common-kernel64:Memory.obj
 0003:00002f2c       ?gHeapCounter@?A0x8f3601b8@@3U?$atomic@H@std@@A 000000018002df2c     common-kernel64:Memory.obj
 0003:00002f30       ?ghHeap@?A0x8f3601b8@@3PEAXEA 000000018002df30     common-kernel64:Memory.obj
 0003:00002f50       ?g_Threads@@3PAUConEmuThreadInfo@@A 000000018002df50     common-kernel64:WThreads.obj
 0003:0000b750       ?gh_UnknownTerminatedThread@@3PEAXEA 0000000180036750     common-kernel64:WThreads.obj
 0003:0000b760       GS_ExceptionRecord         0000000180036760     LIBCMT:gs_report.obj
 0003:0000b800       GS_ContextRecord           0000000180036800     LIBCMT:gs_report.obj
 0003:0000bcd4       ?__proc_attached@@3HA      0000000180036cd4     LIBCMT:dll_dllmain.obj
 0003:0000bd08       ?is_initialized_as_dll@@3_NA 0000000180036d08     LIBCMT:utility.obj
 0003:0000bd09       ?module_local_atexit_table_initialized@@3_NA 0000000180036d09     LIBCMT:utility.obj
 0003:0000bd10       ?module_local_atexit_table@@3U_onexit_table_t@@A 0000000180036d10     LIBCMT:utility.obj
 0003:0000bd28       ?module_local_at_quick_exit_table@@3U_onexit_table_t@@A 0000000180036d28     LIBCMT:utility.obj
 0003:0000bd60       ?__vcrt_startup_thread_ptd@@3U__vcrt_ptd@@A 0000000180036d60     libvcruntime:per_thread_data.obj
 0003:0000be20       ?heap@@3V_HeapManager@@A   0000000180036e20     libvcruntime:undname.obj
 0003:0000be48       __vcrt_lock_table          0000000180036e48     libvcruntime:locks.obj
 0003:0000be70       __vcrt_locks_initialized   0000000180036e70     libvcruntime:locks.obj
 0003:0000be78       ?module_handles@@3PAPEAUHINSTANCE__@@A 0000000180036e78     libvcruntime:winapi_downlevel.obj
 0003:0000be90       ?function_pointers@@3PAPEAXA 0000000180036e90     libvcruntime:winapi_downlevel.obj
 0003:0000bec0       ?__acrt_invalid_parameter_handler@@3V?$dual_state_global@P6AXPEB_W00I_K@Z@__crt_state_management@@A 0000000180036ec0     libucrt:invalid_parameter.obj
 0003:0000bec8       ?c_termination_complete@@3JA 0000000180036ec8     libucrt:exit.obj
 0003:0000bed0       ?thread_local_exit_callback_func@@3P6AXPEAXK0@ZEA 0000000180036ed0     libucrt:exit.obj
 0003:0000bee0       ?program_name@?1???$common_configure_argv@D@@YAHW4_crt_argv_mode@@@Z@4PADA 0000000180036ee0     libucrt:argv_parsing.obj
 0003:0000c038       ?internal_state@?1??_mbtowc_l@@9@4U_Mbstatet@@A 0000000180037038     libucrt:mbtowc.obj
 0003:0000c050       ?enable_percent_n@@3_KA    0000000180037050     libucrt:printf_count_output.obj
 0003:0000c490       ?__acrt_lock_table@@3PAU_RTL_CRITICAL_SECTION@@A 0000000180037490     libucrt:locks.obj
 0003:0000c6c0       ?__acrt_locks_initialized@@3IA 00000001800376c0     libucrt:locks.obj
 0003:0000c6e0       ?fSystemSet@@3HA           00000001800376e0     libucrt:mbctype.obj
 0003:0000c6e4       ?initialized@?1??__acrt_initialize_multibyte@@9@4_NA 00000001800376e4     libucrt:mbctype.obj
 0003:0000c720       ?module_handles@@3PAPEAUHINSTANCE__@@A 0000000180037720     libucrt:winapi_thunks.obj
 0003:0000c7c0       ?encoded_function_pointers@@3PAPEAXA 00000001800377c0     libucrt:winapi_thunks.obj
 0003:0000c8d8       ?__acrt_new_handler@@3V?$dual_state_global@P6AH_K@Z@__crt_state_management@@A 00000001800378d8     libucrt:new_handler.obj
 0003:0000c8e0       ?ctrlc_action@@3V?$dual_state_global@P6AXH@Z@__crt_state_management@@A 00000001800378e0     libucrt:signal.obj
 0003:0000c8e8       ?ctrlbreak_action@@3V?$dual_state_global@P6AXH@Z@__crt_state_management@@A 00000001800378e8     libucrt:signal.obj
 0003:0000c8f0       ?abort_action@@3V?$dual_state_global@P6AXH@Z@__crt_state_management@@A 00000001800378f0     libucrt:signal.obj
 0003:0000c8f8       ?term_action@@3V?$dual_state_global@P6AXH@Z@__crt_state_management@@A 00000001800378f8     libucrt:signal.obj
 0003:0000c900       ?user_matherr@@3V?$dual_state_global@P6AHPEAU_exception@@@Z@__crt_state_management@@A 0000000180037900     libucrt:matherr.obj
 0003:0000c908       ?__acrt_global_new_mode@@3V?$dual_state_global@J@__crt_state_management@@A 0000000180037908     libucrt:new_mode.obj
 0003:0000c918       ?internal_pst@?1??__mbrtoc32_utf8@__crt_mbstring@@YA_KPEA_UPEBD_KPEAU_Mbstatet@@@Z@4U3@A 0000000180037918     libucrt:mbrtoc32.obj
 0003:0000c920       ?__acrt_app_type@@3W4_crt_app_type@@A 0000000180037920     libucrt:report_runtime_error.obj
 0005:00000000       MoveSmall                  000000018003a000     libvcruntime:memcpy.obj
 0005:00000040       MoveSmallYmm               000000018003a040     libvcruntime:memcpy.obj
 0005:00000064       MoveSmallYmmNT             000000018003a064     libvcruntime:memcpy.obj
 0005:00000088       MoveSmallXmm               000000018003a088     libvcruntime:memcpy.obj
 0005:000000b0       MsetTab                    000000018003a0b0     libvcruntime:memset.obj
 0006:000000a0       $R000000                   000000018003b0a0     ConEmuBg.res
 0006:000003c0       $R000320                   000000018003b3c0     ConEmuBg.res
